Archive member included to satisfy reference by file (symbol)

c:/program files/microchip/xc8/v3.10/avr/bin/../lib/gcc/avr/5.4.0/../../../../avr/lib/avrxmega4/memx-const/mapped\libm.a(addsf3.o)
                              build/default/debug/main.o (__subsf3)
c:/program files/microchip/xc8/v3.10/avr/bin/../lib/gcc/avr/5.4.0/../../../../avr/lib/avrxmega4/memx-const/mapped\libm.a(addsf3x.o)
                              c:/program files/microchip/xc8/v3.10/avr/bin/../lib/gcc/avr/5.4.0/../../../../avr/lib/avrxmega4/memx-const/mapped\libm.a(addsf3.o) (__addsf3x)
c:/program files/microchip/xc8/v3.10/avr/bin/../lib/gcc/avr/5.4.0/../../../../avr/lib/avrxmega4/memx-const/mapped\libm.a(cmpsf2.o)
                              build/default/debug/main.o (__ltsf2)
c:/program files/microchip/xc8/v3.10/avr/bin/../lib/gcc/avr/5.4.0/../../../../avr/lib/avrxmega4/memx-const/mapped\libm.a(divsf3.o)
                              build/default/debug/main.o (__divsf3)
c:/program files/microchip/xc8/v3.10/avr/bin/../lib/gcc/avr/5.4.0/../../../../avr/lib/avrxmega4/memx-const/mapped\libm.a(divsf3x.o)
                              c:/program files/microchip/xc8/v3.10/avr/bin/../lib/gcc/avr/5.4.0/../../../../avr/lib/avrxmega4/memx-const/mapped\libm.a(divsf3.o) (__divsf3x)
c:/program files/microchip/xc8/v3.10/avr/bin/../lib/gcc/avr/5.4.0/../../../../avr/lib/avrxmega4/memx-const/mapped\libm.a(fixunssfsi.o)
                              build/default/debug/main.o (__fixunssfsi)
c:/program files/microchip/xc8/v3.10/avr/bin/../lib/gcc/avr/5.4.0/../../../../avr/lib/avrxmega4/memx-const/mapped\libm.a(floatsisf.o)
                              build/default/debug/main.o (__floatunsisf)
c:/program files/microchip/xc8/v3.10/avr/bin/../lib/gcc/avr/5.4.0/../../../../avr/lib/avrxmega4/memx-const/mapped\libm.a(fp_cmp.o)
                              c:/program files/microchip/xc8/v3.10/avr/bin/../lib/gcc/avr/5.4.0/../../../../avr/lib/avrxmega4/memx-const/mapped\libm.a(cmpsf2.o) (__fp_cmp)
c:/program files/microchip/xc8/v3.10/avr/bin/../lib/gcc/avr/5.4.0/../../../../avr/lib/avrxmega4/memx-const/mapped\libm.a(fp_inf.o)
                              c:/program files/microchip/xc8/v3.10/avr/bin/../lib/gcc/avr/5.4.0/../../../../avr/lib/avrxmega4/memx-const/mapped\libm.a(addsf3x.o) (__fp_inf)
c:/program files/microchip/xc8/v3.10/avr/bin/../lib/gcc/avr/5.4.0/../../../../avr/lib/avrxmega4/memx-const/mapped\libm.a(fp_nan.o)
                              c:/program files/microchip/xc8/v3.10/avr/bin/../lib/gcc/avr/5.4.0/../../../../avr/lib/avrxmega4/memx-const/mapped\libm.a(addsf3x.o) (__fp_nan)
c:/program files/microchip/xc8/v3.10/avr/bin/../lib/gcc/avr/5.4.0/../../../../avr/lib/avrxmega4/memx-const/mapped\libm.a(fp_pscA.o)
                              c:/program files/microchip/xc8/v3.10/avr/bin/../lib/gcc/avr/5.4.0/../../../../avr/lib/avrxmega4/memx-const/mapped\libm.a(addsf3x.o) (__fp_pscA)
c:/program files/microchip/xc8/v3.10/avr/bin/../lib/gcc/avr/5.4.0/../../../../avr/lib/avrxmega4/memx-const/mapped\libm.a(fp_pscB.o)
                              c:/program files/microchip/xc8/v3.10/avr/bin/../lib/gcc/avr/5.4.0/../../../../avr/lib/avrxmega4/memx-const/mapped\libm.a(addsf3x.o) (__fp_pscB)
c:/program files/microchip/xc8/v3.10/avr/bin/../lib/gcc/avr/5.4.0/../../../../avr/lib/avrxmega4/memx-const/mapped\libm.a(fp_round.o)
                              c:/program files/microchip/xc8/v3.10/avr/bin/../lib/gcc/avr/5.4.0/../../../../avr/lib/avrxmega4/memx-const/mapped\libm.a(addsf3.o) (__fp_round)
c:/program files/microchip/xc8/v3.10/avr/bin/../lib/gcc/avr/5.4.0/../../../../avr/lib/avrxmega4/memx-const/mapped\libm.a(fp_split3.o)
                              c:/program files/microchip/xc8/v3.10/avr/bin/../lib/gcc/avr/5.4.0/../../../../avr/lib/avrxmega4/memx-const/mapped\libm.a(addsf3x.o) (__fp_split3)
c:/program files/microchip/xc8/v3.10/avr/bin/../lib/gcc/avr/5.4.0/../../../../avr/lib/avrxmega4/memx-const/mapped\libm.a(fp_zero.o)
                              c:/program files/microchip/xc8/v3.10/avr/bin/../lib/gcc/avr/5.4.0/../../../../avr/lib/avrxmega4/memx-const/mapped\libm.a(addsf3x.o) (__fp_zero)
c:/program files/microchip/xc8/v3.10/avr/bin/../lib/gcc/avr/5.4.0/../../../../avr/lib/avrxmega4/memx-const/mapped\libm.a(mulsf3.o)
                              build/default/debug/main.o (__mulsf3)
c:/program files/microchip/xc8/v3.10/avr/bin/../lib/gcc/avr/5.4.0/../../../../avr/lib/avrxmega4/memx-const/mapped\libm.a(mulsf3x.o)
                              c:/program files/microchip/xc8/v3.10/avr/bin/../lib/gcc/avr/5.4.0/../../../../avr/lib/avrxmega4/memx-const/mapped\libm.a(mulsf3.o) (__mulsf3x)
c:/program files/microchip/xc8/v3.10/avr/bin/../lib/gcc/avr/5.4.0/avrxmega4/memx-const/mapped\libgcc.a(_udivmodhi4.o)
                              build/default/debug/main.o (__udivmodhi4)
c:/program files/microchip/xc8/v3.10/avr/bin/../lib/gcc/avr/5.4.0/avrxmega4/memx-const/mapped\libgcc.a(_tablejump2.o)
[...]
Memory Configuration

Name             Origin             Length             Attributes
text             0x0000000000000000 0x0000000000020000 xr
data             0x0000000000804000 0x0000000000004000 rw !x
eeprom           0x0000000000810000 0x0000000000000200 rw !x
fuse             0x0000000000820000 0x0000000000000010 rw !x
lock             0x0000000000830000 0x0000000000000400 rw !x
signature        0x0000000000840000 0x0000000000000400 rw !x
user_signatures  0x0000000000850000 0x0000000000000400 rw !x
bootrow          0x0000000000860000 0x0000000000000400 rw !x
*default*        0x0000000000000000 0xffffffffffffffff

Linker script and memory map

Address of section .data set to 0x804000
                0x0000000000008000                __RODATA_PM_OFFSET__ = 0x8000
LOAD C:/Program Files/Microchip/MPLABX/v6.25/packs/Microchip/AVR-Dx_DFP/2.7.321/xc8/avr/lib/avrxmega4/memx-const/mapped/crtavr128db32.o
                0x0000000000000001                __MPLAB_BUILD = 0x1
LOAD build/default/debug/mcc_generated_files/adc/src/adc0.o
LOAD build/default/debug/mcc_generated_files/evsys/src/evsys.o
LOAD build/default/debug/mcc_generated_files/i2c_client/src/twi0.o
LOAD build/default/debug/mcc_generated_files/i2c_host/src/twi1.o
LOAD build/default/debug/mcc_generated_files/nvm/src/nvm.o
LOAD build/default/debug/mcc_generated_files/power/src/power.o
LOAD build/default/debug/mcc_generated_files/reset/src/rstctrl.o
LOAD build/default/debug/mcc_generated_files/system/src/system.o
LOAD build/default/debug/mcc_generated_files/system/src/clock.o
LOAD build/default/debug/mcc_generated_files/system/src/interrupt.o
LOAD build/default/debug/mcc_generated_files/system/src/pins.o
LOAD build/default/debug/mcc_generated_files/system/src/config_bits.o
LOAD build/default/debug/mcc_generated_files/system/src/protected_io.o
LOAD build/default/debug/mcc_generated_files/timer/src/rtc.o
LOAD build/default/debug/mcc_generated_files/timer/src/tcb0.o
LOAD build/default/debug/mcc_generated_files/timer/src/delay.o
LOAD build/default/debug/mcc_generated_files/timer/src/tca0.o
LOAD build/default/debug/mcc_generated_files/vref/src/vref.o
LOAD build/default/debug/main.o
LOAD build/default/debug/Libraries/src/I2C.o
LOAD build/default/debug/Libraries/src/Timed_Functions.o
START GROUP
LOAD c:/program files/microchip/xc8/v3.10/avr/bin/../lib/gcc/avr/5.4.0/../../../../avr/lib/avrxmega4/memx-const/mapped\libm.a
END GROUP
                0x0000000000000001                __MPLAB_DEBUG = 0x1
                0x0000000000000001                __DEBUG = 0x1
START GROUP
LOAD c:/program files/microchip/xc8/v3.10/avr/bin/../lib/gcc/avr/5.4.0/avrxmega4/memx-const/mapped\libgcc.a
LOAD c:/program files/microchip/xc8/v3.10/avr/bin/../lib/gcc/avr/5.4.0/../../../../avr/lib/avrxmega4/memx-const/mapped\libm.a
LOAD c:/program files/microchip/xc8/v3.10/avr/bin/../lib/gcc/avr/5.4.0/../../../../avr/lib/avrxmega4/memx-const/mapped\libc.a
LOAD C:/Program Files/Microchip/MPLABX/v6.25/packs/Microchip/AVR-Dx_DFP/2.7.321/xc8/avr/lib/avrxmega4/memx-const/mapped\libavr128db32.a
END GROUP
                [0x0000000000000000]                __TEXT_REGION_ORIGIN__ = DEFINED (__TEXT_REGION_ORIGIN__)?__TEXT_REGION_ORIGIN__:0x0
                [0x0000000000804000]                __DATA_REGION_ORIGIN__ = DEFINED (__DATA_REGION_ORIGIN__)?__DATA_REGION_ORIGIN__:0x802000
                [0x0000000000020000]                __TEXT_REGION_LENGTH__ = DEFINED (__TEXT_REGION_LENGTH__)?__TEXT_REGION_LENGTH__:0x100000
                [0x0000000000004000]                __DATA_REGION_LENGTH__ = DEFINED (__DATA_REGION_LENGTH__)?__DATA_REGION_LENGTH__:0xffa0
                [0x0000000000000200]                __EEPROM_REGION_LENGTH__ = DEFINED (__EEPROM_REGION_LENGTH__)?__EEPROM_REGION_LENGTH__:0x10000
                [0x0000000000000010]                __FUSE_REGION_LENGTH__ = DEFINED (__FUSE_REGION_LENGTH__)?__FUSE_REGION_LENGTH__:0x400
                0x0000000000000400                __LOCK_REGION_LENGTH__ = DEFINED (__LOCK_REGION_LENGTH__)?__LOCK_REGION_LENGTH__:0x400
                0x0000000000000400                __SIGNATURE_REGION_LENGTH__ = DEFINED (__SIGNATURE_REGION_LENGTH__)?__SIGNATURE_REGION_LENGTH__:0x400
                0x0000000000000400                __USER_SIGNATURE_REGION_LENGTH__ = DEFINED (__USER_SIGNATURE_REGION_LENGTH__)?__USER_SIGNATURE_REGION_LENGTH__:0x400
                0x0000000000000400                __BOOTROW_REGION_LENGTH__ = DEFINED (__BOOTROW_REGION_LENGTH__)?__BOOTROW_REGION_LENGTH__:0x400

.hash
 *(.hash)

.dynsym
 *(.dynsym)

.dynstr
 *(.dynstr)

.gnu.version
 *(.gnu.version)

.gnu.version_d
 *(.gnu.version_d)

.gnu.version_r
 *(.gnu.version_r)

.rel.init
 *(.rel.init)

.rela.init
 *(.rela.init)

.rel.text
 *(.rel.text)
 *(.rel.text.*)
 *(.rel.gnu.linkonce.t*)

.rela.text
 *(.rela.text)
 *(.rela.text.*)
 *(.rela.gnu.linkonce.t*)

.rel.fini
 *(.rel.fini)

.rela.fini
 *(.rela.fini)

.rel.rodata
 *(.rel.rodata)
 *(.rel.rodata.*)
 *(.rel.gnu.linkonce.r*)

.rela.rodata
 *(.rela.rodata)
 *(.rela.rodata.*)
 *(.rela.gnu.linkonce.r*)

.rel.data
 *(.rel.data)
 *(.rel.data.*)
 *(.rel.gnu.linkonce.d*)

.rela.data
 *(.rela.data)
 *(.rela.data.*)
 *(.rela.gnu.linkonce.d*)

.rel.ctors
 *(.rel.ctors)

.rela.ctors
 *(.rela.ctors)

.rel.dtors
 *(.rel.dtors)

.rela.dtors
 *(.rela.dtors)

.rel.got
 *(.rel.got)

.rela.got
 *(.rela.got)

.rel.bss
 *(.rel.bss)

.rela.bss
 *(.rela.bss)

.rel.plt
 *(.rel.plt)

.rela.plt
 *(.rela.plt)

.text           0x0000000000000000      0x1f6
 *(.vectors)
 .vectors       0x0000000000000000       0xb0 C:/Program Files/Microchip/MPLABX/v6.25/packs/Microchip/AVR-Dx_DFP/2.7.321/xc8/avr/lib/avrxmega4/memx-const/mapped/crtavr128db32.o
                0x0000000000000000                __vector_default
                0x0000000000000000                __vectors
 *(.vectors)
 *(.progmem.gcc*)
 .progmem.gcc_sw_table.ADC0_Conversion_Done_ISR
                0x00000000000000b0       0x10 build/default/debug/main.o
 .progmem.gcc_sw_table.main
                0x00000000000000c0       0x14 build/default/debug/main.o
 .progmem.gcc_sw_table.Set_LTC2943_REG
                0x00000000000000d4       0x2e build/default/debug/Libraries/src/I2C.o
 .progmem.gcc_sw_table.Get_LTC2943_REG
                0x0000000000000102       0x30 build/default/debug/Libraries/src/I2C.o
 .progmem.gcc_sw_table.Get_Battery_Charge_In_mAh
                0x0000000000000132        0xe build/default/debug/Libraries/src/I2C.o
 .progmem.gcc_sw_table.Set_Error_Pattern
                0x0000000000000140       0x16 build/default/debug/Libraries/src/Timed_Functions.o
 *(.dinit)
 .dinit         0x0000000000000156       0x35 data_init
                0x000000000000018c                . = ALIGN (0x2)
 *fill*         0x000000000000018b        0x1 
                0x000000000000018c                __trampolines_start = .
 *(.trampolines)
 .trampolines   0x000000000000018c        0x0 linker stubs
 *(.trampolines*)
                0x000000000000018c                __trampolines_end = .
 *libprintf_flt.a:*(.progmem.data)
 *libc.a:*(.progmem.data)
                0x000000000000018c                . = ALIGN (0x2)
 *(.jumptables)
 *(.jumptables*)
 *(.lowtext)
 *(.lowtext*)
                0x000000000000018c                __ctors_start = .
 *(.ctors)
                0x000000000000018c                __ctors_end = .
                0x000000000000018c                __dtors_start = .
 *(.dtors)
                0x000000000000018c                __dtors_end = .
 SORT(*)(.ctors)
 SORT(*)(.dtors)
 *(.init0)
 .init0         0x000000000000018c        0x0 C:/Program Files/Microchip/MPLABX/v6.25/packs/Microchip/AVR-Dx_DFP/2.7.321/xc8/avr/lib/avrxmega4/memx-const/mapped/crtavr128db32.o
                0x000000000000018c                __init
 *(.init0)
 *(.init1)
 .init1         0x000000000000018c       0x12 C:/Program Files/Microchip/MPLABX/v6.25/packs/Microchip/AVR-Dx_DFP/2.7.321/xc8/avr/lib/avrxmega4/memx-const/mapped/crtavr128db32.o
 *(.init1)
 *(.init2)
 .init2         0x000000000000019e        0xc C:/Program Files/Microchip/MPLABX/v6.25/packs/Microchip/AVR-Dx_DFP/2.7.321/xc8/avr/lib/avrxmega4/memx-const/mapped/crtavr128db32.o
 *(.init2)
 *(.init3)
 *(.init3)
 *(.init4)
 .init4         0x00000000000001aa       0x40 c:/program files/microchip/xc8/v3.10/avr/bin/../lib/gcc/avr/5.4.0/avrxmega4/memx-const/mapped\libgcc.a(_copy_data.o)
                0x00000000000001aa                __do_copy_data
                0x00000000000001dc                __do_clear_bss
 *(.init4)
 *(.init5)
 *(.init5)
 *(.init6)
 *(.init6)
 *(.init7)
 *(.init7)
 *(.init8)
 *(.init8)
 *(.init9)
 .init9         0x00000000000001ea        0x8 C:/Program Files/Microchip/MPLABX/v6.25/packs/Microchip/AVR-Dx_DFP/2.7.321/xc8/avr/lib/avrxmega4/memx-const/mapped/crtavr128db32.o
 *(.init9)
                0x00000000000001f2                . = ALIGN (0x2)
 *(.fini9)
 .fini9         0x00000000000001f2        0x0 c:/program files/microchip/xc8/v3.10/avr/bin/../lib/gcc/avr/5.4.0/avrxmega4/memx-const/mapped\libgcc.a(_exit.o)
                0x00000000000001f2                _exit
 *(.fini9)
 *(.fini8)
 *(.fini8)
 *(.fini7)
 *(.fini7)
 *(.fini6)
 *(.fini6)
 *(.fini5)
 *(.fini5)
 *(.fini4)
 *(.fini4)
 *(.fini3)
 *(.fini3)
 *(.fini2)
 *(.fini2)
 *(.fini1)
 *(.fini1)
 *(.fini0)
 .fini0         0x00000000000001f2        0x4 c:/program files/microchip/xc8/v3.10/avr/bin/../lib/gcc/avr/5.4.0/avrxmega4/memx-const/mapped\libgcc.a(_exit.o)
 *(.fini0)
                0x00000000000001f6                _etext = .

.data           0x0000000000804000        0x0 load address 0x00000000000001f6
                [!provide]                        PROVIDE (__data_start, .)
 *(.gnu.linkonce.d*)
 *(.gnu.linkonce.r*)
                0x0000000000804000                . = ALIGN (0x2)
                0x0000000000804000                _edata = .
                [!provide]                        PROVIDE (__data_end, .)

.bss            0x0000000000804000        0x0
                [!provide]                        PROVIDE (__bss_start, .)
 *(COMMON)
                [!provide]                        PROVIDE (__bss_end, .)
                0x00000000000001f6                __data_load_start = LOADADDR (.data)
                0x00000000000001f6                __data_load_end = (__data_load_start + SIZEOF (.data))

.noinit         0x0000000000804000        0x0
                [!provide]                        PROVIDE (__noinit_start, .)
 *(.noinit*)
                [!provide]                        PROVIDE (__noinit_end, .)
                0x0000000000804000                _end = .

.eeprom         0x0000000000810000        0x0
 *(.eeprom*)
                0x0000000000810000                __eeprom_end = .

.fuse           0x0000000000820000        0x9
 *(.fuse)
 .fuse          0x0000000000820000        0x9 build/default/debug/mcc_generated_files/system/src/config_bits.o
                0x0000000000820000                __fuse
 *(.lfuse)
 *(.hfuse)
 *(.efuse)

.lock
 *(.lock*)

.signature
 *(.signature*)

.user_signatures
 *(.user_signatures*)

.bootrow
 *(.bootrow*)

.stab
 *(.stab)

.stabstr
 *(.stabstr)

.stab.excl
 *(.stab.excl)

.stab.exclstr
 *(.stab.exclstr)

.stab.index
 *(.stab.index)

.stab.indexstr
 *(.stab.indexstr)

.comment        0x0000000000000000       0x5b
 *(.comment)
 .comment       0x0000000000000000       0x2f build/default/debug/mcc_generated_files/adc/src/adc0.o
                                         0x30 (size before relaxing)
 .comment       0x000000000000002f       0x30 build/default/debug/mcc_generated_files/evsys/src/evsys.o
 .comment       0x000000000000002f       0x30 build/default/debug/mcc_generated_files/i2c_client/src/twi0.o
 .comment       0x000000000000002f       0x30 build/default/debug/mcc_generated_files/i2c_host/src/twi1.o
 .comment       0x000000000000002f       0x30 build/default/debug/mcc_generated_files/nvm/src/nvm.o
 .comment       0x000000000000002f       0x30 build/default/debug/mcc_generated_files/system/src/system.o
 .comment       0x000000000000002f       0x30 build/default/debug/mcc_generated_files/system/src/clock.o
 .comment       0x000000000000002f       0x30 build/default/debug/mcc_generated_files/system/src/interrupt.o
 .comment       0x000000000000002f       0x30 build/default/debug/mcc_generated_files/system/src/pins.o
 .comment       0x000000000000002f       0x30 build/default/debug/mcc_generated_files/system/src/config_bits.o
 .comment       0x000000000000002f       0x30 build/default/debug/mcc_generated_files/timer/src/rtc.o
 .comment       0x000000000000002f       0x30 build/default/debug/mcc_generated_files/timer/src/tcb0.o
 .comment       0x000000000000002f       0x30 build/default/debug/mcc_generated_files/timer/src/tca0.o
 .comment       0x000000000000002f       0x30 build/default/debug/mcc_generated_files/vref/src/vref.o
 .comment       0x000000000000002f       0x30 build/default/debug/main.o
 .comment       0x000000000000002f       0x30 build/default/debug/Libraries/src/I2C.o
 .comment       0x000000000000002f       0x30 build/default/debug/Libraries/src/Timed_Functions.o
 .comment       0x000000000000002f       0x2c c:/program files/microchip/xc8/v3.10/avr/bin/../lib/gcc/avr/5.4.0/../../../../avr/lib/avrxmega4/memx-const/mapped\libc.a(exit.o)
                                         0x2d (size before relaxing)
 .comment       0x000000000000005b       0x2d c:/program files/microchip/xc8/v3.10/avr/bin/../lib/gcc/avr/5.4.0/../../../../avr/lib/avrxmega4/memx-const/mapped\libc.a(_Exit.o)

.stack.descriptors.hdr
                0x0000000000000000      0x150
 .stack.descriptors.hdr
                0x0000000000000000        0xe c:/program files/microchip/xc8/v3.10/avr/bin/../lib/gcc/avr/5.4.0/../../../../avr/lib/avrxmega4/memx-const/mapped\libm.a(addsf3.o)
 .stack.descriptors.hdr
                0x000000000000000e        0xe c:/program files/microchip/xc8/v3.10/avr/bin/../lib/gcc/avr/5.4.0/../../../../avr/lib/avrxmega4/memx-const/mapped\libm.a(addsf3x.o)
 .stack.descriptors.hdr
                0x000000000000001c        0xe c:/program files/microchip/xc8/v3.10/avr/bin/../lib/gcc/avr/5.4.0/../../../../avr/lib/avrxmega4/memx-const/mapped\libm.a(cmpsf2.o)
 .stack.descriptors.hdr
                0x000000000000002a        0xe c:/program files/microchip/xc8/v3.10/avr/bin/../lib/gcc/avr/5.4.0/../../../../avr/lib/avrxmega4/memx-const/mapped\libm.a(divsf3.o)
 .stack.descriptors.hdr
                0x0000000000000038        0xe c:/program files/microchip/xc8/v3.10/avr/bin/../lib/gcc/avr/5.4.0/../../../../avr/lib/avrxmega4/memx-const/mapped\libm.a(divsf3x.o)
 .stack.descriptors.hdr
                0x0000000000000046        0xe c:/program files/microchip/xc8/v3.10/avr/bin/../lib/gcc/avr/5.4.0/../../../../avr/lib/avrxmega4/memx-const/mapped\libm.a(fixunssfsi.o)
 .stack.descriptors.hdr
                0x0000000000000054        0xe c:/program files/microchip/xc8/v3.10/avr/bin/../lib/gcc/avr/5.4.0/../../../../avr/lib/avrxmega4/memx-const/mapped\libm.a(floatsisf.o)
 .stack.descriptors.hdr
                0x0000000000000062        0xe c:/program files/microchip/xc8/v3.10/avr/bin/../lib/gcc/avr/5.4.0/../../../../avr/lib/avrxmega4/memx-const/mapped\libm.a(fp_cmp.o)
 .stack.descriptors.hdr
                0x0000000000000070        0xe c:/program files/microchip/xc8/v3.10/avr/bin/../lib/gcc/avr/5.4.0/../../../../avr/lib/avrxmega4/memx-const/mapped\libm.a(fp_inf.o)
 .stack.descriptors.hdr
                0x000000000000007e        0xe c:/program files/microchip/xc8/v3.10/avr/bin/../lib/gcc/avr/5.4.0/../../../../avr/lib/avrxmega4/memx-const/mapped\libm.a(fp_nan.o)
 .stack.descriptors.hdr
                0x000000000000008c        0xe c:/program files/microchip/xc8/v3.10/avr/bin/../lib/gcc/avr/5.4.0/../../../../avr/lib/avrxmega4/memx-const/mapped\libm.a(fp_pscA.o)
 .stack.descriptors.hdr
                0x000000000000009a        0xe c:/program files/microchip/xc8/v3.10/avr/bin/../lib/gcc/avr/5.4.0/../../../../avr/lib/avrxmega4/memx-const/mapped\libm.a(fp_pscB.o)
 .stack.descriptors.hdr
                0x00000000000000a8        0xe c:/program files/microchip/xc8/v3.10/avr/bin/../lib/gcc/avr/5.4.0/../../../../avr/lib/avrxmega4/memx-const/mapped\libm.a(fp_round.o)
 .stack.descriptors.hdr
                0x00000000000000b6        0xe c:/program files/microchip/xc8/v3.10/avr/bin/../lib/gcc/avr/5.4.0/../../../../avr/lib/avrxmega4/memx-const/mapped\libm.a(fp_split3.o)
 .stack.descriptors.hdr
                0x00000000000000c4        0xe c:/program files/microchip/xc8/v3.10/avr/bin/../lib/gcc/avr/5.4.0/../../../../avr/lib/avrxmega4/memx-const/mapped\libm.a(fp_zero.o)
 .stack.descriptors.hdr
                0x00000000000000d2        0xe c:/program files/microchip/xc8/v3.10/avr/bin/../lib/gcc/avr/5.4.0/../../../../avr/lib/avrxmega4/memx-const/mapped\libm.a(mulsf3.o)
 .stack.descriptors.hdr
                0x00000000000000e0        0xe c:/program files/microchip/xc8/v3.10/avr/bin/../lib/gcc/avr/5.4.0/../../../../avr/lib/avrxmega4/memx-const/mapped\libm.a(mulsf3x.o)
 .stack.descriptors.hdr
                0x00000000000000ee        0xe c:/program files/microchip/xc8/v3.10/avr/bin/../lib/gcc/avr/5.4.0/avrxmega4/memx-const/mapped\libgcc.a(_udivmodhi4.o)
 .stack.descriptors.hdr
                0x00000000000000fc        0xe c:/program files/microchip/xc8/v3.10/avr/bin/../lib/gcc/avr/5.4.0/avrxmega4/memx-const/mapped\libgcc.a(_tablejump2.o)
 .stack.descriptors.hdr
                0x000000000000010a        0xe c:/program files/microchip/xc8/v3.10/avr/bin/../lib/gcc/avr/5.4.0/avrxmega4/memx-const/mapped\libgcc.a(_adddi3_s8.o)
 .stack.descriptors.hdr
                0x0000000000000118        0xe c:/program files/microchip/xc8/v3.10/avr/bin/../lib/gcc/avr/5.4.0/avrxmega4/memx-const/mapped\libgcc.a(_cmpdi2.o)
 .stack.descriptors.hdr
                0x0000000000000126        0xe c:/program files/microchip/xc8/v3.10/avr/bin/../lib/gcc/avr/5.4.0/../../../../avr/lib/avrxmega4/memx-const/mapped\libc.a(exit.o)
 .stack.descriptors.hdr
                0x0000000000000134        0xe c:/program files/microchip/xc8/v3.10/avr/bin/../lib/gcc/avr/5.4.0/../../../../avr/lib/avrxmega4/memx-const/mapped\libc.a(_Exit.o)
 .stack.descriptors.hdr
                0x0000000000000142        0xe c:/program files/microchip/xc8/v3.10/avr/bin/../lib/gcc/avr/5.4.0/avrxmega4/memx-const/mapped\libgcc.a(_exit.o)

.note.GNU-stack
                0x0000000000000000        0x0
 .note.GNU-stack
                0x0000000000000000        0x0 c:/program files/microchip/xc8/v3.10/avr/bin/../lib/gcc/avr/5.4.0/../../../../avr/lib/avrxmega4/memx-const/mapped\libm.a(addsf3.o)
 .note.GNU-stack
                0x0000000000000000        0x0 c:/program files/microchip/xc8/v3.10/avr/bin/../lib/gcc/avr/5.4.0/../../../../avr/lib/avrxmega4/memx-const/mapped\libm.a(addsf3x.o)
 .note.GNU-stack
                0x0000000000000000        0x0 c:/program files/microchip/xc8/v3.10/avr/bin/../lib/gcc/avr/5.4.0/../../../../avr/lib/avrxmega4/memx-const/mapped\libm.a(cmpsf2.o)
 .note.GNU-stack
                0x0000000000000000        0x0 c:/program files/microchip/xc8/v3.10/avr/bin/../lib/gcc/avr/5.4.0/../../../../avr/lib/avrxmega4/memx-const/mapped\libm.a(divsf3.o)
 .note.GNU-stack
                0x0000000000000000        0x0 c:/program files/microchip/xc8/v3.10/avr/bin/../lib/gcc/avr/5.4.0/../../../../avr/lib/avrxmega4/memx-const/mapped\libm.a(divsf3x.o)
 .note.GNU-stack
                0x0000000000000000        0x0 c:/program files/microchip/xc8/v3.10/avr/bin/../lib/gcc/avr/5.4.0/../../../../avr/lib/avrxmega4/memx-const/mapped\libm.a(fixunssfsi.o)
 .note.GNU-stack
                0x0000000000000000        0x0 c:/program files/microchip/xc8/v3.10/avr/bin/../lib/gcc/avr/5.4.0/../../../../avr/lib/avrxmega4/memx-const/mapped\libm.a(floatsisf.o)
 .note.GNU-stack
                0x0000000000000000        0x0 c:/program files/microchip/xc8/v3.10/avr/bin/../lib/gcc/avr/5.4.0/../../../../avr/lib/avrxmega4/memx-const/mapped\libm.a(fp_cmp.o)
 .note.GNU-stack
                0x0000000000000000        0x0 c:/program files/microchip/xc8/v3.10/avr/bin/../lib/gcc/avr/5.4.0/../../../../avr/lib/avrxmega4/memx-const/mapped\libm.a(fp_inf.o)
 .note.GNU-stack
                0x0000000000000000        0x0 c:/program files/microchip/xc8/v3.10/avr/bin/../lib/gcc/avr/5.4.0/../../../../avr/lib/avrxmega4/memx-const/mapped\libm.a(fp_nan.o)
 .note.GNU-stack
                0x0000000000000000        0x0 c:/program files/microchip/xc8/v3.10/avr/bin/../lib/gcc/avr/5.4.0/../../../../avr/lib/avrxmega4/memx-const/mapped\libm.a(fp_pscA.o)
 .note.GNU-stack
                0x0000000000000000        0x0 c:/program files/microchip/xc8/v3.10/avr/bin/../lib/gcc/avr/5.4.0/../../../../avr/lib/avrxmega4/memx-const/mapped\libm.a(fp_pscB.o)
 .note.GNU-stack
                0x0000000000000000        0x0 c:/program files/microchip/xc8/v3.10/avr/bin/../lib/gcc/avr/5.4.0/../../../../avr/lib/avrxmega4/memx-const/mapped\libm.a(fp_round.o)
 .note.GNU-stack
                0x0000000000000000        0x0 c:/program files/microchip/xc8/v3.10/avr/bin/../lib/gcc/avr/5.4.0/../../../../avr/lib/avrxmega4/memx-const/mapped\libm.a(fp_split3.o)
 .note.GNU-stack
                0x0000000000000000        0x0 c:/program files/microchip/xc8/v3.10/avr/bin/../lib/gcc/avr/5.4.0/../../../../avr/lib/avrxmega4/memx-const/mapped\libm.a(fp_zero.o)
 .note.GNU-stack
                0x0000000000000000        0x0 c:/program files/microchip/xc8/v3.10/avr/bin/../lib/gcc/avr/5.4.0/../../../../avr/lib/avrxmega4/memx-const/mapped\libm.a(mulsf3.o)
 .note.GNU-stack
                0x0000000000000000        0x0 c:/program files/microchip/xc8/v3.10/avr/bin/../lib/gcc/avr/5.4.0/../../../../avr/lib/avrxmega4/memx-const/mapped\libm.a(mulsf3x.o)
 .note.GNU-stack
                0x0000000000000000        0x0 c:/program files/microchip/xc8/v3.10/avr/bin/../lib/gcc/avr/5.4.0/../../../../avr/lib/avrxmega4/memx-const/mapped\libc.a(exit.o)
 .note.GNU-stack
                0x0000000000000000        0x0 c:/program files/microchip/xc8/v3.10/avr/bin/../lib/gcc/avr/5.4.0/../../../../avr/lib/avrxmega4/memx-const/mapped\libc.a(_Exit.o)

.note.gnu.build-id
 *(.note.gnu.build-id)

.debug
 *(.debug)

.line
 *(.line)

.debug_srcinfo
 *(.debug_srcinfo)

.debug_sfnames
 *(.debug_sfnames)

.debug_aranges  0x0000000000000000      0xa48
 *(.debug_aranges)
 .debug_aranges
                0x0000000000000000      0x120 build/default/debug/mcc_generated_files/adc/src/adc0.o
 .debug_aranges
                0x0000000000000120       0x28 build/default/debug/mcc_generated_files/evsys/src/evsys.o
 .debug_aranges
                0x0000000000000148       0x78 build/default/debug/mcc_generated_files/i2c_client/src/twi0.o
 .debug_aranges
                0x00000000000001c0       0xd0 build/default/debug/mcc_generated_files/i2c_host/src/twi1.o
 .debug_aranges
                0x0000000000000290       0x88 build/default/debug/mcc_generated_files/nvm/src/nvm.o
 .debug_aranges
                0x0000000000000318       0x28 build/default/debug/mcc_generated_files/system/src/system.o
 .debug_aranges
                0x0000000000000340       0x30 build/default/debug/mcc_generated_files/system/src/clock.o
 .debug_aranges
                0x0000000000000370       0x20 build/default/debug/mcc_generated_files/system/src/interrupt.o
 .debug_aranges
                0x0000000000000390      0x1d0 build/default/debug/mcc_generated_files/system/src/pins.o
 .debug_aranges
                0x0000000000000560       0x18 build/default/debug/mcc_generated_files/system/src/config_bits.o
 .debug_aranges
                0x0000000000000578       0x20 build/default/debug/mcc_generated_files/system/src/protected_io.o
 .debug_aranges
                0x0000000000000598       0xc8 build/default/debug/mcc_generated_files/timer/src/rtc.o
 .debug_aranges
                0x0000000000000660       0xb8 build/default/debug/mcc_generated_files/timer/src/tcb0.o
 .debug_aranges
                0x0000000000000718      0x108 build/default/debug/mcc_generated_files/timer/src/tca0.o
 .debug_aranges
                0x0000000000000820       0x20 build/default/debug/mcc_generated_files/vref/src/vref.o
 .debug_aranges
                0x0000000000000840      0x140 build/default/debug/main.o
 .debug_aranges
                0x0000000000000980       0x80 build/default/debug/Libraries/src/I2C.o
 .debug_aranges
                0x0000000000000a00       0x48 build/default/debug/Libraries/src/Timed_Functions.o

.debug_pubnames
 *(.debug_pubnames)

.debug_info     0x0000000000000000    0x10bb6
 *(.debug_info .gnu.linkonce.wi.*)
 .debug_info    0x0000000000000000     0x2848 C:/Program Files/Microchip/MPLABX/v6.25/packs/Microchip/AVR-Dx_DFP/2.7.321/xc8/avr/lib/avrxmega4/memx-const/mapped/crtavr128db32.o
 .debug_info    0x0000000000002848     0x19c9 build/default/debug/mcc_generated_files/adc/src/adc0.o
 .debug_info    0x0000000000004211      0x851 build/default/debug/mcc_generated_files/evsys/src/evsys.o
 .debug_info    0x0000000000004a62      0xb78 build/default/debug/mcc_generated_files/i2c_client/src/twi0.o
 .debug_info    0x00000000000055da      0xf16 build/default/debug/mcc_generated_files/i2c_host/src/twi1.o
 .debug_info    0x00000000000064f0      0xdfc build/default/debug/mcc_generated_files/nvm/src/nvm.o
 .debug_info    0x00000000000072ec      0x57b build/default/debug/mcc_generated_files/system/src/system.o
 .debug_info    0x0000000000007867      0xf1c build/default/debug/mcc_generated_files/system/src/clock.o
 .debug_info    0x0000000000008783      0x414 build/default/debug/mcc_generated_files/system/src/interrupt.o
 .debug_info    0x0000000000008b97     0x19c4 build/default/debug/mcc_generated_files/system/src/pins.o
 .debug_info    0x000000000000a55b      0x8c0 build/default/debug/mcc_generated_files/system/src/config_bits.o
 .debug_info    0x000000000000ae1b       0x89 build/default/debug/mcc_generated_files/system/src/protected_io.o
 .debug_info    0x000000000000aea4      0x95b build/default/debug/mcc_generated_files/timer/src/rtc.o
 .debug_info    0x000000000000b7ff      0x994 build/default/debug/mcc_generated_files/timer/src/tcb0.o
 .debug_info    0x000000000000c193     0x1418 build/default/debug/mcc_generated_files/timer/src/tca0.o
 .debug_info    0x000000000000d5ab      0x380 build/default/debug/mcc_generated_files/vref/src/vref.o
 .debug_info    0x000000000000d92b     0x1fd3 build/default/debug/main.o
 .debug_info    0x000000000000f8fe      0xc25 build/default/debug/Libraries/src/I2C.o
 .debug_info    0x0000000000010523      0x693 build/default/debug/Libraries/src/Timed_Functions.o

.debug_abbrev   0x0000000000000000     0x406d
 *(.debug_abbrev)
 .debug_abbrev  0x0000000000000000     0x2626 C:/Program Files/Microchip/MPLABX/v6.25/packs/Microchip/AVR-Dx_DFP/2.7.321/xc8/avr/lib/avrxmega4/memx-const/mapped/crtavr128db32.o
 .debug_abbrev  0x0000000000002626      0x1ba build/default/debug/mcc_generated_files/adc/src/adc0.o
 .debug_abbrev  0x00000000000027e0       0xb3 build/default/debug/mcc_generated_files/evsys/src/evsys.o
 .debug_abbrev  0x0000000000002893      0x1e6 build/default/debug/mcc_generated_files/i2c_client/src/twi0.o
 .debug_abbrev  0x0000000000002a79      0x2b6 build/default/debug/mcc_generated_files/i2c_host/src/twi1.o
 .debug_abbrev  0x0000000000002d2f      0x24b build/default/debug/mcc_generated_files/nvm/src/nvm.o
 .debug_abbrev  0x0000000000002f7a      0x142 build/default/debug/mcc_generated_files/system/src/system.o
 .debug_abbrev  0x00000000000030bc      0x135 build/default/debug/mcc_generated_files/system/src/clock.o
 .debug_abbrev  0x00000000000031f1       0xfa build/default/debug/mcc_generated_files/system/src/interrupt.o
 .debug_abbrev  0x00000000000032eb      0x176 build/default/debug/mcc_generated_files/system/src/pins.o
 .debug_abbrev  0x0000000000003461       0x97 build/default/debug/mcc_generated_files/system/src/config_bits.o
 .debug_abbrev  0x00000000000034f8       0x14 build/default/debug/mcc_generated_files/system/src/protected_io.o
 .debug_abbrev  0x000000000000350c      0x14c build/default/debug/mcc_generated_files/timer/src/rtc.o
 .debug_abbrev  0x0000000000003658      0x1ba build/default/debug/mcc_generated_files/timer/src/tcb0.o
 .debug_abbrev  0x0000000000003812      0x1d2 build/default/debug/mcc_generated_files/timer/src/tca0.o
 .debug_abbrev  0x00000000000039e4       0x8c build/default/debug/mcc_generated_files/vref/src/vref.o
 .debug_abbrev  0x0000000000003a70      0x341 build/default/debug/main.o
 .debug_abbrev  0x0000000000003db1      0x166 build/default/debug/Libraries/src/I2C.o
 .debug_abbrev  0x0000000000003f17      0x156 build/default/debug/Libraries/src/Timed_Functions.o

.debug_line     0x0000000000000000     0x4a81
 *(.debug_line .debug_line.* .debug_line_end)
 .debug_line    0x0000000000000000      0x1da C:/Program Files/Microchip/MPLABX/v6.25/packs/Microchip/AVR-Dx_DFP/2.7.321/xc8/avr/lib/avrxmega4/memx-const/mapped/crtavr128db32.o
 .debug_line    0x00000000000001da      0x555 build/default/debug/mcc_generated_files/adc/src/adc0.o
 .debug_line    0x000000000000072f      0x225 build/default/debug/mcc_generated_files/evsys/src/evsys.o
 .debug_line    0x0000000000000954      0x3e4 build/default/debug/mcc_generated_files/i2c_client/src/twi0.o
 .debug_line    0x0000000000000d38      0x66d build/default/debug/mcc_generated_files/i2c_host/src/twi1.o
 .debug_line    0x00000000000013a5      0x3ac build/default/debug/mcc_generated_files/nvm/src/nvm.o
 .debug_line    0x0000000000001751      0x3a6 build/default/debug/mcc_generated_files/system/src/system.o
 .debug_line    0x0000000000001af7      0x1ce build/default/debug/mcc_generated_files/system/src/clock.o
 .debug_line    0x0000000000001cc5      0x19c build/default/debug/mcc_generated_files/system/src/interrupt.o
 .debug_line    0x0000000000001e61      0x85c build/default/debug/mcc_generated_files/system/src/pins.o
 .debug_line    0x00000000000026bd      0x103 build/default/debug/mcc_generated_files/system/src/config_bits.o
 .debug_line    0x00000000000027c0       0x73 build/default/debug/mcc_generated_files/system/src/protected_io.o
 .debug_line    0x0000000000002833      0x3e7 build/default/debug/mcc_generated_files/timer/src/rtc.o
 .debug_line    0x0000000000002c1a      0x37a build/default/debug/mcc_generated_files/timer/src/tcb0.o
 .debug_line    0x0000000000002f94      0x53f build/default/debug/mcc_generated_files/timer/src/tca0.o
 .debug_line    0x00000000000034d3      0x122 build/default/debug/mcc_generated_files/vref/src/vref.o
 .debug_line    0x00000000000035f5      0xcb1 build/default/debug/main.o
 .debug_line    0x00000000000042a6      0x407 build/default/debug/Libraries/src/I2C.o
 .debug_line    0x00000000000046ad      0x3d4 build/default/debug/Libraries/src/Timed_Functions.o

.debug_frame    0x0000000000000000     0x1768
 *(.debug_frame)
 .debug_frame   0x0000000000000000      0x2b4 build/default/debug/mcc_generated_files/adc/src/adc0.o
 .debug_frame   0x00000000000002b4       0x34 build/default/debug/mcc_generated_files/evsys/src/evsys.o
 .debug_frame   0x00000000000002e8      0x11c build/default/debug/mcc_generated_files/i2c_client/src/twi0.o
 .debug_frame   0x0000000000000404      0x264 build/default/debug/mcc_generated_files/i2c_host/src/twi1.o
 .debug_frame   0x0000000000000668      0x160 build/default/debug/mcc_generated_files/nvm/src/nvm.o
 .debug_frame   0x00000000000007c8       0x34 build/default/debug/mcc_generated_files/system/src/system.o
 .debug_frame   0x00000000000007fc       0x44 build/default/debug/mcc_generated_files/system/src/clock.o
 .debug_frame   0x0000000000000840       0x24 build/default/debug/mcc_generated_files/system/src/interrupt.o
 .debug_frame   0x0000000000000864      0x4b0 build/default/debug/mcc_generated_files/system/src/pins.o
 .debug_frame   0x0000000000000d14      0x204 build/default/debug/mcc_generated_files/timer/src/rtc.o
 .debug_frame   0x0000000000000f18      0x1a8 build/default/debug/mcc_generated_files/timer/src/tcb0.o
 .debug_frame   0x00000000000010c0      0x1f4 build/default/debug/mcc_generated_files/timer/src/tca0.o
 .debug_frame   0x00000000000012b4       0x24 build/default/debug/mcc_generated_files/vref/src/vref.o
 .debug_frame   0x00000000000012d8      0x278 build/default/debug/main.o
 .debug_frame   0x0000000000001550      0x170 build/default/debug/Libraries/src/I2C.o
 .debug_frame   0x00000000000016c0       0xa8 build/default/debug/Libraries/src/Timed_Functions.o

.debug_str      0x0000000000000000     0x15c1
 *(.debug_str)
 .debug_str     0x0000000000000000     0x1189 C:/Program Files/Microchip/MPLABX/v6.25/packs/Microchip/AVR-Dx_DFP/2.7.321/xc8/avr/lib/avrxmega4/memx-const/mapped/crtavr128db32.o
 .debug_str     0x0000000000001189        0x9 build/default/debug/mcc_generated_files/adc/src/adc0.o
 .debug_str     0x0000000000001192        0x0 build/default/debug/mcc_generated_files/evsys/src/evsys.o
 .debug_str     0x0000000000001192        0x0 build/default/debug/mcc_generated_files/i2c_client/src/twi0.o
 .debug_str     0x0000000000001192       0x42 build/default/debug/mcc_generated_files/i2c_host/src/twi1.o
 .debug_str     0x00000000000011d4       0x1b build/default/debug/mcc_generated_files/nvm/src/nvm.o
 .debug_str     0x00000000000011ef       0xdc build/default/debug/mcc_generated_files/system/src/system.o
 .debug_str     0x00000000000012cb       0x13 build/default/debug/mcc_generated_files/system/src/clock.o
 .debug_str     0x00000000000012de       0x13 build/default/debug/mcc_generated_files/system/src/interrupt.o
 .debug_str     0x00000000000012f1       0x30 build/default/debug/mcc_generated_files/system/src/pins.o
 .debug_str     0x0000000000001321        0x0 build/default/debug/mcc_generated_files/system/src/config_bits.o
 .debug_str     0x0000000000001321        0x9 build/default/debug/mcc_generated_files/timer/src/rtc.o
 .debug_str     0x000000000000132a       0x10 build/default/debug/mcc_generated_files/timer/src/tcb0.o
 .debug_str     0x000000000000133a       0x72 build/default/debug/mcc_generated_files/timer/src/tca0.o
 .debug_str     0x00000000000013ac        0x0 build/default/debug/mcc_generated_files/vref/src/vref.o
 .debug_str     0x00000000000013ac      0x1b3 build/default/debug/main.o
 .debug_str     0x000000000000155f       0x45 build/default/debug/Libraries/src/I2C.o
 .debug_str     0x00000000000015a4       0x1d build/default/debug/Libraries/src/Timed_Functions.o

.debug_loc      0x0000000000000000     0x106c
 *(.debug_loc)
 .debug_loc     0x0000000000000000       0x6f build/default/debug/mcc_generated_files/adc/src/adc0.o
 .debug_loc     0x000000000000006f      0x3a3 build/default/debug/mcc_generated_files/i2c_host/src/twi1.o
 .debug_loc     0x0000000000000412      0x39e build/default/debug/mcc_generated_files/nvm/src/nvm.o
 .debug_loc     0x00000000000007b0       0x52 build/default/debug/mcc_generated_files/system/src/system.o
 .debug_loc     0x0000000000000802      0x21c build/default/debug/mcc_generated_files/system/src/clock.o
 .debug_loc     0x0000000000000a1e       0x2a build/default/debug/mcc_generated_files/system/src/interrupt.o
 .debug_loc     0x0000000000000a48       0x34 build/default/debug/mcc_generated_files/timer/src/tca0.o
 .debug_loc     0x0000000000000a7c      0x220 build/default/debug/main.o
 .debug_loc     0x0000000000000c9c      0x2ce build/default/debug/Libraries/src/I2C.o
 .debug_loc     0x0000000000000f6a      0x102 build/default/debug/Libraries/src/Timed_Functions.o

.debug_macinfo
 *(.debug_macinfo)

.debug_weaknames
 *(.debug_weaknames)

.debug_funcnames
 *(.debug_funcnames)

.debug_typenames
 *(.debug_typenames)

.debug_varnames
 *(.debug_varnames)

.debug_pubtypes
 *(.debug_pubtypes)

.debug_ranges   0x0000000000000000      0x910
 *(.debug_ranges)
 .debug_ranges  0x0000000000000000      0x110 build/default/debug/mcc_generated_files/adc/src/adc0.o
 .debug_ranges  0x0000000000000110       0x18 build/default/debug/mcc_generated_files/evsys/src/evsys.o
 .debug_ranges  0x0000000000000128       0x68 build/default/debug/mcc_generated_files/i2c_client/src/twi0.o
 .debug_ranges  0x0000000000000190       0xc0 build/default/debug/mcc_generated_files/i2c_host/src/twi1.o
 .debug_ranges  0x0000000000000250       0x78 build/default/debug/mcc_generated_files/nvm/src/nvm.o
 .debug_ranges  0x00000000000002c8       0x18 build/default/debug/mcc_generated_files/system/src/system.o
 .debug_ranges  0x00000000000002e0       0x20 build/default/debug/mcc_generated_files/system/src/clock.o
 .debug_ranges  0x0000000000000300       0x10 build/default/debug/mcc_generated_files/system/src/interrupt.o
 .debug_ranges  0x0000000000000310      0x1c0 build/default/debug/mcc_generated_files/system/src/pins.o
 .debug_ranges  0x00000000000004d0       0xb8 build/default/debug/mcc_generated_files/timer/src/rtc.o
 .debug_ranges  0x0000000000000588       0xa8 build/default/debug/mcc_generated_files/timer/src/tcb0.o
 .debug_ranges  0x0000000000000630       0xf8 build/default/debug/mcc_generated_files/timer/src/tca0.o
 .debug_ranges  0x0000000000000728       0x10 build/default/debug/mcc_generated_files/vref/src/vref.o
 .debug_ranges  0x0000000000000738      0x130 build/default/debug/main.o
 .debug_ranges  0x0000000000000868       0x70 build/default/debug/Libraries/src/I2C.o
 .debug_ranges  0x00000000000008d8       0x38 build/default/debug/Libraries/src/Timed_Functions.o

.debug_macro
 *(.debug_macro)
OUTPUT(dist/default/debug/AVR128DB32_I2C_Test.X.debug.elf elf32-avr)
LOAD linker stubs
LOAD data_init

.note.gnu.avr.deviceinfo
                0x0000000000000000       0x40
 .note.gnu.avr.deviceinfo
                0x0000000000000000       0x40 C:/Program Files/Microchip/MPLABX/v6.25/packs/Microchip/AVR-Dx_DFP/2.7.321/xc8/avr/lib/avrxmega4/memx-const/mapped/crtavr128db32.o

.bss.ADC0_ThresholdCallback
                0x0000000000804039        0x2
 .bss.ADC0_ThresholdCallback
                0x0000000000804039        0x2 build/default/debug/mcc_generated_files/adc/src/adc0.o

.bss.ADC0_ConversionDoneCallback
                0x000000000080403b        0x2
 .bss.ADC0_ConversionDoneCallback
                0x000000000080403b        0x2 build/default/debug/mcc_generated_files/adc/src/adc0.o

.bss.isAddressByte.4034
                0x0000000000804093        0x1
 .bss.isAddressByte.4034
                0x0000000000804093        0x1 build/default/debug/mcc_generated_files/i2c_client/src/twi0.o

.bss.TWI0_InterruptHandler
                0x000000000080403d        0x2
 .bss.TWI0_InterruptHandler
                0x000000000080403d        0x2 build/default/debug/mcc_generated_files/i2c_client/src/twi0.o

.bss.twi0ErrorState
                0x0000000000804094        0x1
 .bss.twi0ErrorState
                0x0000000000804094        0x1 build/default/debug/mcc_generated_files/i2c_client/src/twi0.o

.bss.twi0matchedAddress
                0x000000000080403f        0x2
 .bss.twi0matchedAddress
                0x000000000080403f        0x2 build/default/debug/mcc_generated_files/i2c_client/src/twi0.o

.bss.twi1_Status
                0x0000000000804000        0xe
 .bss.twi1_Status
                0x0000000000804000        0xe build/default/debug/mcc_generated_files/i2c_host/src/twi1.o
                0x0000000000804000                twi1_Status

.bss.TWI1_Callback
                0x0000000000804041        0x2
 .bss.TWI1_Callback
                0x0000000000804041        0x2 build/default/debug/mcc_generated_files/i2c_host/src/twi1.o

.bss.LED_InterruptHandler
                0x0000000000804043        0x2
 .bss.LED_InterruptHandler
                0x0000000000804043        0x2 build/default/debug/mcc_generated_files/system/src/pins.o

.bss.EN_Lader_InterruptHandler
                0x0000000000804045        0x2
 .bss.EN_Lader_InterruptHandler
                0x0000000000804045        0x2 build/default/debug/mcc_generated_files/system/src/pins.o

.bss.EN_Batt_InterruptHandler
                0x0000000000804047        0x2
 .bss.EN_Batt_InterruptHandler
                0x0000000000804047        0x2 build/default/debug/mcc_generated_files/system/src/pins.o

.bss.EN_Buck_InterruptHandler
                0x0000000000804049        0x2
 .bss.EN_Buck_InterruptHandler
                0x0000000000804049        0x2 build/default/debug/mcc_generated_files/system/src/pins.o

.bss.Drain_Cell_4_InterruptHandler
                0x000000000080404b        0x2
 .bss.Drain_Cell_4_InterruptHandler
                0x000000000080404b        0x2 build/default/debug/mcc_generated_files/system/src/pins.o

.bss.Drain_Cell_3_InterruptHandler
                0x000000000080404d        0x2
 .bss.Drain_Cell_3_InterruptHandler
                0x000000000080404d        0x2 build/default/debug/mcc_generated_files/system/src/pins.o

.bss.Drain_Cell_2_InterruptHandler
                0x000000000080404f        0x2
 .bss.Drain_Cell_2_InterruptHandler
                0x000000000080404f        0x2 build/default/debug/mcc_generated_files/system/src/pins.o

.bss.Drain_Cell_1_InterruptHandler
                0x0000000000804051        0x2
 .bss.Drain_Cell_1_InterruptHandler
                0x0000000000804051        0x2 build/default/debug/mcc_generated_files/system/src/pins.o

.bss.EN_EXT_Balance_InterruptHandler
                0x0000000000804053        0x2
 .bss.EN_EXT_Balance_InterruptHandler
                0x0000000000804053        0x2 build/default/debug/mcc_generated_files/system/src/pins.o

.bss.Lader_Input_InterruptHandler
                0x0000000000804055        0x2
 .bss.Lader_Input_InterruptHandler
                0x0000000000804055        0x2 build/default/debug/mcc_generated_files/system/src/pins.o

.bss.BFG_Alert_InterruptHandler
                0x0000000000804057        0x2
 .bss.BFG_Alert_InterruptHandler
                0x0000000000804057        0x2 build/default/debug/mcc_generated_files/system/src/pins.o

.bss.Check_3V3_Pin_InterruptHandler
                0x0000000000804059        0x2
 .bss.Check_3V3_Pin_InterruptHandler
                0x0000000000804059        0x2 build/default/debug/mcc_generated_files/system/src/pins.o

.bss.Temp_Cell_1_Pin_InterruptHandler
                0x000000000080405b        0x2
 .bss.Temp_Cell_1_Pin_InterruptHandler
                0x000000000080405b        0x2 build/default/debug/mcc_generated_files/system/src/pins.o

.bss.Temp_Cell_2_Pin_InterruptHandler
                0x000000000080405d        0x2
 .bss.Temp_Cell_2_Pin_InterruptHandler
                0x000000000080405d        0x2 build/default/debug/mcc_generated_files/system/src/pins.o

.bss.Temp_Cell_3_Pin_InterruptHandler
                0x000000000080405f        0x2
 .bss.Temp_Cell_3_Pin_InterruptHandler
                0x000000000080405f        0x2 build/default/debug/mcc_generated_files/system/src/pins.o

.bss.Temp_Cell_4_Pin_InterruptHandler
                0x0000000000804061        0x2
 .bss.Temp_Cell_4_Pin_InterruptHandler
                0x0000000000804061        0x2 build/default/debug/mcc_generated_files/system/src/pins.o

.bss.Cell_3_Pin_InterruptHandler
                0x0000000000804063        0x2
 .bss.Cell_3_Pin_InterruptHandler
                0x0000000000804063        0x2 build/default/debug/mcc_generated_files/system/src/pins.o

.bss.Cell_4_Pin_InterruptHandler
                0x0000000000804065        0x2
 .bss.Cell_4_Pin_InterruptHandler
                0x0000000000804065        0x2 build/default/debug/mcc_generated_files/system/src/pins.o

.bss.Cell_1_Pin_InterruptHandler
                0x0000000000804067        0x2
 .bss.Cell_1_Pin_InterruptHandler
                0x0000000000804067        0x2 build/default/debug/mcc_generated_files/system/src/pins.o

.bss.Cell_2_Pin_InterruptHandler
                0x0000000000804069        0x2
 .bss.Cell_2_Pin_InterruptHandler
                0x0000000000804069        0x2 build/default/debug/mcc_generated_files/system/src/pins.o

.bss.SDA_Slave_InterruptHandler
                0x000000000080406b        0x2
 .bss.SDA_Slave_InterruptHandler
                0x000000000080406b        0x2 build/default/debug/mcc_generated_files/system/src/pins.o

.bss.SCL_Slave_InterruptHandler
                0x000000000080406d        0x2
 .bss.SCL_Slave_InterruptHandler
                0x000000000080406d        0x2 build/default/debug/mcc_generated_files/system/src/pins.o

.bss.SDA_LTC2943_InterruptHandler
                0x000000000080406f        0x2
 .bss.SDA_LTC2943_InterruptHandler
                0x000000000080406f        0x2 build/default/debug/mcc_generated_files/system/src/pins.o

.bss.SCL_LTC2943_InterruptHandler
                0x0000000000804071        0x2
 .bss.SCL_LTC2943_InterruptHandler
                0x0000000000804071        0x2 build/default/debug/mcc_generated_files/system/src/pins.o

.bss.Lader_Output_InterruptHandler
                0x0000000000804073        0x2
 .bss.Lader_Output_InterruptHandler
                0x0000000000804073        0x2 build/default/debug/mcc_generated_files/system/src/pins.o

.bss.RTC_PIT_isr_cb
                0x0000000000804075        0x2
 .bss.RTC_PIT_isr_cb
                0x0000000000804075        0x2 build/default/debug/mcc_generated_files/timer/src/rtc.o
                0x0000000000804075                RTC_PIT_isr_cb

.bss.RTC_CMP_isr_cb
                0x0000000000804077        0x2
 .bss.RTC_CMP_isr_cb
                0x0000000000804077        0x2 build/default/debug/mcc_generated_files/timer/src/rtc.o
                0x0000000000804077                RTC_CMP_isr_cb

.bss.RTC_OVF_isr_cb
                0x0000000000804079        0x2
 .bss.RTC_OVF_isr_cb
                0x0000000000804079        0x2 build/default/debug/mcc_generated_files/timer/src/rtc.o
                0x0000000000804079                RTC_OVF_isr_cb

.bss.TCB0_CAPT_isr_cb
                0x000000000080407b        0x2
 .bss.TCB0_CAPT_isr_cb
                0x000000000080407b        0x2 build/default/debug/mcc_generated_files/timer/src/tcb0.o

.bss.TCB0_OVF_isr_cb
                0x000000000080407d        0x2
 .bss.TCB0_OVF_isr_cb
                0x000000000080407d        0x2 build/default/debug/mcc_generated_files/timer/src/tcb0.o

.bss.Accumulated_Charge
                0x0000000000804031        0x4
 .bss.Accumulated_Charge
                0x0000000000804031        0x4 build/default/debug/main.o
                0x0000000000804031                Accumulated_Charge

.bss.register_data
                0x0000000000804035        0x4
 .bss.register_data
                0x0000000000804035        0x4 build/default/debug/main.o

.bss.ADC0_Filled_All_Values
                0x0000000000804095        0x1
 .bss.ADC0_Filled_All_Values
                0x0000000000804095        0x1 build/default/debug/main.o
                0x0000000000804095                ADC0_Filled_All_Values

.bss.Cell_Voltage_4_Result
                0x000000000080407f        0x2
 .bss.Cell_Voltage_4_Result
                0x000000000080407f        0x2 build/default/debug/main.o
                0x000000000080407f                Cell_Voltage_4_Result

.bss.Cell_Voltage_3_Result
                0x0000000000804081        0x2
 .bss.Cell_Voltage_3_Result
                0x0000000000804081        0x2 build/default/debug/main.o
                0x0000000000804081                Cell_Voltage_3_Result

.bss.Cell_Voltage_2_Result
                0x0000000000804083        0x2
 .bss.Cell_Voltage_2_Result
                0x0000000000804083        0x2 build/default/debug/main.o
                0x0000000000804083                Cell_Voltage_2_Result

.bss.Cell_Voltage_1_Result
                0x0000000000804085        0x2
 .bss.Cell_Voltage_1_Result
                0x0000000000804085        0x2 build/default/debug/main.o
                0x0000000000804085                Cell_Voltage_1_Result

.bss.Temp_Cell_4_Result
                0x0000000000804087        0x2
 .bss.Temp_Cell_4_Result
                0x0000000000804087        0x2 build/default/debug/main.o
                0x0000000000804087                Temp_Cell_4_Result

.bss.Temp_Cell_3_Result
                0x0000000000804089        0x2
 .bss.Temp_Cell_3_Result
                0x0000000000804089        0x2 build/default/debug/main.o
                0x0000000000804089                Temp_Cell_3_Result

.bss.Temp_Cell_2_Result
                0x000000000080408b        0x2
 .bss.Temp_Cell_2_Result
                0x000000000080408b        0x2 build/default/debug/main.o
                0x000000000080408b                Temp_Cell_2_Result

.bss.Temp_Cell_1_Result
                0x000000000080408d        0x2
 .bss.Temp_Cell_1_Result
                0x000000000080408d        0x2 build/default/debug/main.o
                0x000000000080408d                Temp_Cell_1_Result

.bss.CurrentProblemEvent
                0x0000000000804096        0x1
 .bss.CurrentProblemEvent
                0x0000000000804096        0x1 build/default/debug/main.o
                0x0000000000804096                CurrentProblemEvent

.bss.NextProblemState
                0x0000000000804097        0x1
 .bss.NextProblemState
                0x0000000000804097        0x1 build/default/debug/main.o
                0x0000000000804097                NextProblemState

.bss.CurrentProblemState
                0x0000000000804098        0x1
 .bss.CurrentProblemState
                0x0000000000804098        0x1 build/default/debug/main.o
                0x0000000000804098                CurrentProblemState

.bss.CurrentFlow
                0x0000000000804099        0x1
 .bss.CurrentFlow
                0x0000000000804099        0x1 build/default/debug/main.o
                0x0000000000804099                CurrentFlow

.bss.LTC2943_Error_Status_Array
                0x000000000080402a        0x7
 .bss.LTC2943_Error_Status_Array
                0x000000000080402a        0x7 build/default/debug/Libraries/src/I2C.o
                0x000000000080402a                LTC2943_Error_Status_Array

.bss.LTC2943_Shutdown
                0x000000000080409e        0x1
 .bss.LTC2943_Shutdown
                0x000000000080409e        0x1 build/default/debug/Libraries/src/I2C.o
                0x000000000080409e                LTC2943_Shutdown

.bss.Current_LTC2943_ALCC_Pin_Mode
                0x000000000080409f        0x1
 .bss.Current_LTC2943_ALCC_Pin_Mode
                0x000000000080409f        0x1 build/default/debug/Libraries/src/I2C.o
                0x000000000080409f                Current_LTC2943_ALCC_Pin_Mode

.bss.Drain_Counter.4807
                0x000000000080408f        0x2
 .bss.Drain_Counter.4807
                0x000000000080408f        0x2 build/default/debug/Libraries/src/Timed_Functions.o

.bss.LED_Step_Counter
                0x000000000080401a        0x8
 .bss.LED_Step_Counter
                0x000000000080401a        0x8 build/default/debug/Libraries/src/Timed_Functions.o
                0x000000000080401a                LED_Step_Counter

.bss.LED_Step_Index
                0x00000000008040a2        0x1
 .bss.LED_Step_Index
                0x00000000008040a2        0x1 build/default/debug/Libraries/src/Timed_Functions.o
                0x00000000008040a2                LED_Step_Index

.bss.Global_Timer
                0x0000000000804022        0x8
 .bss.Global_Timer
                0x0000000000804022        0x8 build/default/debug/Libraries/src/Timed_Functions.o
                0x0000000000804022                Global_Timer

.rodata.twi1_eventTable
                0x00000000008081f6       0x12 load address 0x00000000000001f6
 .rodata.twi1_eventTable
                0x00000000008081f6       0x12 build/default/debug/mcc_generated_files/i2c_host/src/twi1.o
                0x00000000008081f6                twi1_eventTable

.text.main      0x0000000000000208      0x338
 .text.main     0x0000000000000208      0x338 build/default/debug/main.o
                0x0000000000000208                main

.text.Set_Error_Pattern
                0x0000000000000540      0x1b8
 .text.Set_Error_Pattern
                0x0000000000000540      0x1b8 build/default/debug/Libraries/src/Timed_Functions.o
                0x0000000000000540                Set_Error_Pattern

.text.PIN_MANAGER_Initialize
                0x00000000000006f8      0x182
 .text.PIN_MANAGER_Initialize
                0x00000000000006f8      0x182 build/default/debug/mcc_generated_files/system/src/pins.o
                0x00000000000006f8                PIN_MANAGER_Initialize

.text.Update_LED_Sequencer
                0x000000000000087a      0x12c
 .text.Update_LED_Sequencer
                0x000000000000087a      0x12c build/default/debug/Libraries/src/Timed_Functions.o
                0x000000000000087a                Update_LED_Sequencer

.text.ADC0_Conversion_Done_ISR
                0x00000000000009a6      0x12a
 .text.ADC0_Conversion_Done_ISR
                0x00000000000009a6      0x12a build/default/debug/main.o
                0x00000000000009a6                ADC0_Conversion_Done_ISR

.text.Monitor_Batt
                0x0000000000000ad0      0x102
 .text.Monitor_Batt
                0x0000000000000ad0      0x102 build/default/debug/main.o
                0x0000000000000ad0                Monitor_Batt

.text.TWI0_EventHandler
                0x0000000000000bd2       0xe0
 .text.TWI0_EventHandler
                0x0000000000000bd2       0xe0 build/default/debug/mcc_generated_files/i2c_client/src/twi0.o

.text           0x0000000000000cb2       0xde
 .text          0x0000000000000cb2       0xde c:/program files/microchip/xc8/v3.10/avr/bin/../lib/gcc/avr/5.4.0/../../../../avr/lib/avrxmega4/memx-const/mapped\libm.a(divsf3x.o)
                0x0000000000000cb2                __divsf3x
                0x0000000000000cda                __divsf3_pse

.text.Write_Control_REG
                0x0000000000000d90       0xd4
 .text.Write_Control_REG
                0x0000000000000d90       0xd4 build/default/debug/Libraries/src/I2C.o
                0x0000000000000d90                Write_Control_REG

.text           0x0000000000000e64       0xd4
 .text          0x0000000000000e64       0xd4 c:/program files/microchip/xc8/v3.10/avr/bin/../lib/gcc/avr/5.4.0/../../../../avr/lib/avrxmega4/memx-const/mapped\libm.a(mulsf3x.o)
                0x0000000000000e64                __mulsf3x
                0x0000000000000e8a                __mulsf3_pse

.text           0x0000000000000f38       0xce
 .text          0x0000000000000f38       0xce c:/program files/microchip/xc8/v3.10/avr/bin/../lib/gcc/avr/5.4.0/../../../../avr/lib/avrxmega4/memx-const/mapped\libm.a(addsf3x.o)
                0x0000000000000f38                __addsf3x

.text.Overcharged_Cells
                0x0000000000001006       0xca
 .text.Overcharged_Cells
                0x0000000000001006       0xca build/default/debug/main.o
                0x0000000000001006                Overcharged_Cells

.text.__vector_8
                0x00000000000010d0       0xc0
 .text.__vector_8
                0x00000000000010d0       0xc0 build/default/debug/mcc_generated_files/system/src/pins.o
                0x00000000000010d0                __vector_8

.text.__vector_24
                0x0000000000001190       0xb2
 .text.__vector_24
                0x0000000000001190       0xb2 build/default/debug/mcc_generated_files/system/src/pins.o
                0x0000000000001190                __vector_24

.text.Get_Battery_Charge_In_mAh
                0x0000000000001242       0xb0
 .text.Get_Battery_Charge_In_mAh
                0x0000000000001242       0xb0 build/default/debug/Libraries/src/I2C.o
                0x0000000000001242                Get_Battery_Charge_In_mAh

.text.Balance_Cells
                0x00000000000012f2       0xaa
 .text.Balance_Cells
                0x00000000000012f2       0xaa build/default/debug/main.o
                0x00000000000012f2                Balance_Cells

.text.__vector_35
                0x000000000000139c       0xa4
 .text.__vector_35
                0x000000000000139c       0xa4 build/default/debug/mcc_generated_files/system/src/pins.o
                0x000000000000139c                __vector_35

.text.I2C_EVENT_RX
                0x0000000000001440       0x9a
 .text.I2C_EVENT_RX
                0x0000000000001440       0x9a build/default/debug/mcc_generated_files/i2c_host/src/twi1.o

.text.TWI1_ErrorEventHandler
                0x00000000000014da       0x96
 .text.TWI1_ErrorEventHandler
                0x00000000000014da       0x96 build/default/debug/mcc_generated_files/i2c_host/src/twi1.o

.text.CLOCK_Initialize
                0x0000000000001570       0x8e
 .text.CLOCK_Initialize
                0x0000000000001570       0x8e build/default/debug/mcc_generated_files/system/src/clock.o
                0x0000000000001570                CLOCK_Initialize

.text.__vector_5
                0x00000000000015fe       0x8e
 .text.__vector_5
                0x00000000000015fe       0x8e build/default/debug/mcc_generated_files/timer/src/rtc.o
                0x00000000000015fe                __vector_5

.text.__vector_30
                0x000000000000168c       0x88
 .text.__vector_30
                0x000000000000168c       0x88 build/default/debug/mcc_generated_files/system/src/pins.o
                0x000000000000168c                __vector_30

.text.__vector_14
                0x0000000000001714       0x84
 .text.__vector_14
                0x0000000000001714       0x84 build/default/debug/mcc_generated_files/timer/src/tcb0.o
                0x0000000000001714                __vector_14

.text.EVSYS_Initialize
                0x0000000000001798       0x7c
 .text.EVSYS_Initialize
                0x0000000000001798       0x7c build/default/debug/mcc_generated_files/evsys/src/evsys.o
                0x0000000000001798                EVSYS_Initialize

.text.Charge_Run
                0x0000000000001814       0x7c
 .text.Charge_Run
                0x0000000000001814       0x7c build/default/debug/main.o
                0x0000000000001814                Charge_Run

.text           0x0000000000001890       0x7a
 .text          0x0000000000001890       0x7a c:/program files/microchip/xc8/v3.10/avr/bin/../lib/gcc/avr/5.4.0/../../../../avr/lib/avrxmega4/memx-const/mapped\libm.a(floatsisf.o)
                0x0000000000001890                __floatunsisf
                0x0000000000001894                __floatsisf

.text.__vector_18
                0x000000000000190a       0x70
 .text.__vector_18
                0x000000000000190a       0x70 build/default/debug/mcc_generated_files/i2c_client/src/twi0.o
                0x000000000000190a                __vector_18

.text.Handle_BFG_Alert
                0x000000000000197a       0x68
 .text.Handle_BFG_Alert
                0x000000000000197a       0x68 build/default/debug/main.o
                0x000000000000197a                Handle_BFG_Alert

.text.__vector_43
                0x00000000000019e2       0x66
 .text.__vector_43
                0x00000000000019e2       0x66 build/default/debug/mcc_generated_files/i2c_host/src/twi1.o
                0x00000000000019e2                __vector_43

.text.TWI1_WriteRead
                0x0000000000001a48       0x64
 .text.TWI1_WriteRead
                0x0000000000001a48       0x64 build/default/debug/mcc_generated_files/i2c_host/src/twi1.o
                0x0000000000001a48                TWI1_WriteRead

.text.__vector_26
                0x0000000000001aac       0x60
 .text.__vector_26
                0x0000000000001aac       0x60 build/default/debug/mcc_generated_files/adc/src/adc0.o
                0x0000000000001aac                __vector_26

.text.__vector_27
                0x0000000000001b0c       0x60
 .text.__vector_27
                0x0000000000001b0c       0x60 build/default/debug/mcc_generated_files/adc/src/adc0.o
                0x0000000000001b0c                __vector_27

.text.__vector_6
                0x0000000000001b6c       0x60
 .text.__vector_6
                0x0000000000001b6c       0x60 build/default/debug/mcc_generated_files/timer/src/rtc.o
                0x0000000000001b6c                __vector_6

.text           0x0000000000001bcc       0x5e
 .text          0x0000000000001bcc       0x5e c:/program files/microchip/xc8/v3.10/avr/bin/../lib/gcc/avr/5.4.0/../../../../avr/lib/avrxmega4/memx-const/mapped\libm.a(fixunssfsi.o)
                0x0000000000001bcc                __fixunssfsi

.text.Get_LTC2943_REG_16
                0x0000000000001c2a       0x5a
 .text.Get_LTC2943_REG_16
                0x0000000000001c2a       0x5a build/default/debug/Libraries/src/I2C.o
                0x0000000000001c2a                Get_LTC2943_REG_16

.text.Init_Run  0x0000000000001c84       0x54
 .text.Init_Run
                0x0000000000001c84       0x54 build/default/debug/main.o
                0x0000000000001c84                Init_Run

.text.ADC0_Initialize
                0x0000000000001cd8       0x52
 .text.ADC0_Initialize
                0x0000000000001cd8       0x52 build/default/debug/mcc_generated_files/adc/src/adc0.o
                0x0000000000001cd8                ADC0_Initialize

.text.TWI1_Read
                0x0000000000001d2a       0x52
 .text.TWI1_Read
                0x0000000000001d2a       0x52 build/default/debug/mcc_generated_files/i2c_host/src/twi1.o
                0x0000000000001d2a                TWI1_Read

.text.TWI1_Write
                0x0000000000001d7c       0x52
 .text.TWI1_Write
                0x0000000000001d7c       0x52 build/default/debug/mcc_generated_files/i2c_host/src/twi1.o
                0x0000000000001d7c                TWI1_Write

.text.TempCheck
                0x0000000000001dce       0x4c
 .text.TempCheck
                0x0000000000001dce       0x4c build/default/debug/main.o
                0x0000000000001dce                TempCheck

.text.IsBatteryCharged
                0x0000000000001e1a       0x4c
 .text.IsBatteryCharged
                0x0000000000001e1a       0x4c build/default/debug/main.o
                0x0000000000001e1a                IsBatteryCharged

.text.TCB0_Interrupt
                0x0000000000001e66       0x4c
 .text.TCB0_Interrupt
                0x0000000000001e66       0x4c build/default/debug/Libraries/src/Timed_Functions.o
                0x0000000000001e66                TCB0_Interrupt

.text.Get_LTC2943_REG_8
                0x0000000000001eb2       0x4a
 .text.Get_LTC2943_REG_8
                0x0000000000001eb2       0x4a build/default/debug/Libraries/src/I2C.o
                0x0000000000001eb2                Get_LTC2943_REG_8

.text.I2C_EVENT_TX
                0x0000000000001efc       0x48
 .text.I2C_EVENT_TX
                0x0000000000001efc       0x48 build/default/debug/mcc_generated_files/i2c_host/src/twi1.o

.text           0x0000000000001f44       0x48
 .text          0x0000000000001f44       0x48 c:/program files/microchip/xc8/v3.10/avr/bin/../lib/gcc/avr/5.4.0/../../../../avr/lib/avrxmega4/memx-const/mapped\libm.a(fp_cmp.o)
                0x0000000000001f44                __fp_cmp

.text           0x0000000000001f8c       0x44
 .text          0x0000000000001f8c       0x44 c:/program files/microchip/xc8/v3.10/avr/bin/../lib/gcc/avr/5.4.0/../../../../avr/lib/avrxmega4/memx-const/mapped\libm.a(fp_split3.o)
                0x0000000000001f8c                __fp_split3
                0x0000000000001f9c                __fp_splitA

.text.TCB0_Initialize
                0x0000000000001fd0       0x40
 .text.TCB0_Initialize
                0x0000000000001fd0       0x40 build/default/debug/mcc_generated_files/timer/src/tcb0.o
                0x0000000000001fd0                TCB0_Initialize

.text.Get_Active_Alerts
                0x0000000000002010       0x40
 .text.Get_Active_Alerts
                0x0000000000002010       0x40 build/default/debug/Libraries/src/I2C.o
                0x0000000000002010                Get_Active_Alerts

.text.TWI0_ErrorEventHandler
                0x0000000000002050       0x3e
 .text.TWI0_ErrorEventHandler
                0x0000000000002050       0x3e build/default/debug/mcc_generated_files/i2c_client/src/twi0.o

.text.RTC_Initialize
                0x000000000000208e       0x3c
 .text.RTC_Initialize
                0x000000000000208e       0x3c build/default/debug/mcc_generated_files/timer/src/rtc.o
                0x000000000000208e                RTC_Initialize

.text.TCA0_Initialize
                0x00000000000020ca       0x3c
 .text.TCA0_Initialize
                0x00000000000020ca       0x3c build/default/debug/mcc_generated_files/timer/src/tca0.o
                0x00000000000020ca                TCA0_Initialize

.text.Set_LTC2943_REG_16
                0x0000000000002106       0x3c
 .text.Set_LTC2943_REG_16
                0x0000000000002106       0x3c build/default/debug/Libraries/src/I2C.o
                0x0000000000002106                Set_LTC2943_REG_16

.text.SYSTEM_Initialize
                0x0000000000002142       0x36
 .text.SYSTEM_Initialize
                0x0000000000002142       0x36 build/default/debug/mcc_generated_files/system/src/system.o
                0x0000000000002142                SYSTEM_Initialize

.text.Set_LTC2943_REG_8
                0x0000000000002178       0x36
 .text.Set_LTC2943_REG_8
                0x0000000000002178       0x36 build/default/debug/Libraries/src/I2C.o
                0x0000000000002178                Set_LTC2943_REG_8

.text.Clear_LTC2943_Alert
                0x00000000000021ae       0x32
 .text.Clear_LTC2943_Alert
                0x00000000000021ae       0x32 build/default/debug/Libraries/src/I2C.o
                0x00000000000021ae                Clear_LTC2943_Alert

.text.Get_LTC2943_REG
                0x00000000000021e0       0x2e
 .text.Get_LTC2943_REG
                0x00000000000021e0       0x2e build/default/debug/Libraries/src/I2C.o
                0x00000000000021e0                Get_LTC2943_REG

.text.TWI1_Initialize
                0x000000000000220e       0x2c
 .text.TWI1_Initialize
                0x000000000000220e       0x2c build/default/debug/mcc_generated_files/i2c_host/src/twi1.o
                0x000000000000220e                TWI1_Initialize

.text.mV_to_CellVoltage
                0x000000000000223a       0x2a
 .text.mV_to_CellVoltage
                0x000000000000223a       0x2a build/default/debug/main.o
                0x000000000000223a                mV_to_CellVoltage

.text.Set_LTC2943_REG
                0x0000000000002264       0x2a
 .text.Set_LTC2943_REG
                0x0000000000002264       0x2a build/default/debug/Libraries/src/I2C.o
                0x0000000000002264                Set_LTC2943_REG

.text.Update_Cell_Drain
                0x000000000000228e       0x2a
 .text.Update_Cell_Drain
                0x000000000000228e       0x2a build/default/debug/Libraries/src/Timed_Functions.o
                0x000000000000228e                Update_Cell_Drain

.text.Total_Shutdown
                0x00000000000022b8       0x28
 .text.Total_Shutdown
                0x00000000000022b8       0x28 build/default/debug/main.o
                0x00000000000022b8                Total_Shutdown

.text.libgcc.div
                0x00000000000022e0       0x28
 .text.libgcc.div
                0x00000000000022e0       0x28 c:/program files/microchip/xc8/v3.10/avr/bin/../lib/gcc/avr/5.4.0/avrxmega4/memx-const/mapped\libgcc.a(_udivmodhi4.o)
                0x00000000000022e0                __udivmodhi4

.text.TWI1_Close
                0x0000000000002308       0x26
 .text.TWI1_Close
                0x0000000000002308       0x26 build/default/debug/mcc_generated_files/i2c_host/src/twi1.o

.text.TWI1_EventHandler
                0x000000000000232e       0x24
 .text.TWI1_EventHandler
                0x000000000000232e       0x24 build/default/debug/mcc_generated_files/i2c_host/src/twi1.o

.text.TWI0_Initialize
                0x0000000000002352       0x22
 .text.TWI0_Initialize
                0x0000000000002352       0x22 build/default/debug/mcc_generated_files/i2c_client/src/twi0.o
                0x0000000000002352                TWI0_Initialize

.text.CountFix  0x0000000000002374       0x22
 .text.CountFix
                0x0000000000002374       0x22 build/default/debug/main.o
                0x0000000000002374                CountFix

.text           0x0000000000002396       0x22
 .text          0x0000000000002396       0x22 c:/program files/microchip/xc8/v3.10/avr/bin/../lib/gcc/avr/5.4.0/../../../../avr/lib/avrxmega4/memx-const/mapped\libm.a(fp_round.o)
                0x0000000000002396                __fp_round

.text.TWI1_IsBusy
                0x00000000000023b8       0x1e
 .text.TWI1_IsBusy
                0x00000000000023b8       0x1e build/default/debug/mcc_generated_files/i2c_host/src/twi1.o
                0x00000000000023b8                TWI1_IsBusy

.text.ShutdownAllPins
                0x00000000000023d6       0x1e
 .text.ShutdownAllPins
                0x00000000000023d6       0x1e build/default/debug/main.o
                0x00000000000023d6                ShutdownAllPins

.text.SLPCTRL_Initialize
                0x00000000000023f4       0x1c
 .text.SLPCTRL_Initialize
                0x00000000000023f4       0x1c build/default/debug/mcc_generated_files/system/src/system.o
                0x00000000000023f4                SLPCTRL_Initialize

.text.CPUINT_Initialize
                0x0000000000002410       0x1a
 .text.CPUINT_Initialize
                0x0000000000002410       0x1a build/default/debug/mcc_generated_files/system/src/interrupt.o
                0x0000000000002410                CPUINT_Initialize

.text.Enable_External_Balancer_ISR
                0x000000000000242a       0x1a
 .text.Enable_External_Balancer_ISR
                0x000000000000242a       0x1a build/default/debug/main.o
                0x000000000000242a                Enable_External_Balancer_ISR

.text.I2C_EVENT_RESET
                0x0000000000002444       0x18
 .text.I2C_EVENT_RESET
                0x0000000000002444       0x18 build/default/debug/mcc_generated_files/i2c_host/src/twi1.o

.text.libgcc    0x000000000000245c       0x18
 .text.libgcc   0x000000000000245c       0x18 c:/program files/microchip/xc8/v3.10/avr/bin/../lib/gcc/avr/5.4.0/avrxmega4/memx-const/mapped\libgcc.a(_adddi3_s8.o)
                0x000000000000245c                __adddi3_s8

.text.NVM_Initialize
                0x0000000000002474       0x16
 .text.NVM_Initialize
                0x0000000000002474       0x16 build/default/debug/mcc_generated_files/nvm/src/nvm.o
                0x0000000000002474                NVM_Initialize

.text.ADC0RES_to_mV
                0x000000000000248a       0x16
 .text.ADC0RES_to_mV
                0x000000000000248a       0x16 build/default/debug/main.o
                0x000000000000248a                ADC0RES_to_mV

.text.PrepareBFG
                0x00000000000024a0       0x16
 .text.PrepareBFG
                0x00000000000024a0       0x16 build/default/debug/main.o
                0x00000000000024a0                PrepareBFG

.text.Charge_Exit
                0x00000000000024b6       0x16
 .text.Charge_Exit
                0x00000000000024b6       0x16 build/default/debug/main.o
                0x00000000000024b6                Charge_Exit

.text.Shutdown_Entry
                0x00000000000024cc       0x16
 .text.Shutdown_Entry
                0x00000000000024cc       0x16 build/default/debug/main.o
                0x00000000000024cc                Shutdown_Entry

.text.exit      0x00000000000024e2       0x16
 .text.exit     0x00000000000024e2       0x16 c:/program files/microchip/xc8/v3.10/avr/bin/../lib/gcc/avr/5.4.0/../../../../avr/lib/avrxmega4/memx-const/mapped\libc.a(exit.o)
                0x00000000000024e2                exit

.text.I2C_EVENT_SEND_RD_ADDR
                0x00000000000024f8       0x14
 .text.I2C_EVENT_SEND_RD_ADDR
                0x00000000000024f8       0x14 build/default/debug/mcc_generated_files/i2c_host/src/twi1.o

.text.Charger_Connect_ISR
                0x000000000000250c       0x14
 .text.Charger_Connect_ISR
                0x000000000000250c       0x14 build/default/debug/main.o
                0x000000000000250c                Charger_Connect_ISR

.text.Switch_State
                0x0000000000002520       0x14
 .text.Switch_State
                0x0000000000002520       0x14 build/default/debug/main.o
                0x0000000000002520                Switch_State

.text.Discharge_Run
                0x0000000000002534       0x14
 .text.Discharge_Run
                0x0000000000002534       0x14 build/default/debug/main.o
                0x0000000000002534                Discharge_Run

.text.Batt_Full_Run
                0x0000000000002548       0x14
 .text.Batt_Full_Run
                0x0000000000002548       0x14 build/default/debug/main.o
                0x0000000000002548                Batt_Full_Run

.text.Shutdown_Run
                0x000000000000255c       0x14
 .text.Shutdown_Run
                0x000000000000255c       0x14 build/default/debug/main.o
                0x000000000000255c                Shutdown_Run

.text.I2C_EVENT_SEND_WR_ADDR
                0x0000000000002570       0x12
 .text.I2C_EVENT_SEND_WR_ADDR
                0x0000000000002570       0x12 build/default/debug/mcc_generated_files/i2c_host/src/twi1.o

.text.I2C_EVENT_STOP
                0x0000000000002582       0x12
 .text.I2C_EVENT_STOP
                0x0000000000002582       0x12 build/default/debug/mcc_generated_files/i2c_host/src/twi1.o

.text.libgcc    0x0000000000002594       0x12
 .text.libgcc   0x0000000000002594       0x12 c:/program files/microchip/xc8/v3.10/avr/bin/../lib/gcc/avr/5.4.0/avrxmega4/memx-const/mapped\libgcc.a(_tablejump2.o)
                0x0000000000002594                __tablejump2__

.text.libgcc    0x00000000000025a6       0x12
 .text.libgcc   0x00000000000025a6       0x12 c:/program files/microchip/xc8/v3.10/avr/bin/../lib/gcc/avr/5.4.0/avrxmega4/memx-const/mapped\libgcc.a(_cmpdi2.o)
                0x00000000000025a6                __cmpdi2

.text.Charge_Entry
                0x00000000000025b8       0x10
 .text.Charge_Entry
                0x00000000000025b8       0x10 build/default/debug/main.o
                0x00000000000025b8                Charge_Entry

.text.I2C_EVENT_IDLE
                0x00000000000025c8        0xe
 .text.I2C_EVENT_IDLE
                0x00000000000025c8        0xe build/default/debug/mcc_generated_files/i2c_host/src/twi1.o

.text.VREF_Initialize
                0x00000000000025d6        0xe
 .text.VREF_Initialize
                0x00000000000025d6        0xe build/default/debug/mcc_generated_files/vref/src/vref.o
                0x00000000000025d6                VREF_Initialize

.text           0x00000000000025e4        0xe
 .text          0x00000000000025e4        0xe c:/program files/microchip/xc8/v3.10/avr/bin/../lib/gcc/avr/5.4.0/../../../../avr/lib/avrxmega4/memx-const/mapped\libm.a(addsf3.o)
                0x00000000000025e4                __subsf3
                0x00000000000025e6                __addsf3

.text           0x00000000000025f2        0xe
 .text          0x00000000000025f2        0xe c:/program files/microchip/xc8/v3.10/avr/bin/../lib/gcc/avr/5.4.0/../../../../avr/lib/avrxmega4/memx-const/mapped\libm.a(fp_pscA.o)
                0x00000000000025f2                __fp_pscA

.text           0x0000000000002600        0xe
 .text          0x0000000000002600        0xe c:/program files/microchip/xc8/v3.10/avr/bin/../lib/gcc/avr/5.4.0/../../../../avr/lib/avrxmega4/memx-const/mapped\libm.a(fp_pscB.o)
                0x0000000000002600                __fp_pscB

.text           0x000000000000260e        0xe
 .text          0x000000000000260e        0xe c:/program files/microchip/xc8/v3.10/avr/bin/../lib/gcc/avr/5.4.0/../../../../avr/lib/avrxmega4/memx-const/mapped\libm.a(fp_zero.o)
                0x000000000000260e                __fp_zero
                0x0000000000002610                __fp_szero

.text.I2C_EVENT_ERROR
                0x000000000000261c        0xc
 .text.I2C_EVENT_ERROR
                0x000000000000261c        0xc build/default/debug/mcc_generated_files/i2c_host/src/twi1.o

.text.NVM_StatusClear
                0x0000000000002628        0xc
 .text.NVM_StatusClear
                0x0000000000002628        0xc build/default/debug/mcc_generated_files/nvm/src/nvm.o
                0x0000000000002628                NVM_StatusClear

.text           0x0000000000002634        0xc
 .text          0x0000000000002634        0xc c:/program files/microchip/xc8/v3.10/avr/bin/../lib/gcc/avr/5.4.0/../../../../avr/lib/avrxmega4/memx-const/mapped\libm.a(fp_inf.o)
                0x0000000000002634                __fp_inf

.text.ADC0_ConversionDoneCallbackRegister
                0x0000000000002640        0xa
 .text.ADC0_ConversionDoneCallbackRegister
                0x0000000000002640        0xa build/default/debug/mcc_generated_files/adc/src/adc0.o
                0x0000000000002640                ADC0_ConversionDoneCallbackRegister

.text.TWI1_ReadStart
                0x000000000000264a        0xa
 .text.TWI1_ReadStart
                0x000000000000264a        0xa build/default/debug/mcc_generated_files/i2c_host/src/twi1.o

.text.TWI1_WriteStart
                0x0000000000002654        0xa
 .text.TWI1_WriteStart
                0x0000000000002654        0xa build/default/debug/mcc_generated_files/i2c_host/src/twi1.o

.text.Lader_Output_SetInterruptHandler
                0x000000000000265e        0xa
 .text.Lader_Output_SetInterruptHandler
                0x000000000000265e        0xa build/default/debug/mcc_generated_files/system/src/pins.o
                0x000000000000265e                Lader_Output_SetInterruptHandler

.text.SCL_LTC2943_SetInterruptHandler
                0x0000000000002668        0xa
 .text.SCL_LTC2943_SetInterruptHandler
                0x0000000000002668        0xa build/default/debug/mcc_generated_files/system/src/pins.o
                0x0000000000002668                SCL_LTC2943_SetInterruptHandler

.text.SDA_LTC2943_SetInterruptHandler
                0x0000000000002672        0xa
 .text.SDA_LTC2943_SetInterruptHandler
                0x0000000000002672        0xa build/default/debug/mcc_generated_files/system/src/pins.o
                0x0000000000002672                SDA_LTC2943_SetInterruptHandler

.text.SCL_Slave_SetInterruptHandler
                0x000000000000267c        0xa
 .text.SCL_Slave_SetInterruptHandler
                0x000000000000267c        0xa build/default/debug/mcc_generated_files/system/src/pins.o
                0x000000000000267c                SCL_Slave_SetInterruptHandler

.text.SDA_Slave_SetInterruptHandler
                0x0000000000002686        0xa
 .text.SDA_Slave_SetInterruptHandler
                0x0000000000002686        0xa build/default/debug/mcc_generated_files/system/src/pins.o
                0x0000000000002686                SDA_Slave_SetInterruptHandler

.text.Cell_2_Pin_SetInterruptHandler
                0x0000000000002690        0xa
 .text.Cell_2_Pin_SetInterruptHandler
                0x0000000000002690        0xa build/default/debug/mcc_generated_files/system/src/pins.o
                0x0000000000002690                Cell_2_Pin_SetInterruptHandler

.text.Cell_1_Pin_SetInterruptHandler
                0x000000000000269a        0xa
 .text.Cell_1_Pin_SetInterruptHandler
                0x000000000000269a        0xa build/default/debug/mcc_generated_files/system/src/pins.o
                0x000000000000269a                Cell_1_Pin_SetInterruptHandler

.text.Cell_4_Pin_SetInterruptHandler
                0x00000000000026a4        0xa
 .text.Cell_4_Pin_SetInterruptHandler
                0x00000000000026a4        0xa build/default/debug/mcc_generated_files/system/src/pins.o
                0x00000000000026a4                Cell_4_Pin_SetInterruptHandler

.text.Cell_3_Pin_SetInterruptHandler
                0x00000000000026ae        0xa
 .text.Cell_3_Pin_SetInterruptHandler
                0x00000000000026ae        0xa build/default/debug/mcc_generated_files/system/src/pins.o
                0x00000000000026ae                Cell_3_Pin_SetInterruptHandler

.text.Temp_Cell_4_Pin_SetInterruptHandler
                0x00000000000026b8        0xa
 .text.Temp_Cell_4_Pin_SetInterruptHandler
                0x00000000000026b8        0xa build/default/debug/mcc_generated_files/system/src/pins.o
                0x00000000000026b8                Temp_Cell_4_Pin_SetInterruptHandler

.text.Temp_Cell_3_Pin_SetInterruptHandler
                0x00000000000026c2        0xa
 .text.Temp_Cell_3_Pin_SetInterruptHandler
                0x00000000000026c2        0xa build/default/debug/mcc_generated_files/system/src/pins.o
                0x00000000000026c2                Temp_Cell_3_Pin_SetInterruptHandler

.text.Temp_Cell_2_Pin_SetInterruptHandler
                0x00000000000026cc        0xa
 .text.Temp_Cell_2_Pin_SetInterruptHandler
                0x00000000000026cc        0xa build/default/debug/mcc_generated_files/system/src/pins.o
                0x00000000000026cc                Temp_Cell_2_Pin_SetInterruptHandler

.text.Temp_Cell_1_Pin_SetInterruptHandler
                0x00000000000026d6        0xa
 .text.Temp_Cell_1_Pin_SetInterruptHandler
                0x00000000000026d6        0xa build/default/debug/mcc_generated_files/system/src/pins.o
                0x00000000000026d6                Temp_Cell_1_Pin_SetInterruptHandler

.text.Check_3V3_Pin_SetInterruptHandler
                0x00000000000026e0        0xa
 .text.Check_3V3_Pin_SetInterruptHandler
                0x00000000000026e0        0xa build/default/debug/mcc_generated_files/system/src/pins.o
                0x00000000000026e0                Check_3V3_Pin_SetInterruptHandler

.text.BFG_Alert_SetInterruptHandler
                0x00000000000026ea        0xa
 .text.BFG_Alert_SetInterruptHandler
                0x00000000000026ea        0xa build/default/debug/mcc_generated_files/system/src/pins.o
                0x00000000000026ea                BFG_Alert_SetInterruptHandler

.text.Lader_Input_SetInterruptHandler
                0x00000000000026f4        0xa
 .text.Lader_Input_SetInterruptHandler
                0x00000000000026f4        0xa build/default/debug/mcc_generated_files/system/src/pins.o
                0x00000000000026f4                Lader_Input_SetInterruptHandler

.text.EN_EXT_Balance_SetInterruptHandler
                0x00000000000026fe        0xa
 .text.EN_EXT_Balance_SetInterruptHandler
                0x00000000000026fe        0xa build/default/debug/mcc_generated_files/system/src/pins.o
                0x00000000000026fe                EN_EXT_Balance_SetInterruptHandler

.text.Drain_Cell_1_SetInterruptHandler
                0x0000000000002708        0xa
 .text.Drain_Cell_1_SetInterruptHandler
                0x0000000000002708        0xa build/default/debug/mcc_generated_files/system/src/pins.o
                0x0000000000002708                Drain_Cell_1_SetInterruptHandler

.text.Drain_Cell_2_SetInterruptHandler
                0x0000000000002712        0xa
 .text.Drain_Cell_2_SetInterruptHandler
                0x0000000000002712        0xa build/default/debug/mcc_generated_files/system/src/pins.o
                0x0000000000002712                Drain_Cell_2_SetInterruptHandler

.text.Drain_Cell_3_SetInterruptHandler
                0x000000000000271c        0xa
 .text.Drain_Cell_3_SetInterruptHandler
                0x000000000000271c        0xa build/default/debug/mcc_generated_files/system/src/pins.o
                0x000000000000271c                Drain_Cell_3_SetInterruptHandler

.text.Drain_Cell_4_SetInterruptHandler
                0x0000000000002726        0xa
 .text.Drain_Cell_4_SetInterruptHandler
                0x0000000000002726        0xa build/default/debug/mcc_generated_files/system/src/pins.o
                0x0000000000002726                Drain_Cell_4_SetInterruptHandler

.text.EN_Buck_SetInterruptHandler
                0x0000000000002730        0xa
 .text.EN_Buck_SetInterruptHandler
                0x0000000000002730        0xa build/default/debug/mcc_generated_files/system/src/pins.o
                0x0000000000002730                EN_Buck_SetInterruptHandler

.text.EN_Batt_SetInterruptHandler
                0x000000000000273a        0xa
 .text.EN_Batt_SetInterruptHandler
                0x000000000000273a        0xa build/default/debug/mcc_generated_files/system/src/pins.o
                0x000000000000273a                EN_Batt_SetInterruptHandler

.text.EN_Lader_SetInterruptHandler
                0x0000000000002744        0xa
 .text.EN_Lader_SetInterruptHandler
                0x0000000000002744        0xa build/default/debug/mcc_generated_files/system/src/pins.o
                0x0000000000002744                EN_Lader_SetInterruptHandler

.text.LED_SetInterruptHandler
                0x000000000000274e        0xa
 .text.LED_SetInterruptHandler
                0x000000000000274e        0xa build/default/debug/mcc_generated_files/system/src/pins.o
                0x000000000000274e                LED_SetInterruptHandler

.text.protected_write_io
                0x0000000000002758        0xa
 .text.protected_write_io
                0x0000000000002758        0xa build/default/debug/mcc_generated_files/system/src/protected_io.o
                0x0000000000002758                protected_write_io

.text.TCB0_OverflowCallbackRegister
                0x0000000000002762        0xa
 .text.TCB0_OverflowCallbackRegister
                0x0000000000002762        0xa build/default/debug/mcc_generated_files/timer/src/tcb0.o
                0x0000000000002762                TCB0_OverflowCallbackRegister

.text.TCB0_CaptureCallbackRegister
                0x000000000000276c        0xa
 .text.TCB0_CaptureCallbackRegister
                0x000000000000276c        0xa build/default/debug/mcc_generated_files/timer/src/tcb0.o
                0x000000000000276c                TCB0_CaptureCallbackRegister

.text.set_home_status
                0x0000000000002776        0xa
 .text.set_home_status
                0x0000000000002776        0xa build/default/debug/main.o
                0x0000000000002776                set_home_status

.text.Discharge_Entry
                0x0000000000002780        0xa
 .text.Discharge_Entry
                0x0000000000002780        0xa build/default/debug/main.o
                0x0000000000002780                Discharge_Entry

.text.Update_Timed_Functions
                0x000000000000278a        0xa
 .text.Update_Timed_Functions
                0x000000000000278a        0xa build/default/debug/Libraries/src/Timed_Functions.o
                0x000000000000278a                Update_Timed_Functions

.text.Setup_Timed_Functions
                0x0000000000002794        0xa
 .text.Setup_Timed_Functions
                0x0000000000002794        0xa build/default/debug/Libraries/src/Timed_Functions.o
                0x0000000000002794                Setup_Timed_Functions

.text           0x000000000000279e        0xa
 .text          0x000000000000279e        0xa c:/program files/microchip/xc8/v3.10/avr/bin/../lib/gcc/avr/5.4.0/../../../../avr/lib/avrxmega4/memx-const/mapped\libm.a(cmpsf2.o)
                0x000000000000279e                __nesf2
                0x000000000000279e                __eqsf2
                0x000000000000279e                __cmpsf2
                0x000000000000279e                __ltsf2
                0x000000000000279e                __lesf2

.text.BFG_Alert_ISR
                0x00000000000027a8        0x8
 .text.BFG_Alert_ISR
                0x00000000000027a8        0x8 build/default/debug/main.o
                0x00000000000027a8                BFG_Alert_ISR

.text.Discharge_Exit
                0x00000000000027b0        0x8
 .text.Discharge_Exit
                0x00000000000027b0        0x8 build/default/debug/main.o
                0x00000000000027b0                Discharge_Exit

.text           0x00000000000027b8        0x8
 .text          0x00000000000027b8        0x8 c:/program files/microchip/xc8/v3.10/avr/bin/../lib/gcc/avr/5.4.0/../../../../avr/lib/avrxmega4/memx-const/mapped\libm.a(divsf3.o)
                0x00000000000027b8                __divsf3

.text           0x00000000000027c0        0x8
 .text          0x00000000000027c0        0x8 c:/program files/microchip/xc8/v3.10/avr/bin/../lib/gcc/avr/5.4.0/../../../../avr/lib/avrxmega4/memx-const/mapped\libm.a(mulsf3.o)
                0x00000000000027c0                __mulsf3

.text.ADC0_ChannelSelect
                0x00000000000027c8        0x6
 .text.ADC0_ChannelSelect
                0x00000000000027c8        0x6 build/default/debug/mcc_generated_files/adc/src/adc0.o
                0x00000000000027c8                ADC0_ChannelSelect

.text.I2C_EVENT_NACK
                0x00000000000027ce        0x6
 .text.I2C_EVENT_NACK
                0x00000000000027ce        0x6 build/default/debug/mcc_generated_files/i2c_host/src/twi1.o

.text.Overvolt  0x00000000000027d4        0x6
 .text.Overvolt
                0x00000000000027d4        0x6 build/default/debug/main.o
                0x00000000000027d4                Overvolt

.text           0x00000000000027da        0x6
 .text          0x00000000000027da        0x6 c:/program files/microchip/xc8/v3.10/avr/bin/../lib/gcc/avr/5.4.0/../../../../avr/lib/avrxmega4/memx-const/mapped\libm.a(fp_nan.o)
                0x00000000000027da                __fp_nan

.text           0x00000000000027e0        0x4
 .text          0x00000000000027e0        0x4 C:/Program Files/Microchip/MPLABX/v6.25/packs/Microchip/AVR-Dx_DFP/2.7.321/xc8/avr/lib/avrxmega4/memx-const/mapped/crtavr128db32.o
                0x00000000000027e0                __vector_38
                0x00000000000027e0                __vector_22
                0x00000000000027e0                __vector_28
                0x00000000000027e0                __vector_1
                0x00000000000027e0                __vector_32
                0x00000000000027e0                __vector_34
                0x00000000000027e0                __vector_12
                0x00000000000027e0                __bad_interrupt
                0x00000000000027e0                __vector_31
                0x00000000000027e0                __vector_39
                0x00000000000027e0                __vector_3
                0x00000000000027e0                __vector_23
                0x00000000000027e0                __vector_25
                0x00000000000027e0                __vector_11
                0x00000000000027e0                __vector_13
                0x00000000000027e0                __vector_17
                0x00000000000027e0                __vector_19
                0x00000000000027e0                __vector_7
                0x00000000000027e0                __vector_41
                0x00000000000027e0                __vector_33
                0x00000000000027e0                __vector_37
                0x00000000000027e0                __vector_4
                0x00000000000027e0                __vector_9
                0x00000000000027e0                __vector_2
                0x00000000000027e0                __vector_21
                0x00000000000027e0                __vector_15
                0x00000000000027e0                __vector_36
                0x00000000000027e0                __vector_29
                0x00000000000027e0                __vector_40
                0x00000000000027e0                __vector_10
                0x00000000000027e0                __vector_16
                0x00000000000027e0                __vector_20
                0x00000000000027e0                __vector_42

.text.Batt_Full_Entry
                0x00000000000027e4        0x4
 .text.Batt_Full_Entry
                0x00000000000027e4        0x4 build/default/debug/main.o
                0x00000000000027e4                Batt_Full_Entry

.text._Exit     0x00000000000027e8        0x4
 .text._Exit    0x00000000000027e8        0x4 c:/program files/microchip/xc8/v3.10/avr/bin/../lib/gcc/avr/5.4.0/../../../../avr/lib/avrxmega4/memx-const/mapped\libc.a(_Exit.o)
                0x00000000000027e8                _Exit

.text.Lader_Output_DefaultInterruptHandler
                0x00000000000027ec        0x2
 .text.Lader_Output_DefaultInterruptHandler
                0x00000000000027ec        0x2 build/default/debug/mcc_generated_files/system/src/pins.o
                0x00000000000027ec                Lader_Output_DefaultInterruptHandler

.text.SCL_LTC2943_DefaultInterruptHandler
                0x00000000000027ee        0x2
 .text.SCL_LTC2943_DefaultInterruptHandler
                0x00000000000027ee        0x2 build/default/debug/mcc_generated_files/system/src/pins.o
                0x00000000000027ee                SCL_LTC2943_DefaultInterruptHandler

.text.SDA_LTC2943_DefaultInterruptHandler
                0x00000000000027f0        0x2
 .text.SDA_LTC2943_DefaultInterruptHandler
                0x00000000000027f0        0x2 build/default/debug/mcc_generated_files/system/src/pins.o
                0x00000000000027f0                SDA_LTC2943_DefaultInterruptHandler

.text.SCL_Slave_DefaultInterruptHandler
                0x00000000000027f2        0x2
 .text.SCL_Slave_DefaultInterruptHandler
                0x00000000000027f2        0x2 build/default/debug/mcc_generated_files/system/src/pins.o
                0x00000000000027f2                SCL_Slave_DefaultInterruptHandler

.text.SDA_Slave_DefaultInterruptHandler
                0x00000000000027f4        0x2
 .text.SDA_Slave_DefaultInterruptHandler
                0x00000000000027f4        0x2 build/default/debug/mcc_generated_files/system/src/pins.o
                0x00000000000027f4                SDA_Slave_DefaultInterruptHandler

.text.Cell_2_Pin_DefaultInterruptHandler
                0x00000000000027f6        0x2
 .text.Cell_2_Pin_DefaultInterruptHandler
                0x00000000000027f6        0x2 build/default/debug/mcc_generated_files/system/src/pins.o
                0x00000000000027f6                Cell_2_Pin_DefaultInterruptHandler

.text.Cell_1_Pin_DefaultInterruptHandler
                0x00000000000027f8        0x2
 .text.Cell_1_Pin_DefaultInterruptHandler
                0x00000000000027f8        0x2 build/default/debug/mcc_generated_files/system/src/pins.o
                0x00000000000027f8                Cell_1_Pin_DefaultInterruptHandler

.text.Cell_4_Pin_DefaultInterruptHandler
                0x00000000000027fa        0x2
 .text.Cell_4_Pin_DefaultInterruptHandler
                0x00000000000027fa        0x2 build/default/debug/mcc_generated_files/system/src/pins.o
                0x00000000000027fa                Cell_4_Pin_DefaultInterruptHandler

.text.Cell_3_Pin_DefaultInterruptHandler
                0x00000000000027fc        0x2
 .text.Cell_3_Pin_DefaultInterruptHandler