Archive member included to satisfy reference by file (symbol)

c:/progra~1/microc~1/xc8/v3.10/avr/bin/../lib/gcc/avr/5.4.0/avrxmega4\libgcc.a(_udivmodhi4.o)
                              CMakeFiles\I2C_SLAVE_AVR28_V2_X_default_default_XC8_compile.dir\C_\Git_repositories\PIB2025\AVR128DB32_I2C_Test.X\main.c.o (__udivmodhi4)
c:/progra~1/microc~1/xc8/v3.10/avr/bin/../lib/gcc/avr/5.4.0/avrxmega4\libgcc.a(_tablejump2.o)
                              CMakeFiles\I2C_SLAVE_AVR28_V2_X_default_default_XC8_compile.dir\C_\Git_repositories\PIB2025\AVR128DB32_I2C_Test.X\Libraries\src\I2C.c.o (__tablejump2__)
c:/progra~1/microc~1/xc8/v3.10/avr/bin/../lib/gcc/avr/5.4.0/avrxmega4\libgcc.a(_copy_data.o)
                              CMakeFiles\I2C_SLAVE_AVR28_V2_X_default_default_XC8_compile.dir\C_\Git_repositories\PIB2025\AVR128DB32_I2C_Test.X\Libraries\src\I2C.c.o (__do_copy_data)
c:/progra~1/microc~1/xc8/v3.10/avr/bin/../lib/gcc/avr/5.4.0/avrxmega4\libgcc.a(_adddi3_s8.o)
                              CMakeFiles\I2C_SLAVE_AVR28_V2_X_default_default_XC8_compile.dir\C_\Git_repositories\PIB2025\AVR128DB32_I2C_Test.X\Libraries\src\Timed_Functions.c.o (__adddi3_s8)
c:/progra~1/microc~1/xc8/v3.10/avr/bin/../lib/gcc/avr/5.4.0/avrxmega4\libgcc.a(_cmpdi2.o)
                              CMakeFiles\I2C_SLAVE_AVR28_V2_X_default_default_XC8_compile.dir\C_\Git_repositories\PIB2025\AVR128DB32_I2C_Test.X\Libraries\src\Timed_Functions.c.o (__cmpdi2)
c:/progra~1/microc~1/xc8/v3.10/avr/bin/../lib/gcc/avr/5.4.0/../../../../avr/lib/avrxmega4\libm.a(addsf3.o)
                              CMakeFiles\I2C_SLAVE_AVR28_V2_X_default_default_XC8_compile.dir\C_\Git_repositories\PIB2025\AVR128DB32_I2C_Test.X\main.c.o (__addsf3)
c:/progra~1/microc~1/xc8/v3.10/avr/bin/../lib/gcc/avr/5.4.0/../../../../avr/lib/avrxmega4\libm.a(addsf3x.o)
                              c:/progra~1/microc~1/xc8/v3.10/avr/bin/../lib/gcc/avr/5.4.0/../../../../avr/lib/avrxmega4\libm.a(addsf3.o) (__addsf3x)
c:/progra~1/microc~1/xc8/v3.10/avr/bin/../lib/gcc/avr/5.4.0/../../../../avr/lib/avrxmega4\libm.a(divsf3.o)
                              CMakeFiles\I2C_SLAVE_AVR28_V2_X_default_default_XC8_compile.dir\C_\Git_repositories\PIB2025\AVR128DB32_I2C_Test.X\main.c.o (__divsf3)
c:/progra~1/microc~1/xc8/v3.10/avr/bin/../lib/gcc/avr/5.4.0/../../../../avr/lib/avrxmega4\libm.a(divsf3x.o)
                              c:/progra~1/microc~1/xc8/v3.10/avr/bin/../lib/gcc/avr/5.4.0/../../../../avr/lib/avrxmega4\libm.a(divsf3.o) (__divsf3x)
c:/progra~1/microc~1/xc8/v3.10/avr/bin/../lib/gcc/avr/5.4.0/../../../../avr/lib/avrxmega4\libm.a(fixunssfsi.o)
                              CMakeFiles\I2C_SLAVE_AVR28_V2_X_default_default_XC8_compile.dir\C_\Git_repositories\PIB2025\AVR128DB32_I2C_Test.X\main.c.o (__fixunssfsi)
c:/progra~1/microc~1/xc8/v3.10/avr/bin/../lib/gcc/avr/5.4.0/../../../../avr/lib/avrxmega4\libm.a(floatsisf.o)
                              CMakeFiles\I2C_SLAVE_AVR28_V2_X_default_default_XC8_compile.dir\C_\Git_repositories\PIB2025\AVR128DB32_I2C_Test.X\main.c.o (__floatunsisf)
c:/progra~1/microc~1/xc8/v3.10/avr/bin/../lib/gcc/avr/5.4.0/../../../../avr/lib/avrxmega4\libm.a(fp_inf.o)
                              c:/progra~1/microc~1/xc8/v3.10/avr/bin/../lib/gcc/avr/5.4.0/../../../../avr/lib/avrxmega4\libm.a(addsf3x.o) (__fp_inf)
c:/progra~1/microc~1/xc8/v3.10/avr/bin/../lib/gcc/avr/5.4.0/../../../../avr/lib/avrxmega4\libm.a(fp_nan.o)
                              c:/progra~1/microc~1/xc8/v3.10/avr/bin/../lib/gcc/avr/5.4.0/../../../../avr/lib/avrxmega4\libm.a(addsf3x.o) (__fp_nan)
c:/progra~1/microc~1/xc8/v3.10/avr/bin/../lib/gcc/avr/5.4.0/../../../../avr/lib/avrxmega4\libm.a(fp_pscA.o)
                              c:/progra~1/microc~1/xc8/v3.10/avr/bin/../lib/gcc/avr/5.4.0/../../../../avr/lib/avrxmega4\libm.a(addsf3x.o) (__fp_pscA)
c:/progra~1/microc~1/xc8/v3.10/avr/bin/../lib/gcc/avr/5.4.0/../../../../avr/lib/avrxmega4\libm.a(fp_pscB.o)
                              c:/progra~1/microc~1/xc8/v3.10/avr/bin/../lib/gcc/avr/5.4.0/../../../../avr/lib/avrxmega4\libm.a(addsf3x.o) (__fp_pscB)
c:/progra~1/microc~1/xc8/v3.10/avr/bin/../lib/gcc/avr/5.4.0/../../../../avr/lib/avrxmega4\libm.a(fp_round.o)
                              c:/progra~1/microc~1/xc8/v3.10/avr/bin/../lib/gcc/avr/5.4.0/../../../../avr/lib/avrxmega4\libm.a(addsf3.o) (__fp_round)
c:/progra~1/microc~1/xc8/v3.10/avr/bin/../lib/gcc/avr/5.4.0/../../../../avr/lib/avrxmega4\libm.a(fp_split3.o)
                              c:/progra~1/microc~1/xc8/v3.10/avr/bin/../lib/gcc/avr/5.4.0/../../../../avr/lib/avrxmega4\libm.a(addsf3x.o) (__fp_split3)
c:/progra~1/microc~1/xc8/v3.10/avr/bin/../lib/gcc/avr/5.4.0/../../../../avr/lib/avrxmega4\libm.a(fp_zero.o)
                              c:/progra~1/microc~1/xc8/v3.10/avr/bin/../lib/gcc/avr/5.4.0/../../../../avr/lib/avrxmega4\libm.a(addsf3x.o) (__fp_zero)
c:/progra~1/microc~1/xc8/v3.10/avr/bin/../lib/gcc/avr/5.4.0/../../../../avr/lib/avrxmega4\libm.a(mulsf3.o)
[...]
Memory Configuration

Name             Origin             Length             Attributes
text             0x0000000000000000 0x0000000000020000 xr
data             0x0000000000804000 0x0000000000004000 rw !x
eeprom           0x0000000000810000 0x0000000000000200 rw !x
fuse             0x0000000000820000 0x0000000000000010 rw !x
lock             0x0000000000830000 0x0000000000000400 rw !x
signature        0x0000000000840000 0x0000000000000400 rw !x
user_signatures  0x0000000000850000 0x0000000000000400 rw !x
bootrow          0x0000000000860000 0x0000000000000400 rw !x
*default*        0x0000000000000000 0xffffffffffffffff

Linker script and memory map

Address of section .data set to 0x804000
                0x0000000000008000                __RODATA_PM_OFFSET__ = 0x8000
LOAD C:/Users/Niels/.mchp_packs/Microchip/AVR-Dx_DFP/2.7.321/xc8/avr/lib/avrxmega4/crtavr128db32.o
                0x0000000000000001                __MPLAB_BUILD = 0x1
                0x0000000000000001                __MPLAB_DEBUG = 0x1
                0x0000000000000001                __DEBUG = 0x1
LOAD CMakeFiles\I2C_SLAVE_AVR28_V2_X_default_default_XC8_assemblePreprocess.dir\234880e3866bbcdd0bcd5253c76c3f99\mcc_generated_files\system\src\protected_io.S.o
LOAD CMakeFiles\I2C_SLAVE_AVR28_V2_X_default_default_XC8_compile.dir\C_\Git_repositories\PIB2025\AVR128DB32_I2C_Test.X\Libraries\src\I2C.c.o
LOAD CMakeFiles\I2C_SLAVE_AVR28_V2_X_default_default_XC8_compile.dir\C_\Git_repositories\PIB2025\AVR128DB32_I2C_Test.X\Libraries\src\Timed_Functions.c.o
LOAD CMakeFiles\I2C_SLAVE_AVR28_V2_X_default_default_XC8_compile.dir\C_\Git_repositories\PIB2025\AVR128DB32_I2C_Test.X\main.c.o
LOAD CMakeFiles\I2C_SLAVE_AVR28_V2_X_default_default_XC8_compile.dir\C_\Git_repositories\PIB2025\AVR128DB32_I2C_Test.X\mcc_generated_files\adc\src\adc0.c.o
LOAD CMakeFiles\I2C_SLAVE_AVR28_V2_X_default_default_XC8_compile.dir\C_\Git_repositories\PIB2025\AVR128DB32_I2C_Test.X\mcc_generated_files\evsys\src\evsys.c.o
LOAD CMakeFiles\I2C_SLAVE_AVR28_V2_X_default_default_XC8_compile.dir\C_\Git_repositories\PIB2025\AVR128DB32_I2C_Test.X\mcc_generated_files\i2c_client\src\twi0.c.o
LOAD CMakeFiles\I2C_SLAVE_AVR28_V2_X_default_default_XC8_compile.dir\C_\Git_repositories\PIB2025\AVR128DB32_I2C_Test.X\mcc_generated_files\i2c_host\src\twi1.c.o
LOAD CMakeFiles\I2C_SLAVE_AVR28_V2_X_default_default_XC8_compile.dir\C_\Git_repositories\PIB2025\AVR128DB32_I2C_Test.X\mcc_generated_files\nvm\src\nvm.c.o
LOAD CMakeFiles\I2C_SLAVE_AVR28_V2_X_default_default_XC8_compile.dir\C_\Git_repositories\PIB2025\AVR128DB32_I2C_Test.X\mcc_generated_files\power\src\power.c.o
LOAD CMakeFiles\I2C_SLAVE_AVR28_V2_X_default_default_XC8_compile.dir\C_\Git_repositories\PIB2025\AVR128DB32_I2C_Test.X\mcc_generated_files\reset\src\rstctrl.c.o
LOAD CMakeFiles\I2C_SLAVE_AVR28_V2_X_default_default_XC8_compile.dir\C_\Git_repositories\PIB2025\AVR128DB32_I2C_Test.X\mcc_generated_files\system\src\clock.c.o
LOAD CMakeFiles\I2C_SLAVE_AVR28_V2_X_default_default_XC8_compile.dir\C_\Git_repositories\PIB2025\AVR128DB32_I2C_Test.X\mcc_generated_files\system\src\config_bits.c.o
LOAD CMakeFiles\I2C_SLAVE_AVR28_V2_X_default_default_XC8_compile.dir\C_\Git_repositories\PIB2025\AVR128DB32_I2C_Test.X\mcc_generated_files\system\src\interrupt.c.o
LOAD CMakeFiles\I2C_SLAVE_AVR28_V2_X_default_default_XC8_compile.dir\C_\Git_repositories\PIB2025\AVR128DB32_I2C_Test.X\mcc_generated_files\system\src\pins.c.o
LOAD CMakeFiles\I2C_SLAVE_AVR28_V2_X_default_default_XC8_compile.dir\C_\Git_repositories\PIB2025\AVR128DB32_I2C_Test.X\mcc_generated_files\system\src\system.c.o
LOAD CMakeFiles\I2C_SLAVE_AVR28_V2_X_default_default_XC8_compile.dir\C_\Git_repositories\PIB2025\AVR128DB32_I2C_Test.X\mcc_generated_files\timer\src\delay.c.o
LOAD CMakeFiles\I2C_SLAVE_AVR28_V2_X_default_default_XC8_compile.dir\C_\Git_repositories\PIB2025\AVR128DB32_I2C_Test.X\mcc_generated_files\timer\src\rtc.c.o
LOAD CMakeFiles\I2C_SLAVE_AVR28_V2_X_default_default_XC8_compile.dir\C_\Git_repositories\PIB2025\AVR128DB32_I2C_Test.X\mcc_generated_files\timer\src\tca0.c.o
LOAD CMakeFiles\I2C_SLAVE_AVR28_V2_X_default_default_XC8_compile.dir\C_\Git_repositories\PIB2025\AVR128DB32_I2C_Test.X\mcc_generated_files\timer\src\tcb0.c.o
LOAD CMakeFiles\I2C_SLAVE_AVR28_V2_X_default_default_XC8_compile.dir\C_\Git_repositories\PIB2025\AVR128DB32_I2C_Test.X\mcc_generated_files\vref\src\vref.c.o
START GROUP
LOAD c:/progra~1/microc~1/xc8/v3.10/avr/bin/../lib/gcc/avr/5.4.0/avrxmega4\libgcc.a
LOAD c:/progra~1/microc~1/xc8/v3.10/avr/bin/../lib/gcc/avr/5.4.0/../../../../avr/lib/avrxmega4\libm.a
LOAD c:/progra~1/microc~1/xc8/v3.10/avr/bin/../lib/gcc/avr/5.4.0/../../../../avr/lib/avrxmega4\libc.a
LOAD C:/Users/Niels/.mchp_packs/Microchip/AVR-Dx_DFP/2.7.321/xc8/avr/lib/avrxmega4\libavr128db32.a
END GROUP
                [0x0000000000000000]                __TEXT_REGION_ORIGIN__ = DEFINED (__TEXT_REGION_ORIGIN__)?__TEXT_REGION_ORIGIN__:0x0
                [0x0000000000804000]                __DATA_REGION_ORIGIN__ = DEFINED (__DATA_REGION_ORIGIN__)?__DATA_REGION_ORIGIN__:0x802000
                [0x0000000000020000]                __TEXT_REGION_LENGTH__ = DEFINED (__TEXT_REGION_LENGTH__)?__TEXT_REGION_LENGTH__:0x100000
                [0x0000000000004000]                __DATA_REGION_LENGTH__ = DEFINED (__DATA_REGION_LENGTH__)?__DATA_REGION_LENGTH__:0xffa0
                [0x0000000000000200]                __EEPROM_REGION_LENGTH__ = DEFINED (__EEPROM_REGION_LENGTH__)?__EEPROM_REGION_LENGTH__:0x10000
                [0x0000000000000010]                __FUSE_REGION_LENGTH__ = DEFINED (__FUSE_REGION_LENGTH__)?__FUSE_REGION_LENGTH__:0x400
                0x0000000000000400                __LOCK_REGION_LENGTH__ = DEFINED (__LOCK_REGION_LENGTH__)?__LOCK_REGION_LENGTH__:0x400
                0x0000000000000400                __SIGNATURE_REGION_LENGTH__ = DEFINED (__SIGNATURE_REGION_LENGTH__)?__SIGNATURE_REGION_LENGTH__:0x400
                0x0000000000000400                __USER_SIGNATURE_REGION_LENGTH__ = DEFINED (__USER_SIGNATURE_REGION_LENGTH__)?__USER_SIGNATURE_REGION_LENGTH__:0x400
                0x0000000000000400                __BOOTROW_REGION_LENGTH__ = DEFINED (__BOOTROW_REGION_LENGTH__)?__BOOTROW_REGION_LENGTH__:0x400

.hash
 *(.hash)

.dynsym
 *(.dynsym)

.dynstr
 *(.dynstr)

.gnu.version
 *(.gnu.version)

.gnu.version_d
 *(.gnu.version_d)

.gnu.version_r
 *(.gnu.version_r)

.rel.init
 *(.rel.init)

.rela.init
 *(.rela.init)

.rel.text
 *(.rel.text)
 *(.rel.text.*)
 *(.rel.gnu.linkonce.t*)

.rela.text
 *(.rela.text)
 *(.rela.text.*)
 *(.rela.gnu.linkonce.t*)

.rel.fini
 *(.rel.fini)

.rela.fini
 *(.rela.fini)

.rel.rodata
 *(.rel.rodata)
 *(.rel.rodata.*)
 *(.rel.gnu.linkonce.r*)

.rela.rodata
 *(.rela.rodata)
 *(.rela.rodata.*)
 *(.rela.gnu.linkonce.r*)

.rel.data
 *(.rel.data)
 *(.rel.data.*)
 *(.rel.gnu.linkonce.d*)

.rela.data
 *(.rela.data)
 *(.rela.data.*)
 *(.rela.gnu.linkonce.d*)

.rel.ctors
 *(.rel.ctors)

.rela.ctors
 *(.rela.ctors)

.rel.dtors
 *(.rel.dtors)

.rela.dtors
 *(.rela.dtors)

.rel.got
 *(.rel.got)

.rela.got
 *(.rela.got)

.rel.bss
 *(.rel.bss)

.rela.bss
 *(.rela.bss)

.rel.plt
 *(.rel.plt)

.rela.plt
 *(.rela.plt)

.text           0x0000000000000000      0x148
 *(.vectors)
 .vectors       0x0000000000000000       0xb0 C:/Users/Niels/.mchp_packs/Microchip/AVR-Dx_DFP/2.7.321/xc8/avr/lib/avrxmega4/crtavr128db32.o
                0x0000000000000000                __vector_default
                0x0000000000000000                __vectors
 *(.vectors)
 *(.progmem.gcc*)
 .progmem.gcc_sw_table.ADC0_Conversion_Done_ISR
                0x00000000000000b0       0x10 CMakeFiles\I2C_SLAVE_AVR28_V2_X_default_default_XC8_compile.dir\C_\Git_repositories\PIB2025\AVR128DB32_I2C_Test.X\main.c.o
 *(.dinit)
 .dinit         0x00000000000000c0       0x30 data_init
                0x00000000000000f0                . = ALIGN (0x2)
                0x00000000000000f0                __trampolines_start = .
 *(.trampolines)
 .trampolines   0x00000000000000f0        0x0 linker stubs
 *(.trampolines*)
                0x00000000000000f0                __trampolines_end = .
 *libprintf_flt.a:*(.progmem.data)
 *libc.a:*(.progmem.data)
                0x00000000000000f0                . = ALIGN (0x2)
 *(.jumptables)
 *(.jumptables*)
 *(.lowtext)
 *(.lowtext*)
                0x00000000000000f0                __ctors_start = .
 *(.ctors)
                0x00000000000000f0                __ctors_end = .
                0x00000000000000f0                __dtors_start = .
 *(.dtors)
                0x00000000000000f0                __dtors_end = .
 SORT(*)(.ctors)
 SORT(*)(.dtors)
 *(.init0)
 .init0         0x00000000000000f0        0x0 C:/Users/Niels/.mchp_packs/Microchip/AVR-Dx_DFP/2.7.321/xc8/avr/lib/avrxmega4/crtavr128db32.o
                0x00000000000000f0                __init
 *(.init0)
 *(.init1)
 *(.init1)
 *(.init2)
 .init2         0x00000000000000f0        0xc C:/Users/Niels/.mchp_packs/Microchip/AVR-Dx_DFP/2.7.321/xc8/avr/lib/avrxmega4/crtavr128db32.o
 *(.init2)
 *(.init3)
 *(.init3)
 *(.init4)
 .init4         0x00000000000000fc       0x40 c:/progra~1/microc~1/xc8/v3.10/avr/bin/../lib/gcc/avr/5.4.0/avrxmega4\libgcc.a(_copy_data.o)
                0x00000000000000fc                __do_copy_data
                0x000000000000012e                __do_clear_bss
 *(.init4)
 *(.init5)
 *(.init5)
 *(.init6)
 *(.init6)
 *(.init7)
 *(.init7)
 *(.init8)
 *(.init8)
 *(.init9)
 .init9         0x000000000000013c        0x8 C:/Users/Niels/.mchp_packs/Microchip/AVR-Dx_DFP/2.7.321/xc8/avr/lib/avrxmega4/crtavr128db32.o
 *(.init9)
                0x0000000000000144                . = ALIGN (0x2)
 *(.fini9)
 .fini9         0x0000000000000144        0x0 c:/progra~1/microc~1/xc8/v3.10/avr/bin/../lib/gcc/avr/5.4.0/avrxmega4\libgcc.a(_exit.o)
                0x0000000000000144                _exit
 *(.fini9)
 *(.fini8)
 *(.fini8)
 *(.fini7)
 *(.fini7)
 *(.fini6)
 *(.fini6)
 *(.fini5)
 *(.fini5)
 *(.fini4)
 *(.fini4)
 *(.fini3)
 *(.fini3)
 *(.fini2)
 *(.fini2)
 *(.fini1)
 *(.fini1)
 *(.fini0)
 .fini0         0x0000000000000144        0x4 c:/progra~1/microc~1/xc8/v3.10/avr/bin/../lib/gcc/avr/5.4.0/avrxmega4\libgcc.a(_exit.o)
 *(.fini0)
                0x0000000000000148                _etext = .

.data           0x0000000000804000        0x0 load address 0x0000000000000148
                [!provide]                        PROVIDE (__data_start, .)
 *(.gnu.linkonce.d*)
 *(.gnu.linkonce.r*)
                0x0000000000804000                . = ALIGN (0x2)
                0x0000000000804000                _edata = .
                [!provide]                        PROVIDE (__data_end, .)

.bss            0x0000000000804000        0x0
                [!provide]                        PROVIDE (__bss_start, .)
 *(COMMON)
                [!provide]                        PROVIDE (__bss_end, .)
                0x0000000000000148                __data_load_start = LOADADDR (.data)
                0x0000000000000148                __data_load_end = (__data_load_start + SIZEOF (.data))

.noinit         0x0000000000804000        0x0
                [!provide]                        PROVIDE (__noinit_start, .)
 *(.noinit*)
                [!provide]                        PROVIDE (__noinit_end, .)
                0x0000000000804000                _end = .

.eeprom         0x0000000000810000        0x0
 *(.eeprom*)
                0x0000000000810000                __eeprom_end = .

.fuse           0x0000000000820000        0x9
 *(.fuse)
 .fuse          0x0000000000820000        0x9 CMakeFiles\I2C_SLAVE_AVR28_V2_X_default_default_XC8_compile.dir\C_\Git_repositories\PIB2025\AVR128DB32_I2C_Test.X\mcc_generated_files\system\src\config_bits.c.o
                0x0000000000820000                __fuse
 *(.lfuse)
 *(.hfuse)
 *(.efuse)

.lock
 *(.lock*)

.signature
 *(.signature*)

.user_signatures
 *(.user_signatures*)

.bootrow
 *(.bootrow*)

.stab
 *(.stab)

.stabstr
 *(.stabstr)

.stab.excl
 *(.stab.excl)

.stab.exclstr
 *(.stab.exclstr)

.stab.index
 *(.stab.index)

.stab.indexstr
 *(.stab.indexstr)

.comment        0x0000000000000000       0x5b
 *(.comment)
 .comment       0x0000000000000000       0x2f CMakeFiles\I2C_SLAVE_AVR28_V2_X_default_default_XC8_compile.dir\C_\Git_repositories\PIB2025\AVR128DB32_I2C_Test.X\Libraries\src\Timed_Functions.c.o
                                         0x30 (size before relaxing)
 .comment       0x000000000000002f       0x30 CMakeFiles\I2C_SLAVE_AVR28_V2_X_default_default_XC8_compile.dir\C_\Git_repositories\PIB2025\AVR128DB32_I2C_Test.X\main.c.o
 .comment       0x000000000000002f       0x30 CMakeFiles\I2C_SLAVE_AVR28_V2_X_default_default_XC8_compile.dir\C_\Git_repositories\PIB2025\AVR128DB32_I2C_Test.X\mcc_generated_files\adc\src\adc0.c.o
 .comment       0x000000000000002f       0x30 CMakeFiles\I2C_SLAVE_AVR28_V2_X_default_default_XC8_compile.dir\C_\Git_repositories\PIB2025\AVR128DB32_I2C_Test.X\mcc_generated_files\evsys\src\evsys.c.o
 .comment       0x000000000000002f       0x30 CMakeFiles\I2C_SLAVE_AVR28_V2_X_default_default_XC8_compile.dir\C_\Git_repositories\PIB2025\AVR128DB32_I2C_Test.X\mcc_generated_files\i2c_client\src\twi0.c.o
 .comment       0x000000000000002f       0x30 CMakeFiles\I2C_SLAVE_AVR28_V2_X_default_default_XC8_compile.dir\C_\Git_repositories\PIB2025\AVR128DB32_I2C_Test.X\mcc_generated_files\i2c_host\src\twi1.c.o
 .comment       0x000000000000002f       0x30 CMakeFiles\I2C_SLAVE_AVR28_V2_X_default_default_XC8_compile.dir\C_\Git_repositories\PIB2025\AVR128DB32_I2C_Test.X\mcc_generated_files\nvm\src\nvm.c.o
 .comment       0x000000000000002f       0x30 CMakeFiles\I2C_SLAVE_AVR28_V2_X_default_default_XC8_compile.dir\C_\Git_repositories\PIB2025\AVR128DB32_I2C_Test.X\mcc_generated_files\system\src\clock.c.o
 .comment       0x000000000000002f       0x30 CMakeFiles\I2C_SLAVE_AVR28_V2_X_default_default_XC8_compile.dir\C_\Git_repositories\PIB2025\AVR128DB32_I2C_Test.X\mcc_generated_files\system\src\config_bits.c.o
 .comment       0x000000000000002f       0x30 CMakeFiles\I2C_SLAVE_AVR28_V2_X_default_default_XC8_compile.dir\C_\Git_repositories\PIB2025\AVR128DB32_I2C_Test.X\mcc_generated_files\system\src\interrupt.c.o
 .comment       0x000000000000002f       0x30 CMakeFiles\I2C_SLAVE_AVR28_V2_X_default_default_XC8_compile.dir\C_\Git_repositories\PIB2025\AVR128DB32_I2C_Test.X\mcc_generated_files\system\src\pins.c.o
 .comment       0x000000000000002f       0x30 CMakeFiles\I2C_SLAVE_AVR28_V2_X_default_default_XC8_compile.dir\C_\Git_repositories\PIB2025\AVR128DB32_I2C_Test.X\mcc_generated_files\system\src\system.c.o
 .comment       0x000000000000002f       0x30 CMakeFiles\I2C_SLAVE_AVR28_V2_X_default_default_XC8_compile.dir\C_\Git_repositories\PIB2025\AVR128DB32_I2C_Test.X\mcc_generated_files\timer\src\rtc.c.o
 .comment       0x000000000000002f       0x30 CMakeFiles\I2C_SLAVE_AVR28_V2_X_default_default_XC8_compile.dir\C_\Git_repositories\PIB2025\AVR128DB32_I2C_Test.X\mcc_generated_files\timer\src\tca0.c.o
 .comment       0x000000000000002f       0x30 CMakeFiles\I2C_SLAVE_AVR28_V2_X_default_default_XC8_compile.dir\C_\Git_repositories\PIB2025\AVR128DB32_I2C_Test.X\mcc_generated_files\timer\src\tcb0.c.o
 .comment       0x000000000000002f       0x30 CMakeFiles\I2C_SLAVE_AVR28_V2_X_default_default_XC8_compile.dir\C_\Git_repositories\PIB2025\AVR128DB32_I2C_Test.X\mcc_generated_files\vref\src\vref.c.o
 .comment       0x000000000000002f       0x2c c:/progra~1/microc~1/xc8/v3.10/avr/bin/../lib/gcc/avr/5.4.0/../../../../avr/lib/avrxmega4\libc.a(exit.o)
                                         0x2d (size before relaxing)
 .comment       0x000000000000005b       0x2d c:/progra~1/microc~1/xc8/v3.10/avr/bin/../lib/gcc/avr/5.4.0/../../../../avr/lib/avrxmega4\libc.a(_Exit.o)

.stack.descriptors.hdr
                0x0000000000000000      0x118
 .stack.descriptors.hdr
                0x0000000000000000        0xe c:/progra~1/microc~1/xc8/v3.10/avr/bin/../lib/gcc/avr/5.4.0/avrxmega4\libgcc.a(_udivmodhi4.o)
 .stack.descriptors.hdr
                0x000000000000000e        0xe c:/progra~1/microc~1/xc8/v3.10/avr/bin/../lib/gcc/avr/5.4.0/avrxmega4\libgcc.a(_tablejump2.o)
 .stack.descriptors.hdr
                0x000000000000001c        0xe c:/progra~1/microc~1/xc8/v3.10/avr/bin/../lib/gcc/avr/5.4.0/avrxmega4\libgcc.a(_adddi3_s8.o)
 .stack.descriptors.hdr
                0x000000000000002a        0xe c:/progra~1/microc~1/xc8/v3.10/avr/bin/../lib/gcc/avr/5.4.0/avrxmega4\libgcc.a(_cmpdi2.o)
 .stack.descriptors.hdr
                0x0000000000000038        0xe c:/progra~1/microc~1/xc8/v3.10/avr/bin/../lib/gcc/avr/5.4.0/../../../../avr/lib/avrxmega4\libm.a(addsf3.o)
 .stack.descriptors.hdr
                0x0000000000000046        0xe c:/progra~1/microc~1/xc8/v3.10/avr/bin/../lib/gcc/avr/5.4.0/../../../../avr/lib/avrxmega4\libm.a(addsf3x.o)
 .stack.descriptors.hdr
                0x0000000000000054        0xe c:/progra~1/microc~1/xc8/v3.10/avr/bin/../lib/gcc/avr/5.4.0/../../../../avr/lib/avrxmega4\libm.a(divsf3.o)
 .stack.descriptors.hdr
                0x0000000000000062        0xe c:/progra~1/microc~1/xc8/v3.10/avr/bin/../lib/gcc/avr/5.4.0/../../../../avr/lib/avrxmega4\libm.a(divsf3x.o)
 .stack.descriptors.hdr
                0x0000000000000070        0xe c:/progra~1/microc~1/xc8/v3.10/avr/bin/../lib/gcc/avr/5.4.0/../../../../avr/lib/avrxmega4\libm.a(fixunssfsi.o)
 .stack.descriptors.hdr
                0x000000000000007e        0xe c:/progra~1/microc~1/xc8/v3.10/avr/bin/../lib/gcc/avr/5.4.0/../../../../avr/lib/avrxmega4\libm.a(floatsisf.o)
 .stack.descriptors.hdr
                0x000000000000008c        0xe c:/progra~1/microc~1/xc8/v3.10/avr/bin/../lib/gcc/avr/5.4.0/../../../../avr/lib/avrxmega4\libm.a(fp_inf.o)
 .stack.descriptors.hdr
                0x000000000000009a        0xe c:/progra~1/microc~1/xc8/v3.10/avr/bin/../lib/gcc/avr/5.4.0/../../../../avr/lib/avrxmega4\libm.a(fp_nan.o)
 .stack.descriptors.hdr
                0x00000000000000a8        0xe c:/progra~1/microc~1/xc8/v3.10/avr/bin/../lib/gcc/avr/5.4.0/../../../../avr/lib/avrxmega4\libm.a(fp_pscA.o)
 .stack.descriptors.hdr
                0x00000000000000b6        0xe c:/progra~1/microc~1/xc8/v3.10/avr/bin/../lib/gcc/avr/5.4.0/../../../../avr/lib/avrxmega4\libm.a(fp_pscB.o)
 .stack.descriptors.hdr
                0x00000000000000c4        0xe c:/progra~1/microc~1/xc8/v3.10/avr/bin/../lib/gcc/avr/5.4.0/../../../../avr/lib/avrxmega4\libm.a(fp_round.o)
 .stack.descriptors.hdr
                0x00000000000000d2        0xe c:/progra~1/microc~1/xc8/v3.10/avr/bin/../lib/gcc/avr/5.4.0/../../../../avr/lib/avrxmega4\libm.a(fp_split3.o)
 .stack.descriptors.hdr
                0x00000000000000e0        0xe c:/progra~1/microc~1/xc8/v3.10/avr/bin/../lib/gcc/avr/5.4.0/../../../../avr/lib/avrxmega4\libm.a(fp_zero.o)
 .stack.descriptors.hdr
                0x00000000000000ee        0xe c:/progra~1/microc~1/xc8/v3.10/avr/bin/../lib/gcc/avr/5.4.0/../../../../avr/lib/avrxmega4\libc.a(exit.o)
 .stack.descriptors.hdr
                0x00000000000000fc        0xe c:/progra~1/microc~1/xc8/v3.10/avr/bin/../lib/gcc/avr/5.4.0/../../../../avr/lib/avrxmega4\libc.a(_Exit.o)
 .stack.descriptors.hdr
                0x000000000000010a        0xe c:/progra~1/microc~1/xc8/v3.10/avr/bin/../lib/gcc/avr/5.4.0/avrxmega4\libgcc.a(_exit.o)

.note.GNU-stack
                0x0000000000000000        0x0
 .note.GNU-stack
                0x0000000000000000        0x0 c:/progra~1/microc~1/xc8/v3.10/avr/bin/../lib/gcc/avr/5.4.0/../../../../avr/lib/avrxmega4\libm.a(addsf3.o)
 .note.GNU-stack
                0x0000000000000000        0x0 c:/progra~1/microc~1/xc8/v3.10/avr/bin/../lib/gcc/avr/5.4.0/../../../../avr/lib/avrxmega4\libm.a(addsf3x.o)
 .note.GNU-stack
                0x0000000000000000        0x0 c:/progra~1/microc~1/xc8/v3.10/avr/bin/../lib/gcc/avr/5.4.0/../../../../avr/lib/avrxmega4\libm.a(divsf3.o)
 .note.GNU-stack
                0x0000000000000000        0x0 c:/progra~1/microc~1/xc8/v3.10/avr/bin/../lib/gcc/avr/5.4.0/../../../../avr/lib/avrxmega4\libm.a(divsf3x.o)
 .note.GNU-stack
                0x0000000000000000        0x0 c:/progra~1/microc~1/xc8/v3.10/avr/bin/../lib/gcc/avr/5.4.0/../../../../avr/lib/avrxmega4\libm.a(fixunssfsi.o)
 .note.GNU-stack
                0x0000000000000000        0x0 c:/progra~1/microc~1/xc8/v3.10/avr/bin/../lib/gcc/avr/5.4.0/../../../../avr/lib/avrxmega4\libm.a(floatsisf.o)
 .note.GNU-stack
                0x0000000000000000        0x0 c:/progra~1/microc~1/xc8/v3.10/avr/bin/../lib/gcc/avr/5.4.0/../../../../avr/lib/avrxmega4\libm.a(fp_inf.o)
 .note.GNU-stack
                0x0000000000000000        0x0 c:/progra~1/microc~1/xc8/v3.10/avr/bin/../lib/gcc/avr/5.4.0/../../../../avr/lib/avrxmega4\libm.a(fp_nan.o)
 .note.GNU-stack
                0x0000000000000000        0x0 c:/progra~1/microc~1/xc8/v3.10/avr/bin/../lib/gcc/avr/5.4.0/../../../../avr/lib/avrxmega4\libm.a(fp_pscA.o)
 .note.GNU-stack
                0x0000000000000000        0x0 c:/progra~1/microc~1/xc8/v3.10/avr/bin/../lib/gcc/avr/5.4.0/../../../../avr/lib/avrxmega4\libm.a(fp_pscB.o)
 .note.GNU-stack
                0x0000000000000000        0x0 c:/progra~1/microc~1/xc8/v3.10/avr/bin/../lib/gcc/avr/5.4.0/../../../../avr/lib/avrxmega4\libm.a(fp_round.o)
 .note.GNU-stack
                0x0000000000000000        0x0 c:/progra~1/microc~1/xc8/v3.10/avr/bin/../lib/gcc/avr/5.4.0/../../../../avr/lib/avrxmega4\libm.a(fp_split3.o)
 .note.GNU-stack
                0x0000000000000000        0x0 c:/progra~1/microc~1/xc8/v3.10/avr/bin/../lib/gcc/avr/5.4.0/../../../../avr/lib/avrxmega4\libm.a(fp_zero.o)
 .note.GNU-stack
                0x0000000000000000        0x0 c:/progra~1/microc~1/xc8/v3.10/avr/bin/../lib/gcc/avr/5.4.0/../../../../avr/lib/avrxmega4\libc.a(exit.o)
 .note.GNU-stack
                0x0000000000000000        0x0 c:/progra~1/microc~1/xc8/v3.10/avr/bin/../lib/gcc/avr/5.4.0/../../../../avr/lib/avrxmega4\libc.a(_Exit.o)

.note.gnu.build-id
 *(.note.gnu.build-id)

.debug
 *(.debug)

.line
 *(.line)

.debug_srcinfo
 *(.debug_srcinfo)

.debug_sfnames
 *(.debug_sfnames)

.debug_aranges  0x0000000000000000      0x920
 *(.debug_aranges)
 .debug_aranges
                0x0000000000000000       0x20 CMakeFiles\I2C_SLAVE_AVR28_V2_X_default_default_XC8_assemblePreprocess.dir\234880e3866bbcdd0bcd5253c76c3f99\mcc_generated_files\system\src\protected_io.S.o
 .debug_aranges
                0x0000000000000020       0x48 CMakeFiles\I2C_SLAVE_AVR28_V2_X_default_default_XC8_compile.dir\C_\Git_repositories\PIB2025\AVR128DB32_I2C_Test.X\Libraries\src\Timed_Functions.c.o
 .debug_aranges
                0x0000000000000068       0xd0 CMakeFiles\I2C_SLAVE_AVR28_V2_X_default_default_XC8_compile.dir\C_\Git_repositories\PIB2025\AVR128DB32_I2C_Test.X\main.c.o
 .debug_aranges
                0x0000000000000138      0x120 CMakeFiles\I2C_SLAVE_AVR28_V2_X_default_default_XC8_compile.dir\C_\Git_repositories\PIB2025\AVR128DB32_I2C_Test.X\mcc_generated_files\adc\src\adc0.c.o
 .debug_aranges
                0x0000000000000258       0x28 CMakeFiles\I2C_SLAVE_AVR28_V2_X_default_default_XC8_compile.dir\C_\Git_repositories\PIB2025\AVR128DB32_I2C_Test.X\mcc_generated_files\evsys\src\evsys.c.o
 .debug_aranges
                0x0000000000000280       0x68 CMakeFiles\I2C_SLAVE_AVR28_V2_X_default_default_XC8_compile.dir\C_\Git_repositories\PIB2025\AVR128DB32_I2C_Test.X\mcc_generated_files\i2c_client\src\twi0.c.o
 .debug_aranges
                0x00000000000002e8       0xa8 CMakeFiles\I2C_SLAVE_AVR28_V2_X_default_default_XC8_compile.dir\C_\Git_repositories\PIB2025\AVR128DB32_I2C_Test.X\mcc_generated_files\i2c_host\src\twi1.c.o
 .debug_aranges
                0x0000000000000390       0x88 CMakeFiles\I2C_SLAVE_AVR28_V2_X_default_default_XC8_compile.dir\C_\Git_repositories\PIB2025\AVR128DB32_I2C_Test.X\mcc_generated_files\nvm\src\nvm.c.o
 .debug_aranges
                0x0000000000000418       0x30 CMakeFiles\I2C_SLAVE_AVR28_V2_X_default_default_XC8_compile.dir\C_\Git_repositories\PIB2025\AVR128DB32_I2C_Test.X\mcc_generated_files\system\src\clock.c.o
 .debug_aranges
                0x0000000000000448       0x18 CMakeFiles\I2C_SLAVE_AVR28_V2_X_default_default_XC8_compile.dir\C_\Git_repositories\PIB2025\AVR128DB32_I2C_Test.X\mcc_generated_files\system\src\config_bits.c.o
 .debug_aranges
                0x0000000000000460       0x20 CMakeFiles\I2C_SLAVE_AVR28_V2_X_default_default_XC8_compile.dir\C_\Git_repositories\PIB2025\AVR128DB32_I2C_Test.X\mcc_generated_files\system\src\interrupt.c.o
 .debug_aranges
                0x0000000000000480      0x1d0 CMakeFiles\I2C_SLAVE_AVR28_V2_X_default_default_XC8_compile.dir\C_\Git_repositories\PIB2025\AVR128DB32_I2C_Test.X\mcc_generated_files\system\src\pins.c.o
 .debug_aranges
                0x0000000000000650       0x28 CMakeFiles\I2C_SLAVE_AVR28_V2_X_default_default_XC8_compile.dir\C_\Git_repositories\PIB2025\AVR128DB32_I2C_Test.X\mcc_generated_files\system\src\system.c.o
 .debug_aranges
                0x0000000000000678       0xc8 CMakeFiles\I2C_SLAVE_AVR28_V2_X_default_default_XC8_compile.dir\C_\Git_repositories\PIB2025\AVR128DB32_I2C_Test.X\mcc_generated_files\timer\src\rtc.c.o
 .debug_aranges
                0x0000000000000740      0x108 CMakeFiles\I2C_SLAVE_AVR28_V2_X_default_default_XC8_compile.dir\C_\Git_repositories\PIB2025\AVR128DB32_I2C_Test.X\mcc_generated_files\timer\src\tca0.c.o
 .debug_aranges
                0x0000000000000848       0xb8 CMakeFiles\I2C_SLAVE_AVR28_V2_X_default_default_XC8_compile.dir\C_\Git_repositories\PIB2025\AVR128DB32_I2C_Test.X\mcc_generated_files\timer\src\tcb0.c.o
 .debug_aranges
                0x0000000000000900       0x20 CMakeFiles\I2C_SLAVE_AVR28_V2_X_default_default_XC8_compile.dir\C_\Git_repositories\PIB2025\AVR128DB32_I2C_Test.X\mcc_generated_files\vref\src\vref.c.o

.debug_pubnames
 *(.debug_pubnames)

.debug_info     0x0000000000000000     0xe988
 *(.debug_info .gnu.linkonce.wi.*)
 .debug_info    0x0000000000000000     0x2848 C:/Users/Niels/.mchp_packs/Microchip/AVR-Dx_DFP/2.7.321/xc8/avr/lib/avrxmega4/crtavr128db32.o
 .debug_info    0x0000000000002848       0xdc CMakeFiles\I2C_SLAVE_AVR28_V2_X_default_default_XC8_assemblePreprocess.dir\234880e3866bbcdd0bcd5253c76c3f99\mcc_generated_files\system\src\protected_io.S.o
 .debug_info    0x0000000000002924      0x647 CMakeFiles\I2C_SLAVE_AVR28_V2_X_default_default_XC8_compile.dir\C_\Git_repositories\PIB2025\AVR128DB32_I2C_Test.X\Libraries\src\Timed_Functions.c.o
 .debug_info    0x0000000000002f6b      0xd5e CMakeFiles\I2C_SLAVE_AVR28_V2_X_default_default_XC8_compile.dir\C_\Git_repositories\PIB2025\AVR128DB32_I2C_Test.X\main.c.o
 .debug_info    0x0000000000003cc9     0x197d CMakeFiles\I2C_SLAVE_AVR28_V2_X_default_default_XC8_compile.dir\C_\Git_repositories\PIB2025\AVR128DB32_I2C_Test.X\mcc_generated_files\adc\src\adc0.c.o
 .debug_info    0x0000000000005646      0x805 CMakeFiles\I2C_SLAVE_AVR28_V2_X_default_default_XC8_compile.dir\C_\Git_repositories\PIB2025\AVR128DB32_I2C_Test.X\mcc_generated_files\evsys\src\evsys.c.o
 .debug_info    0x0000000000005e4b      0xb36 CMakeFiles\I2C_SLAVE_AVR28_V2_X_default_default_XC8_compile.dir\C_\Git_repositories\PIB2025\AVR128DB32_I2C_Test.X\mcc_generated_files\i2c_client\src\twi0.c.o
 .debug_info    0x0000000000006981      0xecd CMakeFiles\I2C_SLAVE_AVR28_V2_X_default_default_XC8_compile.dir\C_\Git_repositories\PIB2025\AVR128DB32_I2C_Test.X\mcc_generated_files\i2c_host\src\twi1.c.o
 .debug_info    0x000000000000784e      0xda9 CMakeFiles\I2C_SLAVE_AVR28_V2_X_default_default_XC8_compile.dir\C_\Git_repositories\PIB2025\AVR128DB32_I2C_Test.X\mcc_generated_files\nvm\src\nvm.c.o
 .debug_info    0x00000000000085f7      0xed0 CMakeFiles\I2C_SLAVE_AVR28_V2_X_default_default_XC8_compile.dir\C_\Git_repositories\PIB2025\AVR128DB32_I2C_Test.X\mcc_generated_files\system\src\clock.c.o
 .debug_info    0x00000000000094c7      0x874 CMakeFiles\I2C_SLAVE_AVR28_V2_X_default_default_XC8_compile.dir\C_\Git_repositories\PIB2025\AVR128DB32_I2C_Test.X\mcc_generated_files\system\src\config_bits.c.o
 .debug_info    0x0000000000009d3b      0x3c8 CMakeFiles\I2C_SLAVE_AVR28_V2_X_default_default_XC8_compile.dir\C_\Git_repositories\PIB2025\AVR128DB32_I2C_Test.X\mcc_generated_files\system\src\interrupt.c.o
 .debug_info    0x000000000000a103     0x19e5 CMakeFiles\I2C_SLAVE_AVR28_V2_X_default_default_XC8_compile.dir\C_\Git_repositories\PIB2025\AVR128DB32_I2C_Test.X\mcc_generated_files\system\src\pins.c.o
 .debug_info    0x000000000000bae8      0x52f CMakeFiles\I2C_SLAVE_AVR28_V2_X_default_default_XC8_compile.dir\C_\Git_repositories\PIB2025\AVR128DB32_I2C_Test.X\mcc_generated_files\system\src\system.c.o
 .debug_info    0x000000000000c017      0x90f CMakeFiles\I2C_SLAVE_AVR28_V2_X_default_default_XC8_compile.dir\C_\Git_repositories\PIB2025\AVR128DB32_I2C_Test.X\mcc_generated_files\timer\src\rtc.c.o
 .debug_info    0x000000000000c926     0x13cc CMakeFiles\I2C_SLAVE_AVR28_V2_X_default_default_XC8_compile.dir\C_\Git_repositories\PIB2025\AVR128DB32_I2C_Test.X\mcc_generated_files\timer\src\tca0.c.o
 .debug_info    0x000000000000dcf2      0x962 CMakeFiles\I2C_SLAVE_AVR28_V2_X_default_default_XC8_compile.dir\C_\Git_repositories\PIB2025\AVR128DB32_I2C_Test.X\mcc_generated_files\timer\src\tcb0.c.o
 .debug_info    0x000000000000e654      0x334 CMakeFiles\I2C_SLAVE_AVR28_V2_X_default_default_XC8_compile.dir\C_\Git_repositories\PIB2025\AVR128DB32_I2C_Test.X\mcc_generated_files\vref\src\vref.c.o

.debug_abbrev   0x0000000000000000     0x3e7f
 *(.debug_abbrev)
 .debug_abbrev  0x0000000000000000     0x2626 C:/Users/Niels/.mchp_packs/Microchip/AVR-Dx_DFP/2.7.321/xc8/avr/lib/avrxmega4/crtavr128db32.o
 .debug_abbrev  0x0000000000002626       0x14 CMakeFiles\I2C_SLAVE_AVR28_V2_X_default_default_XC8_assemblePreprocess.dir\234880e3866bbcdd0bcd5253c76c3f99\mcc_generated_files\system\src\protected_io.S.o
 .debug_abbrev  0x000000000000263a      0x154 CMakeFiles\I2C_SLAVE_AVR28_V2_X_default_default_XC8_compile.dir\C_\Git_repositories\PIB2025\AVR128DB32_I2C_Test.X\Libraries\src\Timed_Functions.c.o
 .debug_abbrev  0x000000000000278e      0x266 CMakeFiles\I2C_SLAVE_AVR28_V2_X_default_default_XC8_compile.dir\C_\Git_repositories\PIB2025\AVR128DB32_I2C_Test.X\main.c.o
 .debug_abbrev  0x00000000000029f4      0x1b8 CMakeFiles\I2C_SLAVE_AVR28_V2_X_default_default_XC8_compile.dir\C_\Git_repositories\PIB2025\AVR128DB32_I2C_Test.X\mcc_generated_files\adc\src\adc0.c.o
 .debug_abbrev  0x0000000000002bac       0xb1 CMakeFiles\I2C_SLAVE_AVR28_V2_X_default_default_XC8_compile.dir\C_\Git_repositories\PIB2025\AVR128DB32_I2C_Test.X\mcc_generated_files\evsys\src\evsys.c.o
 .debug_abbrev  0x0000000000002c5d      0x220 CMakeFiles\I2C_SLAVE_AVR28_V2_X_default_default_XC8_compile.dir\C_\Git_repositories\PIB2025\AVR128DB32_I2C_Test.X\mcc_generated_files\i2c_client\src\twi0.c.o
 .debug_abbrev  0x0000000000002e7d      0x2ae CMakeFiles\I2C_SLAVE_AVR28_V2_X_default_default_XC8_compile.dir\C_\Git_repositories\PIB2025\AVR128DB32_I2C_Test.X\mcc_generated_files\i2c_host\src\twi1.c.o
 .debug_abbrev  0x000000000000312b      0x249 CMakeFiles\I2C_SLAVE_AVR28_V2_X_default_default_XC8_compile.dir\C_\Git_repositories\PIB2025\AVR128DB32_I2C_Test.X\mcc_generated_files\nvm\src\nvm.c.o
 .debug_abbrev  0x0000000000003374      0x133 CMakeFiles\I2C_SLAVE_AVR28_V2_X_default_default_XC8_compile.dir\C_\Git_repositories\PIB2025\AVR128DB32_I2C_Test.X\mcc_generated_files\system\src\clock.c.o
 .debug_abbrev  0x00000000000034a7       0x95 CMakeFiles\I2C_SLAVE_AVR28_V2_X_default_default_XC8_compile.dir\C_\Git_repositories\PIB2025\AVR128DB32_I2C_Test.X\mcc_generated_files\system\src\config_bits.c.o
 .debug_abbrev  0x000000000000353c       0xf8 CMakeFiles\I2C_SLAVE_AVR28_V2_X_default_default_XC8_compile.dir\C_\Git_repositories\PIB2025\AVR128DB32_I2C_Test.X\mcc_generated_files\system\src\interrupt.c.o
 .debug_abbrev  0x0000000000003634      0x180 CMakeFiles\I2C_SLAVE_AVR28_V2_X_default_default_XC8_compile.dir\C_\Git_repositories\PIB2025\AVR128DB32_I2C_Test.X\mcc_generated_files\system\src\pins.c.o
 .debug_abbrev  0x00000000000037b4      0x140 CMakeFiles\I2C_SLAVE_AVR28_V2_X_default_default_XC8_compile.dir\C_\Git_repositories\PIB2025\AVR128DB32_I2C_Test.X\mcc_generated_files\system\src\system.c.o
 .debug_abbrev  0x00000000000038f4      0x14a CMakeFiles\I2C_SLAVE_AVR28_V2_X_default_default_XC8_compile.dir\C_\Git_repositories\PIB2025\AVR128DB32_I2C_Test.X\mcc_generated_files\timer\src\rtc.c.o
 .debug_abbrev  0x0000000000003a3e      0x1d0 CMakeFiles\I2C_SLAVE_AVR28_V2_X_default_default_XC8_compile.dir\C_\Git_repositories\PIB2025\AVR128DB32_I2C_Test.X\mcc_generated_files\timer\src\tca0.c.o
 .debug_abbrev  0x0000000000003c0e      0x1e7 CMakeFiles\I2C_SLAVE_AVR28_V2_X_default_default_XC8_compile.dir\C_\Git_repositories\PIB2025\AVR128DB32_I2C_Test.X\mcc_generated_files\timer\src\tcb0.c.o
 .debug_abbrev  0x0000000000003df5       0x8a CMakeFiles\I2C_SLAVE_AVR28_V2_X_default_default_XC8_compile.dir\C_\Git_repositories\PIB2025\AVR128DB32_I2C_Test.X\mcc_generated_files\vref\src\vref.c.o

.debug_line     0x0000000000000000     0x414b
 *(.debug_line .debug_line.* .debug_line_end)
 .debug_line    0x0000000000000000      0x19f C:/Users/Niels/.mchp_packs/Microchip/AVR-Dx_DFP/2.7.321/xc8/avr/lib/avrxmega4/crtavr128db32.o
 .debug_line    0x000000000000019f       0xa5 CMakeFiles\I2C_SLAVE_AVR28_V2_X_default_default_XC8_assemblePreprocess.dir\234880e3866bbcdd0bcd5253c76c3f99\mcc_generated_files\system\src\protected_io.S.o
 .debug_line    0x0000000000000244      0x2db CMakeFiles\I2C_SLAVE_AVR28_V2_X_default_default_XC8_compile.dir\C_\Git_repositories\PIB2025\AVR128DB32_I2C_Test.X\Libraries\src\Timed_Functions.c.o
 .debug_line    0x000000000000051f      0x655 CMakeFiles\I2C_SLAVE_AVR28_V2_X_default_default_XC8_compile.dir\C_\Git_repositories\PIB2025\AVR128DB32_I2C_Test.X\main.c.o
 .debug_line    0x0000000000000b74      0x597 CMakeFiles\I2C_SLAVE_AVR28_V2_X_default_default_XC8_compile.dir\C_\Git_repositories\PIB2025\AVR128DB32_I2C_Test.X\mcc_generated_files\adc\src\adc0.c.o
 .debug_line    0x000000000000110b      0x23e CMakeFiles\I2C_SLAVE_AVR28_V2_X_default_default_XC8_compile.dir\C_\Git_repositories\PIB2025\AVR128DB32_I2C_Test.X\mcc_generated_files\evsys\src\evsys.c.o
 .debug_line    0x0000000000001349      0x3d9 CMakeFiles\I2C_SLAVE_AVR28_V2_X_default_default_XC8_compile.dir\C_\Git_repositories\PIB2025\AVR128DB32_I2C_Test.X\mcc_generated_files\i2c_client\src\twi0.c.o
 .debug_line    0x0000000000001722      0x61b CMakeFiles\I2C_SLAVE_AVR28_V2_X_default_default_XC8_compile.dir\C_\Git_repositories\PIB2025\AVR128DB32_I2C_Test.X\mcc_generated_files\i2c_host\src\twi1.c.o
 .debug_line    0x0000000000001d3d      0x3c5 CMakeFiles\I2C_SLAVE_AVR28_V2_X_default_default_XC8_compile.dir\C_\Git_repositories\PIB2025\AVR128DB32_I2C_Test.X\mcc_generated_files\nvm\src\nvm.c.o
 .debug_line    0x0000000000002102      0x1e8 CMakeFiles\I2C_SLAVE_AVR28_V2_X_default_default_XC8_compile.dir\C_\Git_repositories\PIB2025\AVR128DB32_I2C_Test.X\mcc_generated_files\system\src\clock.c.o
 .debug_line    0x00000000000022ea      0x11c CMakeFiles\I2C_SLAVE_AVR28_V2_X_default_default_XC8_compile.dir\C_\Git_repositories\PIB2025\AVR128DB32_I2C_Test.X\mcc_generated_files\system\src\config_bits.c.o
 .debug_line    0x0000000000002406      0x1b4 CMakeFiles\I2C_SLAVE_AVR28_V2_X_default_default_XC8_compile.dir\C_\Git_repositories\PIB2025\AVR128DB32_I2C_Test.X\mcc_generated_files\system\src\interrupt.c.o
 .debug_line    0x00000000000025ba      0x87c CMakeFiles\I2C_SLAVE_AVR28_V2_X_default_default_XC8_compile.dir\C_\Git_repositories\PIB2025\AVR128DB32_I2C_Test.X\mcc_generated_files\system\src\pins.c.o
 .debug_line    0x0000000000002e36      0x491 CMakeFiles\I2C_SLAVE_AVR28_V2_X_default_default_XC8_compile.dir\C_\Git_repositories\PIB2025\AVR128DB32_I2C_Test.X\mcc_generated_files\system\src\system.c.o
 .debug_line    0x00000000000032c7      0x443 CMakeFiles\I2C_SLAVE_AVR28_V2_X_default_default_XC8_compile.dir\C_\Git_repositories\PIB2025\AVR128DB32_I2C_Test.X\mcc_generated_files\timer\src\rtc.c.o
 .debug_line    0x000000000000370a      0x577 CMakeFiles\I2C_SLAVE_AVR28_V2_X_default_default_XC8_compile.dir\C_\Git_repositories\PIB2025\AVR128DB32_I2C_Test.X\mcc_generated_files\timer\src\tca0.c.o
 .debug_line    0x0000000000003c81      0x38f CMakeFiles\I2C_SLAVE_AVR28_V2_X_default_default_XC8_compile.dir\C_\Git_repositories\PIB2025\AVR128DB32_I2C_Test.X\mcc_generated_files\timer\src\tcb0.c.o
 .debug_line    0x0000000000004010      0x13b CMakeFiles\I2C_SLAVE_AVR28_V2_X_default_default_XC8_compile.dir\C_\Git_repositories\PIB2025\AVR128DB32_I2C_Test.X\mcc_generated_files\vref\src\vref.c.o

.debug_frame    0x0000000000000000     0x14a4
 *(.debug_frame)
 .debug_frame   0x0000000000000000       0xa8 CMakeFiles\I2C_SLAVE_AVR28_V2_X_default_default_XC8_compile.dir\C_\Git_repositories\PIB2025\AVR128DB32_I2C_Test.X\Libraries\src\Timed_Functions.c.o
 .debug_frame   0x00000000000000a8      0x184 CMakeFiles\I2C_SLAVE_AVR28_V2_X_default_default_XC8_compile.dir\C_\Git_repositories\PIB2025\AVR128DB32_I2C_Test.X\main.c.o
 .debug_frame   0x000000000000022c      0x2b4 CMakeFiles\I2C_SLAVE_AVR28_V2_X_default_default_XC8_compile.dir\C_\Git_repositories\PIB2025\AVR128DB32_I2C_Test.X\mcc_generated_files\adc\src\adc0.c.o
 .debug_frame   0x00000000000004e0       0x34 CMakeFiles\I2C_SLAVE_AVR28_V2_X_default_default_XC8_compile.dir\C_\Git_repositories\PIB2025\AVR128DB32_I2C_Test.X\mcc_generated_files\evsys\src\evsys.c.o
 .debug_frame   0x0000000000000514       0xfc CMakeFiles\I2C_SLAVE_AVR28_V2_X_default_default_XC8_compile.dir\C_\Git_repositories\PIB2025\AVR128DB32_I2C_Test.X\mcc_generated_files\i2c_client\src\twi0.c.o
 .debug_frame   0x0000000000000610      0x21c CMakeFiles\I2C_SLAVE_AVR28_V2_X_default_default_XC8_compile.dir\C_\Git_repositories\PIB2025\AVR128DB32_I2C_Test.X\mcc_generated_files\i2c_host\src\twi1.c.o
 .debug_frame   0x000000000000082c      0x174 CMakeFiles\I2C_SLAVE_AVR28_V2_X_default_default_XC8_compile.dir\C_\Git_repositories\PIB2025\AVR128DB32_I2C_Test.X\mcc_generated_files\nvm\src\nvm.c.o
 .debug_frame   0x00000000000009a0       0x44 CMakeFiles\I2C_SLAVE_AVR28_V2_X_default_default_XC8_compile.dir\C_\Git_repositories\PIB2025\AVR128DB32_I2C_Test.X\mcc_generated_files\system\src\clock.c.o
 .debug_frame   0x00000000000009e4       0x24 CMakeFiles\I2C_SLAVE_AVR28_V2_X_default_default_XC8_compile.dir\C_\Git_repositories\PIB2025\AVR128DB32_I2C_Test.X\mcc_generated_files\system\src\interrupt.c.o
 .debug_frame   0x0000000000000a08      0x4b0 CMakeFiles\I2C_SLAVE_AVR28_V2_X_default_default_XC8_compile.dir\C_\Git_repositories\PIB2025\AVR128DB32_I2C_Test.X\mcc_generated_files\system\src\pins.c.o
 .debug_frame   0x0000000000000eb8       0x34 CMakeFiles\I2C_SLAVE_AVR28_V2_X_default_default_XC8_compile.dir\C_\Git_repositories\PIB2025\AVR128DB32_I2C_Test.X\mcc_generated_files\system\src\system.c.o
 .debug_frame   0x0000000000000eec      0x204 CMakeFiles\I2C_SLAVE_AVR28_V2_X_default_default_XC8_compile.dir\C_\Git_repositories\PIB2025\AVR128DB32_I2C_Test.X\mcc_generated_files\timer\src\rtc.c.o
 .debug_frame   0x00000000000010f0      0x1f4 CMakeFiles\I2C_SLAVE_AVR28_V2_X_default_default_XC8_compile.dir\C_\Git_repositories\PIB2025\AVR128DB32_I2C_Test.X\mcc_generated_files\timer\src\tca0.c.o
 .debug_frame   0x00000000000012e4      0x19c CMakeFiles\I2C_SLAVE_AVR28_V2_X_default_default_XC8_compile.dir\C_\Git_repositories\PIB2025\AVR128DB32_I2C_Test.X\mcc_generated_files\timer\src\tcb0.c.o
 .debug_frame   0x0000000000001480       0x24 CMakeFiles\I2C_SLAVE_AVR28_V2_X_default_default_XC8_compile.dir\C_\Git_repositories\PIB2025\AVR128DB32_I2C_Test.X\mcc_generated_files\vref\src\vref.c.o

.debug_str      0x0000000000000000     0x1493
 *(.debug_str)
 .debug_str     0x0000000000000000     0x1189 C:/Users/Niels/.mchp_packs/Microchip/AVR-Dx_DFP/2.7.321/xc8/avr/lib/avrxmega4/crtavr128db32.o
 .debug_str     0x0000000000001189       0x1d CMakeFiles\I2C_SLAVE_AVR28_V2_X_default_default_XC8_compile.dir\C_\Git_repositories\PIB2025\AVR128DB32_I2C_Test.X\Libraries\src\Timed_Functions.c.o
 .debug_str     0x00000000000011a6       0xca CMakeFiles\I2C_SLAVE_AVR28_V2_X_default_default_XC8_compile.dir\C_\Git_repositories\PIB2025\AVR128DB32_I2C_Test.X\main.c.o
 .debug_str     0x0000000000001270        0x9 CMakeFiles\I2C_SLAVE_AVR28_V2_X_default_default_XC8_compile.dir\C_\Git_repositories\PIB2025\AVR128DB32_I2C_Test.X\mcc_generated_files\adc\src\adc0.c.o
 .debug_str     0x0000000000001279        0x0 CMakeFiles\I2C_SLAVE_AVR28_V2_X_default_default_XC8_compile.dir\C_\Git_repositories\PIB2025\AVR128DB32_I2C_Test.X\mcc_generated_files\evsys\src\evsys.c.o
 .debug_str     0x0000000000001279        0x0 CMakeFiles\I2C_SLAVE_AVR28_V2_X_default_default_XC8_compile.dir\C_\Git_repositories\PIB2025\AVR128DB32_I2C_Test.X\mcc_generated_files\i2c_client\src\twi0.c.o
 .debug_str     0x0000000000001279       0x42 CMakeFiles\I2C_SLAVE_AVR28_V2_X_default_default_XC8_compile.dir\C_\Git_repositories\PIB2025\AVR128DB32_I2C_Test.X\mcc_generated_files\i2c_host\src\twi1.c.o
 .debug_str     0x00000000000012bb       0x1b CMakeFiles\I2C_SLAVE_AVR28_V2_X_default_default_XC8_compile.dir\C_\Git_repositories\PIB2025\AVR128DB32_I2C_Test.X\mcc_generated_files\nvm\src\nvm.c.o
 .debug_str     0x00000000000012d6       0x13 CMakeFiles\I2C_SLAVE_AVR28_V2_X_default_default_XC8_compile.dir\C_\Git_repositories\PIB2025\AVR128DB32_I2C_Test.X\mcc_generated_files\system\src\clock.c.o
 .debug_str     0x00000000000012e9        0x0 CMakeFiles\I2C_SLAVE_AVR28_V2_X_default_default_XC8_compile.dir\C_\Git_repositories\PIB2025\AVR128DB32_I2C_Test.X\mcc_generated_files\system\src\config_bits.c.o
 .debug_str     0x00000000000012e9       0x13 CMakeFiles\I2C_SLAVE_AVR28_V2_X_default_default_XC8_compile.dir\C_\Git_repositories\PIB2025\AVR128DB32_I2C_Test.X\mcc_generated_files\system\src\interrupt.c.o
 .debug_str     0x00000000000012fc       0x30 CMakeFiles\I2C_SLAVE_AVR28_V2_X_default_default_XC8_compile.dir\C_\Git_repositories\PIB2025\AVR128DB32_I2C_Test.X\mcc_generated_files\system\src\pins.c.o
 .debug_str     0x000000000000132c       0xdc CMakeFiles\I2C_SLAVE_AVR28_V2_X_default_default_XC8_compile.dir\C_\Git_repositories\PIB2025\AVR128DB32_I2C_Test.X\mcc_generated_files\system\src\system.c.o
 .debug_str     0x0000000000001408        0x9 CMakeFiles\I2C_SLAVE_AVR28_V2_X_default_default_XC8_compile.dir\C_\Git_repositories\PIB2025\AVR128DB32_I2C_Test.X\mcc_generated_files\timer\src\rtc.c.o
 .debug_str     0x0000000000001411       0x72 CMakeFiles\I2C_SLAVE_AVR28_V2_X_default_default_XC8_compile.dir\C_\Git_repositories\PIB2025\AVR128DB32_I2C_Test.X\mcc_generated_files\timer\src\tca0.c.o
 .debug_str     0x0000000000001483       0x10 CMakeFiles\I2C_SLAVE_AVR28_V2_X_default_default_XC8_compile.dir\C_\Git_repositories\PIB2025\AVR128DB32_I2C_Test.X\mcc_generated_files\timer\src\tcb0.c.o
 .debug_str     0x0000000000001493        0x0 CMakeFiles\I2C_SLAVE_AVR28_V2_X_default_default_XC8_compile.dir\C_\Git_repositories\PIB2025\AVR128DB32_I2C_Test.X\mcc_generated_files\vref\src\vref.c.o

.debug_loc      0x0000000000000000      0xb65
 *(.debug_loc)
 .debug_loc     0x0000000000000000       0x53 CMakeFiles\I2C_SLAVE_AVR28_V2_X_default_default_XC8_compile.dir\C_\Git_repositories\PIB2025\AVR128DB32_I2C_Test.X\Libraries\src\Timed_Functions.c.o
 .debug_loc     0x0000000000000053       0x82 CMakeFiles\I2C_SLAVE_AVR28_V2_X_default_default_XC8_compile.dir\C_\Git_repositories\PIB2025\AVR128DB32_I2C_Test.X\main.c.o
 .debug_loc     0x00000000000000d5       0x6f CMakeFiles\I2C_SLAVE_AVR28_V2_X_default_default_XC8_compile.dir\C_\Git_repositories\PIB2025\AVR128DB32_I2C_Test.X\mcc_generated_files\adc\src\adc0.c.o
 .debug_loc     0x0000000000000144      0x35b CMakeFiles\I2C_SLAVE_AVR28_V2_X_default_default_XC8_compile.dir\C_\Git_repositories\PIB2025\AVR128DB32_I2C_Test.X\mcc_generated_files\i2c_host\src\twi1.c.o
 .debug_loc     0x000000000000049f      0x3db CMakeFiles\I2C_SLAVE_AVR28_V2_X_default_default_XC8_compile.dir\C_\Git_repositories\PIB2025\AVR128DB32_I2C_Test.X\mcc_generated_files\nvm\src\nvm.c.o
 .debug_loc     0x000000000000087a      0x23b CMakeFiles\I2C_SLAVE_AVR28_V2_X_default_default_XC8_compile.dir\C_\Git_repositories\PIB2025\AVR128DB32_I2C_Test.X\mcc_generated_files\system\src\clock.c.o
 .debug_loc     0x0000000000000ab5       0x2a CMakeFiles\I2C_SLAVE_AVR28_V2_X_default_default_XC8_compile.dir\C_\Git_repositories\PIB2025\AVR128DB32_I2C_Test.X\mcc_generated_files\system\src\interrupt.c.o
 .debug_loc     0x0000000000000adf       0x52 CMakeFiles\I2C_SLAVE_AVR28_V2_X_default_default_XC8_compile.dir\C_\Git_repositories\PIB2025\AVR128DB32_I2C_Test.X\mcc_generated_files\system\src\system.c.o
 .debug_loc     0x0000000000000b31       0x34 CMakeFiles\I2C_SLAVE_AVR28_V2_X_default_default_XC8_compile.dir\C_\Git_repositories\PIB2025\AVR128DB32_I2C_Test.X\mcc_generated_files\timer\src\tca0.c.o

.debug_macinfo
 *(.debug_macinfo)

.debug_weaknames
 *(.debug_weaknames)

.debug_funcnames
 *(.debug_funcnames)

.debug_typenames
 *(.debug_typenames)

.debug_varnames
 *(.debug_varnames)

.debug_pubtypes
 *(.debug_pubtypes)

.debug_ranges   0x0000000000000000      0x7f8
 *(.debug_ranges)
 .debug_ranges  0x0000000000000000       0x38 CMakeFiles\I2C_SLAVE_AVR28_V2_X_default_default_XC8_compile.dir\C_\Git_repositories\PIB2025\AVR128DB32_I2C_Test.X\Libraries\src\Timed_Functions.c.o
 .debug_ranges  0x0000000000000038       0xc0 CMakeFiles\I2C_SLAVE_AVR28_V2_X_default_default_XC8_compile.dir\C_\Git_repositories\PIB2025\AVR128DB32_I2C_Test.X\main.c.o
 .debug_ranges  0x00000000000000f8      0x110 CMakeFiles\I2C_SLAVE_AVR28_V2_X_default_default_XC8_compile.dir\C_\Git_repositories\PIB2025\AVR128DB32_I2C_Test.X\mcc_generated_files\adc\src\adc0.c.o
 .debug_ranges  0x0000000000000208       0x18 CMakeFiles\I2C_SLAVE_AVR28_V2_X_default_default_XC8_compile.dir\C_\Git_repositories\PIB2025\AVR128DB32_I2C_Test.X\mcc_generated_files\evsys\src\evsys.c.o
 .debug_ranges  0x0000000000000220       0x58 CMakeFiles\I2C_SLAVE_AVR28_V2_X_default_default_XC8_compile.dir\C_\Git_repositories\PIB2025\AVR128DB32_I2C_Test.X\mcc_generated_files\i2c_client\src\twi0.c.o
 .debug_ranges  0x0000000000000278       0x98 CMakeFiles\I2C_SLAVE_AVR28_V2_X_default_default_XC8_compile.dir\C_\Git_repositories\PIB2025\AVR128DB32_I2C_Test.X\mcc_generated_files\i2c_host\src\twi1.c.o
 .debug_ranges  0x0000000000000310       0x78 CMakeFiles\I2C_SLAVE_AVR28_V2_X_default_default_XC8_compile.dir\C_\Git_repositories\PIB2025\AVR128DB32_I2C_Test.X\mcc_generated_files\nvm\src\nvm.c.o
 .debug_ranges  0x0000000000000388       0x20 CMakeFiles\I2C_SLAVE_AVR28_V2_X_default_default_XC8_compile.dir\C_\Git_repositories\PIB2025\AVR128DB32_I2C_Test.X\mcc_generated_files\system\src\clock.c.o
 .debug_ranges  0x00000000000003a8       0x10 CMakeFiles\I2C_SLAVE_AVR28_V2_X_default_default_XC8_compile.dir\C_\Git_repositories\PIB2025\AVR128DB32_I2C_Test.X\mcc_generated_files\system\src\interrupt.c.o
 .debug_ranges  0x00000000000003b8      0x1c0 CMakeFiles\I2C_SLAVE_AVR28_V2_X_default_default_XC8_compile.dir\C_\Git_repositories\PIB2025\AVR128DB32_I2C_Test.X\mcc_generated_files\system\src\pins.c.o
 .debug_ranges  0x0000000000000578       0x18 CMakeFiles\I2C_SLAVE_AVR28_V2_X_default_default_XC8_compile.dir\C_\Git_repositories\PIB2025\AVR128DB32_I2C_Test.X\mcc_generated_files\system\src\system.c.o
 .debug_ranges  0x0000000000000590       0xb8 CMakeFiles\I2C_SLAVE_AVR28_V2_X_default_default_XC8_compile.dir\C_\Git_repositories\PIB2025\AVR128DB32_I2C_Test.X\mcc_generated_files\timer\src\rtc.c.o
 .debug_ranges  0x0000000000000648       0xf8 CMakeFiles\I2C_SLAVE_AVR28_V2_X_default_default_XC8_compile.dir\C_\Git_repositories\PIB2025\AVR128DB32_I2C_Test.X\mcc_generated_files\timer\src\tca0.c.o
 .debug_ranges  0x0000000000000740       0xa8 CMakeFiles\I2C_SLAVE_AVR28_V2_X_default_default_XC8_compile.dir\C_\Git_repositories\PIB2025\AVR128DB32_I2C_Test.X\mcc_generated_files\timer\src\tcb0.c.o
 .debug_ranges  0x00000000000007e8       0x10 CMakeFiles\I2C_SLAVE_AVR28_V2_X_default_default_XC8_compile.dir\C_\Git_repositories\PIB2025\AVR128DB32_I2C_Test.X\mcc_generated_files\vref\src\vref.c.o

.debug_macro
 *(.debug_macro)
OUTPUT(C:\Git_repositories\PIB2025\AVR128DB32_I2C_Test.X\out\I2C_SLAVE_AVR28_V2.X\default.elf elf32-avr)
LOAD linker stubs
LOAD data_init

.note.gnu.avr.deviceinfo
                0x0000000000000000       0x40
 .note.gnu.avr.deviceinfo
                0x0000000000000000       0x40 C:/Users/Niels/.mchp_packs/Microchip/AVR-Dx_DFP/2.7.321/xc8/avr/lib/avrxmega4/crtavr128db32.o

.bss.Drain_Counter.4807
                0x000000000080403c        0x2
 .bss.Drain_Counter.4807
                0x000000000080403c        0x2 CMakeFiles\I2C_SLAVE_AVR28_V2_X_default_default_XC8_compile.dir\C_\Git_repositories\PIB2025\AVR128DB32_I2C_Test.X\Libraries\src\Timed_Functions.c.o

.bss.LED_Step_Counter
                0x000000000080402c        0x8
 .bss.LED_Step_Counter
                0x000000000080402c        0x8 CMakeFiles\I2C_SLAVE_AVR28_V2_X_default_default_XC8_compile.dir\C_\Git_repositories\PIB2025\AVR128DB32_I2C_Test.X\Libraries\src\Timed_Functions.c.o
                0x000000000080402c                LED_Step_Counter

.bss.LED_Step_Index
                0x0000000000804096        0x1
 .bss.LED_Step_Index
                0x0000000000804096        0x1 CMakeFiles\I2C_SLAVE_AVR28_V2_X_default_default_XC8_compile.dir\C_\Git_repositories\PIB2025\AVR128DB32_I2C_Test.X\Libraries\src\Timed_Functions.c.o
                0x0000000000804096                LED_Step_Index

.bss.Global_Timer
                0x0000000000804034        0x8
 .bss.Global_Timer
                0x0000000000804034        0x8 CMakeFiles\I2C_SLAVE_AVR28_V2_X_default_default_XC8_compile.dir\C_\Git_repositories\PIB2025\AVR128DB32_I2C_Test.X\Libraries\src\Timed_Functions.c.o
                0x0000000000804034                Global_Timer

.bss.ADC0_Filled_All_Values
                0x0000000000804097        0x1
 .bss.ADC0_Filled_All_Values
                0x0000000000804097        0x1 CMakeFiles\I2C_SLAVE_AVR28_V2_X_default_default_XC8_compile.dir\C_\Git_repositories\PIB2025\AVR128DB32_I2C_Test.X\main.c.o
                0x0000000000804097                ADC0_Filled_All_Values

.bss.Cell_Voltage_4_Result
                0x0000000000804040        0x2
 .bss.Cell_Voltage_4_Result
                0x0000000000804040        0x2 CMakeFiles\I2C_SLAVE_AVR28_V2_X_default_default_XC8_compile.dir\C_\Git_repositories\PIB2025\AVR128DB32_I2C_Test.X\main.c.o
                0x0000000000804040                Cell_Voltage_4_Result

.bss.Cell_Voltage_3_Result
                0x0000000000804042        0x2
 .bss.Cell_Voltage_3_Result
                0x0000000000804042        0x2 CMakeFiles\I2C_SLAVE_AVR28_V2_X_default_default_XC8_compile.dir\C_\Git_repositories\PIB2025\AVR128DB32_I2C_Test.X\main.c.o
                0x0000000000804042                Cell_Voltage_3_Result

.bss.Cell_Voltage_2_Result
                0x0000000000804044        0x2
 .bss.Cell_Voltage_2_Result
                0x0000000000804044        0x2 CMakeFiles\I2C_SLAVE_AVR28_V2_X_default_default_XC8_compile.dir\C_\Git_repositories\PIB2025\AVR128DB32_I2C_Test.X\main.c.o
                0x0000000000804044                Cell_Voltage_2_Result

.bss.Cell_Voltage_1_Result
                0x0000000000804046        0x2
 .bss.Cell_Voltage_1_Result
                0x0000000000804046        0x2 CMakeFiles\I2C_SLAVE_AVR28_V2_X_default_default_XC8_compile.dir\C_\Git_repositories\PIB2025\AVR128DB32_I2C_Test.X\main.c.o
                0x0000000000804046                Cell_Voltage_1_Result

.bss.Temp_Cell_4_Result
                0x0000000000804048        0x2
 .bss.Temp_Cell_4_Result
                0x0000000000804048        0x2 CMakeFiles\I2C_SLAVE_AVR28_V2_X_default_default_XC8_compile.dir\C_\Git_repositories\PIB2025\AVR128DB32_I2C_Test.X\main.c.o
                0x0000000000804048                Temp_Cell_4_Result

.bss.Temp_Cell_3_Result
                0x000000000080404a        0x2
 .bss.Temp_Cell_3_Result
                0x000000000080404a        0x2 CMakeFiles\I2C_SLAVE_AVR28_V2_X_default_default_XC8_compile.dir\C_\Git_repositories\PIB2025\AVR128DB32_I2C_Test.X\main.c.o
                0x000000000080404a                Temp_Cell_3_Result

.bss.Temp_Cell_2_Result
                0x000000000080404c        0x2
 .bss.Temp_Cell_2_Result
                0x000000000080404c        0x2 CMakeFiles\I2C_SLAVE_AVR28_V2_X_default_default_XC8_compile.dir\C_\Git_repositories\PIB2025\AVR128DB32_I2C_Test.X\main.c.o
                0x000000000080404c                Temp_Cell_2_Result

.bss.Temp_Cell_1_Result
                0x000000000080404e        0x2
 .bss.Temp_Cell_1_Result
                0x000000000080404e        0x2 CMakeFiles\I2C_SLAVE_AVR28_V2_X_default_default_XC8_compile.dir\C_\Git_repositories\PIB2025\AVR128DB32_I2C_Test.X\main.c.o
                0x000000000080404e                Temp_Cell_1_Result

.bss.CurrentFlow
                0x0000000000804098        0x1
 .bss.CurrentFlow
                0x0000000000804098        0x1 CMakeFiles\I2C_SLAVE_AVR28_V2_X_default_default_XC8_compile.dir\C_\Git_repositories\PIB2025\AVR128DB32_I2C_Test.X\main.c.o
                0x0000000000804098                CurrentFlow

.bss.ADC0_ThresholdCallback
                0x0000000000804050        0x2
 .bss.ADC0_ThresholdCallback
                0x0000000000804050        0x2 CMakeFiles\I2C_SLAVE_AVR28_V2_X_default_default_XC8_compile.dir\C_\Git_repositories\PIB2025\AVR128DB32_I2C_Test.X\mcc_generated_files\adc\src\adc0.c.o

.bss.ADC0_ConversionDoneCallback
                0x0000000000804052        0x2
 .bss.ADC0_ConversionDoneCallback
                0x0000000000804052        0x2 CMakeFiles\I2C_SLAVE_AVR28_V2_X_default_default_XC8_compile.dir\C_\Git_repositories\PIB2025\AVR128DB32_I2C_Test.X\mcc_generated_files\adc\src\adc0.c.o

.bss.isAddressByte.4034
                0x000000000080409c        0x1
 .bss.isAddressByte.4034
                0x000000000080409c        0x1 CMakeFiles\I2C_SLAVE_AVR28_V2_X_default_default_XC8_compile.dir\C_\Git_repositories\PIB2025\AVR128DB32_I2C_Test.X\mcc_generated_files\i2c_client\src\twi0.c.o

.bss.TWI0_InterruptHandler
                0x0000000000804054        0x2
 .bss.TWI0_InterruptHandler
                0x0000000000804054        0x2 CMakeFiles\I2C_SLAVE_AVR28_V2_X_default_default_XC8_compile.dir\C_\Git_repositories\PIB2025\AVR128DB32_I2C_Test.X\mcc_generated_files\i2c_client\src\twi0.c.o

.bss.twi0ErrorState
                0x000000000080409d        0x1
 .bss.twi0ErrorState
                0x000000000080409d        0x1 CMakeFiles\I2C_SLAVE_AVR28_V2_X_default_default_XC8_compile.dir\C_\Git_repositories\PIB2025\AVR128DB32_I2C_Test.X\mcc_generated_files\i2c_client\src\twi0.c.o

.bss.twi0matchedAddress
                0x0000000000804056        0x2
 .bss.twi0matchedAddress
                0x0000000000804056        0x2 CMakeFiles\I2C_SLAVE_AVR28_V2_X_default_default_XC8_compile.dir\C_\Git_repositories\PIB2025\AVR128DB32_I2C_Test.X\mcc_generated_files\i2c_client\src\twi0.c.o

.bss.twi1_Status
                0x0000000000804012        0xe
 .bss.twi1_Status
                0x0000000000804012        0xe CMakeFiles\I2C_SLAVE_AVR28_V2_X_default_default_XC8_compile.dir\C_\Git_repositories\PIB2025\AVR128DB32_I2C_Test.X\mcc_generated_files\i2c_host\src\twi1.c.o
                0x0000000000804012                twi1_Status

.bss.TWI1_Callback
                0x0000000000804058        0x2
 .bss.TWI1_Callback
                0x0000000000804058        0x2 CMakeFiles\I2C_SLAVE_AVR28_V2_X_default_default_XC8_compile.dir\C_\Git_repositories\PIB2025\AVR128DB32_I2C_Test.X\mcc_generated_files\i2c_host\src\twi1.c.o

.bss.LED_InterruptHandler
                0x000000000080405a        0x2
 .bss.LED_InterruptHandler
                0x000000000080405a        0x2 CMakeFiles\I2C_SLAVE_AVR28_V2_X_default_default_XC8_compile.dir\C_\Git_repositories\PIB2025\AVR128DB32_I2C_Test.X\mcc_generated_files\system\src\pins.c.o

.bss.Lader_Output_InterruptHandler
                0x000000000080405c        0x2
 .bss.Lader_Output_InterruptHandler
                0x000000000080405c        0x2 CMakeFiles\I2C_SLAVE_AVR28_V2_X_default_default_XC8_compile.dir\C_\Git_repositories\PIB2025\AVR128DB32_I2C_Test.X\mcc_generated_files\system\src\pins.c.o

.bss.EN_Batt_InterruptHandler
                0x000000000080405e        0x2
 .bss.EN_Batt_InterruptHandler
                0x000000000080405e        0x2 CMakeFiles\I2C_SLAVE_AVR28_V2_X_default_default_XC8_compile.dir\C_\Git_repositories\PIB2025\AVR128DB32_I2C_Test.X\mcc_generated_files\system\src\pins.c.o

.bss.EN_Lader_InterruptHandler
                0x0000000000804060        0x2
 .bss.EN_Lader_InterruptHandler
                0x0000000000804060        0x2 CMakeFiles\I2C_SLAVE_AVR28_V2_X_default_default_XC8_compile.dir\C_\Git_repositories\PIB2025\AVR128DB32_I2C_Test.X\mcc_generated_files\system\src\pins.c.o

.bss.EN_Int_Net_InterruptHandler
                0x0000000000804062        0x2
 .bss.EN_Int_Net_InterruptHandler
                0x0000000000804062        0x2 CMakeFiles\I2C_SLAVE_AVR28_V2_X_default_default_XC8_compile.dir\C_\Git_repositories\PIB2025\AVR128DB32_I2C_Test.X\mcc_generated_files\system\src\pins.c.o

.bss.Drain_Cell_4_InterruptHandler
                0x0000000000804064        0x2
 .bss.Drain_Cell_4_InterruptHandler
                0x0000000000804064        0x2 CMakeFiles\I2C_SLAVE_AVR28_V2_X_default_default_XC8_compile.dir\C_\Git_repositories\PIB2025\AVR128DB32_I2C_Test.X\mcc_generated_files\system\src\pins.c.o

.bss.Drain_Cell_3_InterruptHandler
                0x0000000000804066        0x2
 .bss.Drain_Cell_3_InterruptHandler
                0x0000000000804066        0x2 CMakeFiles\I2C_SLAVE_AVR28_V2_X_default_default_XC8_compile.dir\C_\Git_repositories\PIB2025\AVR128DB32_I2C_Test.X\mcc_generated_files\system\src\pins.c.o

.bss.Drain_Cell_2_InterruptHandler
                0x0000000000804068        0x2
 .bss.Drain_Cell_2_InterruptHandler
                0x0000000000804068        0x2 CMakeFiles\I2C_SLAVE_AVR28_V2_X_default_default_XC8_compile.dir\C_\Git_repositories\PIB2025\AVR128DB32_I2C_Test.X\mcc_generated_files\system\src\pins.c.o

.bss.Drain_Cell_1_InterruptHandler
                0x000000000080406a        0x2
 .bss.Drain_Cell_1_InterruptHandler
                0x000000000080406a        0x2 CMakeFiles\I2C_SLAVE_AVR28_V2_X_default_default_XC8_compile.dir\C_\Git_repositories\PIB2025\AVR128DB32_I2C_Test.X\mcc_generated_files\system\src\pins.c.o

.bss.EN_EXT_Balance_InterruptHandler
                0x000000000080406c        0x2
 .bss.EN_EXT_Balance_InterruptHandler
                0x000000000080406c        0x2 CMakeFiles\I2C_SLAVE_AVR28_V2_X_default_default_XC8_compile.dir\C_\Git_repositories\PIB2025\AVR128DB32_I2C_Test.X\mcc_generated_files\system\src\pins.c.o

.bss.BFG_Alert_InterruptHandler
                0x000000000080406e        0x2
 .bss.BFG_Alert_InterruptHandler
                0x000000000080406e        0x2 CMakeFiles\I2C_SLAVE_AVR28_V2_X_default_default_XC8_compile.dir\C_\Git_repositories\PIB2025\AVR128DB32_I2C_Test.X\mcc_generated_files\system\src\pins.c.o

.bss.IO_PF1_InterruptHandler
                0x0000000000804070        0x2
 .bss.IO_PF1_InterruptHandler
                0x0000000000804070        0x2 CMakeFiles\I2C_SLAVE_AVR28_V2_X_default_default_XC8_compile.dir\C_\Git_repositories\PIB2025\AVR128DB32_I2C_Test.X\mcc_generated_files\system\src\pins.c.o

.bss.IO_PF0_InterruptHandler
                0x0000000000804072        0x2
 .bss.IO_PF0_InterruptHandler
                0x0000000000804072        0x2 CMakeFiles\I2C_SLAVE_AVR28_V2_X_default_default_XC8_compile.dir\C_\Git_repositories\PIB2025\AVR128DB32_I2C_Test.X\mcc_generated_files\system\src\pins.c.o

.bss.IO_PD7_InterruptHandler
                0x0000000000804074        0x2
 .bss.IO_PD7_InterruptHandler
                0x0000000000804074        0x2 CMakeFiles\I2C_SLAVE_AVR28_V2_X_default_default_XC8_compile.dir\C_\Git_repositories\PIB2025\AVR128DB32_I2C_Test.X\mcc_generated_files\system\src\pins.c.o

.bss.IO_PD6_InterruptHandler
                0x0000000000804076        0x2
 .bss.IO_PD6_InterruptHandler
                0x0000000000804076        0x2 CMakeFiles\I2C_SLAVE_AVR28_V2_X_default_default_XC8_compile.dir\C_\Git_repositories\PIB2025\AVR128DB32_I2C_Test.X\mcc_generated_files\system\src\pins.c.o

.bss.IO_PD5_InterruptHandler
                0x0000000000804078        0x2
 .bss.IO_PD5_InterruptHandler
                0x0000000000804078        0x2 CMakeFiles\I2C_SLAVE_AVR28_V2_X_default_default_XC8_compile.dir\C_\Git_repositories\PIB2025\AVR128DB32_I2C_Test.X\mcc_generated_files\system\src\pins.c.o

.bss.IO_PD4_InterruptHandler
                0x000000000080407a        0x2
 .bss.IO_PD4_InterruptHandler
                0x000000000080407a        0x2 CMakeFiles\I2C_SLAVE_AVR28_V2_X_default_default_XC8_compile.dir\C_\Git_repositories\PIB2025\AVR128DB32_I2C_Test.X\mcc_generated_files\system\src\pins.c.o

.bss.IO_PD3_InterruptHandler
                0x000000000080407c        0x2
 .bss.IO_PD3_InterruptHandler
                0x000000000080407c        0x2 CMakeFiles\I2C_SLAVE_AVR28_V2_X_default_default_XC8_compile.dir\C_\Git_repositories\PIB2025\AVR128DB32_I2C_Test.X\mcc_generated_files\system\src\pins.c.o

.bss.IO_PD2_InterruptHandler
                0x000000000080407e        0x2
 .bss.IO_PD2_InterruptHandler
                0x000000000080407e        0x2 CMakeFiles\I2C_SLAVE_AVR28_V2_X_default_default_XC8_compile.dir\C_\Git_repositories\PIB2025\AVR128DB32_I2C_Test.X\mcc_generated_files\system\src\pins.c.o

.bss.IO_PD1_InterruptHandler
                0x0000000000804080        0x2
 .bss.IO_PD1_InterruptHandler
                0x0000000000804080        0x2 CMakeFiles\I2C_SLAVE_AVR28_V2_X_default_default_XC8_compile.dir\C_\Git_repositories\PIB2025\AVR128DB32_I2C_Test.X\mcc_generated_files\system\src\pins.c.o

.bss.IO_PC2_InterruptHandler
                0x0000000000804082        0x2
 .bss.IO_PC2_InterruptHandler
                0x0000000000804082        0x2 CMakeFiles\I2C_SLAVE_AVR28_V2_X_default_default_XC8_compile.dir\C_\Git_repositories\PIB2025\AVR128DB32_I2C_Test.X\mcc_generated_files\system\src\pins.c.o

.bss.IO_PC3_InterruptHandler
                0x0000000000804084        0x2
 .bss.IO_PC3_InterruptHandler
                0x0000000000804084        0x2 CMakeFiles\I2C_SLAVE_AVR28_V2_X_default_default_XC8_compile.dir\C_\Git_repositories\PIB2025\AVR128DB32_I2C_Test.X\mcc_generated_files\system\src\pins.c.o

.bss.IO_PF2_InterruptHandler
                0x0000000000804086        0x2
 .bss.IO_PF2_InterruptHandler
                0x0000000000804086        0x2 CMakeFiles\I2C_SLAVE_AVR28_V2_X_default_default_XC8_compile.dir\C_\Git_repositories\PIB2025\AVR128DB32_I2C_Test.X\mcc_generated_files\system\src\pins.c.o

.bss.IO_PF3_InterruptHandler
                0x0000000000804088        0x2
 .bss.IO_PF3_InterruptHandler
                0x0000000000804088        0x2 CMakeFiles\I2C_SLAVE_AVR28_V2_X_default_default_XC8_compile.dir\C_\Git_repositories\PIB2025\AVR128DB32_I2C_Test.X\mcc_generated_files\system\src\pins.c.o

.bss.Lader_Input_InterruptHandler
                0x000000000080408a        0x2
 .bss.Lader_Input_InterruptHandler
                0x000000000080408a        0x2 CMakeFiles\I2C_SLAVE_AVR28_V2_X_default_default_XC8_compile.dir\C_\Git_repositories\PIB2025\AVR128DB32_I2C_Test.X\mcc_generated_files\system\src\pins.c.o

.bss.RTC_PIT_isr_cb
                0x000000000080408c        0x2
 .bss.RTC_PIT_isr_cb
                0x000000000080408c        0x2 CMakeFiles\I2C_SLAVE_AVR28_V2_X_default_default_XC8_compile.dir\C_\Git_repositories\PIB2025\AVR128DB32_I2C_Test.X\mcc_generated_files\timer\src\rtc.c.o
                0x000000000080408c                RTC_PIT_isr_cb

.bss.RTC_CMP_isr_cb
                0x000000000080408e        0x2
 .bss.RTC_CMP_isr_cb
                0x000000000080408e        0x2 CMakeFiles\I2C_SLAVE_AVR28_V2_X_default_default_XC8_compile.dir\C_\Git_repositories\PIB2025\AVR128DB32_I2C_Test.X\mcc_generated_files\timer\src\rtc.c.o
                0x000000000080408e                RTC_CMP_isr_cb

.bss.RTC_OVF_isr_cb
                0x0000000000804090        0x2
 .bss.RTC_OVF_isr_cb
                0x0000000000804090        0x2 CMakeFiles\I2C_SLAVE_AVR28_V2_X_default_default_XC8_compile.dir\C_\Git_repositories\PIB2025\AVR128DB32_I2C_Test.X\mcc_generated_files\timer\src\rtc.c.o
                0x0000000000804090                RTC_OVF_isr_cb

.bss.TCB0_CAPT_isr_cb
                0x0000000000804092        0x2
 .bss.TCB0_CAPT_isr_cb
                0x0000000000804092        0x2 CMakeFiles\I2C_SLAVE_AVR28_V2_X_default_default_XC8_compile.dir\C_\Git_repositories\PIB2025\AVR128DB32_I2C_Test.X\mcc_generated_files\timer\src\tcb0.c.o

.bss.TCB0_OVF_isr_cb
                0x0000000000804094        0x2
 .bss.TCB0_OVF_isr_cb
                0x0000000000804094        0x2 CMakeFiles\I2C_SLAVE_AVR28_V2_X_default_default_XC8_compile.dir\C_\Git_repositories\PIB2025\AVR128DB32_I2C_Test.X\mcc_generated_files\timer\src\tcb0.c.o

.text.PIN_MANAGER_Initialize
                0x0000000000000148      0x1e4
 .text.PIN_MANAGER_Initialize
                0x0000000000000148      0x1e4 CMakeFiles\I2C_SLAVE_AVR28_V2_X_default_default_XC8_compile.dir\C_\Git_repositories\PIB2025\AVR128DB32_I2C_Test.X\mcc_generated_files\system\src\pins.c.o
                0x0000000000000148                PIN_MANAGER_Initialize

.text.ADC0_Conversion_Done_ISR
                0x000000000000032c      0x188
 .text.ADC0_Conversion_Done_ISR
                0x000000000000032c      0x188 CMakeFiles\I2C_SLAVE_AVR28_V2_X_default_default_XC8_compile.dir\C_\Git_repositories\PIB2025\AVR128DB32_I2C_Test.X\main.c.o
                0x000000000000032c                ADC0_Conversion_Done_ISR

.text.__vector_18
                0x00000000000004b4      0x186
 .text.__vector_18
                0x00000000000004b4      0x186 CMakeFiles\I2C_SLAVE_AVR28_V2_X_default_default_XC8_compile.dir\C_\Git_repositories\PIB2025\AVR128DB32_I2C_Test.X\mcc_generated_files\i2c_client\src\twi0.c.o
                0x00000000000004b4                __vector_18

.text.main      0x000000000000063a      0x184
 .text.main     0x000000000000063a      0x184 CMakeFiles\I2C_SLAVE_AVR28_V2_X_default_default_XC8_compile.dir\C_\Git_repositories\PIB2025\AVR128DB32_I2C_Test.X\main.c.o
                0x000000000000063a                main

.text.Update_LED_Sequencer
                0x00000000000007be      0x12c
 .text.Update_LED_Sequencer
                0x00000000000007be      0x12c CMakeFiles\I2C_SLAVE_AVR28_V2_X_default_default_XC8_compile.dir\C_\Git_repositories\PIB2025\AVR128DB32_I2C_Test.X\Libraries\src\Timed_Functions.c.o
                0x00000000000007be                Update_LED_Sequencer

.text.__vector_43
                0x00000000000008ea      0x10e
 .text.__vector_43
                0x00000000000008ea      0x10e CMakeFiles\I2C_SLAVE_AVR28_V2_X_default_default_XC8_compile.dir\C_\Git_repositories\PIB2025\AVR128DB32_I2C_Test.X\mcc_generated_files\i2c_host\src\twi1.c.o
                0x00000000000008ea                __vector_43

.text           0x00000000000009f8       0xde
 .text          0x00000000000009f8       0xde c:/progra~1/microc~1/xc8/v3.10/avr/bin/../lib/gcc/avr/5.4.0/../../../../avr/lib/avrxmega4\libm.a(divsf3x.o)
                0x00000000000009f8                __divsf3x
                0x0000000000000a20                __divsf3_pse

.text           0x0000000000000ad6       0xce
 .text          0x0000000000000ad6       0xce c:/progra~1/microc~1/xc8/v3.10/avr/bin/../lib/gcc/avr/5.4.0/../../../../avr/lib/avrxmega4\libm.a(addsf3x.o)
                0x0000000000000ad6                __addsf3x

.text.__vector_8
                0x0000000000000ba4       0xc0
 .text.__vector_8
                0x0000000000000ba4       0xc0 CMakeFiles\I2C_SLAVE_AVR28_V2_X_default_default_XC8_compile.dir\C_\Git_repositories\PIB2025\AVR128DB32_I2C_Test.X\mcc_generated_files\system\src\pins.c.o
                0x0000000000000ba4                __vector_8

.text.__vector_24
                0x0000000000000c64       0xb2
 .text.__vector_24
                0x0000000000000c64       0xb2 CMakeFiles\I2C_SLAVE_AVR28_V2_X_default_default_XC8_compile.dir\C_\Git_repositories\PIB2025\AVR128DB32_I2C_Test.X\mcc_generated_files\system\src\pins.c.o
                0x0000000000000c64                __vector_24

.text.__vector_35
                0x0000000000000d16       0xa4
 .text.__vector_35
                0x0000000000000d16       0xa4 CMakeFiles\I2C_SLAVE_AVR28_V2_X_default_default_XC8_compile.dir\C_\Git_repositories\PIB2025\AVR128DB32_I2C_Test.X\mcc_generated_files\system\src\pins.c.o
                0x0000000000000d16                __vector_35

.text.I2C_EVENT_RX
                0x0000000000000dba       0x9a
 .text.I2C_EVENT_RX
                0x0000000000000dba       0x9a CMakeFiles\I2C_SLAVE_AVR28_V2_X_default_default_XC8_compile.dir\C_\Git_repositories\PIB2025\AVR128DB32_I2C_Test.X\mcc_generated_files\i2c_host\src\twi1.c.o

.text.CLOCK_Initialize
                0x0000000000000e54       0x90
 .text.CLOCK_Initialize
                0x0000000000000e54       0x90 CMakeFiles\I2C_SLAVE_AVR28_V2_X_default_default_XC8_compile.dir\C_\Git_repositories\PIB2025\AVR128DB32_I2C_Test.X\mcc_generated_files\system\src\clock.c.o
                0x0000000000000e54                CLOCK_Initialize

.text.__vector_5
                0x0000000000000ee4       0x8e
 .text.__vector_5
                0x0000000000000ee4       0x8e CMakeFiles\I2C_SLAVE_AVR28_V2_X_default_default_XC8_compile.dir\C_\Git_repositories\PIB2025\AVR128DB32_I2C_Test.X\mcc_generated_files\timer\src\rtc.c.o
                0x0000000000000ee4                __vector_5

.text.__vector_30
                0x0000000000000f72       0x88
 .text.__vector_30
                0x0000000000000f72       0x88 CMakeFiles\I2C_SLAVE_AVR28_V2_X_default_default_XC8_compile.dir\C_\Git_repositories\PIB2025\AVR128DB32_I2C_Test.X\mcc_generated_files\system\src\pins.c.o
                0x0000000000000f72                __vector_30

.text.__vector_14
                0x0000000000000ffa       0x84
 .text.__vector_14
                0x0000000000000ffa       0x84 CMakeFiles\I2C_SLAVE_AVR28_V2_X_default_default_XC8_compile.dir\C_\Git_repositories\PIB2025\AVR128DB32_I2C_Test.X\mcc_generated_files\timer\src\tcb0.c.o
                0x0000000000000ffa                __vector_14

.text.EVSYS_Initialize
                0x000000000000107e       0x7c
 .text.EVSYS_Initialize
                0x000000000000107e       0x7c CMakeFiles\I2C_SLAVE_AVR28_V2_X_default_default_XC8_compile.dir\C_\Git_repositories\PIB2025\AVR128DB32_I2C_Test.X\mcc_generated_files\evsys\src\evsys.c.o
                0x000000000000107e                EVSYS_Initialize

.text           0x00000000000010fa       0x7a
 .text          0x00000000000010fa       0x7a c:/progra~1/microc~1/xc8/v3.10/avr/bin/../lib/gcc/avr/5.4.0/../../../../avr/lib/avrxmega4\libm.a(floatsisf.o)
                0x00000000000010fa                __floatunsisf
                0x00000000000010fe                __floatsisf

.text.__vector_26
                0x0000000000001174       0x60
 .text.__vector_26
                0x0000000000001174       0x60 CMakeFiles\I2C_SLAVE_AVR28_V2_X_default_default_XC8_compile.dir\C_\Git_repositories\PIB2025\AVR128DB32_I2C_Test.X\mcc_generated_files\adc\src\adc0.c.o
                0x0000000000001174                __vector_26

.text.__vector_27
                0x00000000000011d4       0x60
 .text.__vector_27
                0x00000000000011d4       0x60 CMakeFiles\I2C_SLAVE_AVR28_V2_X_default_default_XC8_compile.dir\C_\Git_repositories\PIB2025\AVR128DB32_I2C_Test.X\mcc_generated_files\adc\src\adc0.c.o
                0x00000000000011d4                __vector_27

.text.__vector_6
                0x0000000000001234       0x60
 .text.__vector_6
                0x0000000000001234       0x60 CMakeFiles\I2C_SLAVE_AVR28_V2_X_default_default_XC8_compile.dir\C_\Git_repositories\PIB2025\AVR128DB32_I2C_Test.X\mcc_generated_files\timer\src\rtc.c.o
                0x0000000000001234                __vector_6

.text           0x0000000000001294       0x5e
 .text          0x0000000000001294       0x5e c:/progra~1/microc~1/xc8/v3.10/avr/bin/../lib/gcc/avr/5.4.0/../../../../avr/lib/avrxmega4\libm.a(fixunssfsi.o)
                0x0000000000001294                __fixunssfsi

.text.ADC0_Initialize
                0x00000000000012f2       0x54
 .text.ADC0_Initialize
                0x00000000000012f2       0x54 CMakeFiles\I2C_SLAVE_AVR28_V2_X_default_default_XC8_compile.dir\C_\Git_repositories\PIB2025\AVR128DB32_I2C_Test.X\mcc_generated_files\adc\src\adc0.c.o
                0x00000000000012f2                ADC0_Initialize

.text.TCB0_Interrupt
                0x0000000000001346       0x4c
 .text.TCB0_Interrupt
                0x0000000000001346       0x4c CMakeFiles\I2C_SLAVE_AVR28_V2_X_default_default_XC8_compile.dir\C_\Git_repositories\PIB2025\AVR128DB32_I2C_Test.X\Libraries\src\Timed_Functions.c.o
                0x0000000000001346                TCB0_Interrupt

.text.I2C_EVENT_TX
                0x0000000000001392       0x48
 .text.I2C_EVENT_TX
                0x0000000000001392       0x48 CMakeFiles\I2C_SLAVE_AVR28_V2_X_default_default_XC8_compile.dir\C_\Git_repositories\PIB2025\AVR128DB32_I2C_Test.X\mcc_generated_files\i2c_host\src\twi1.c.o

.text           0x00000000000013da       0x44
 .text          0x00000000000013da       0x44 c:/progra~1/microc~1/xc8/v3.10/avr/bin/../lib/gcc/avr/5.4.0/../../../../avr/lib/avrxmega4\libm.a(fp_split3.o)
                0x00000000000013da                __fp_split3
                0x00000000000013ea                __fp_splitA

.text.TCB0_Initialize
                0x000000000000141e       0x40
 .text.TCB0_Initialize
                0x000000000000141e       0x40 CMakeFiles\I2C_SLAVE_AVR28_V2_X_default_default_XC8_compile.dir\C_\Git_repositories\PIB2025\AVR128DB32_I2C_Test.X\mcc_generated_files\timer\src\tcb0.c.o
                0x000000000000141e                TCB0_Initialize

.text.I2C_EVENT_STOP
                0x000000000000145e       0x3c
 .text.I2C_EVENT_STOP
                0x000000000000145e       0x3c CMakeFiles\I2C_SLAVE_AVR28_V2_X_default_default_XC8_compile.dir\C_\Git_repositories\PIB2025\AVR128DB32_I2C_Test.X\mcc_generated_files\i2c_host\src\twi1.c.o

.text.RTC_Initialize
                0x000000000000149a       0x3c
 .text.RTC_Initialize
                0x000000000000149a       0x3c CMakeFiles\I2C_SLAVE_AVR28_V2_X_default_default_XC8_compile.dir\C_\Git_repositories\PIB2025\AVR128DB32_I2C_Test.X\mcc_generated_files\timer\src\rtc.c.o
                0x000000000000149a                RTC_Initialize

.text.TCA0_Initialize
                0x00000000000014d6       0x3a
 .text.TCA0_Initialize
                0x00000000000014d6       0x3a CMakeFiles\I2C_SLAVE_AVR28_V2_X_default_default_XC8_compile.dir\C_\Git_repositories\PIB2025\AVR128DB32_I2C_Test.X\mcc_generated_files\timer\src\tca0.c.o
                0x00000000000014d6                TCA0_Initialize

.text.SYSTEM_Initialize
                0x0000000000001510       0x36
 .text.SYSTEM_Initialize
                0x0000000000001510       0x36 CMakeFiles\I2C_SLAVE_AVR28_V2_X_default_default_XC8_compile.dir\C_\Git_repositories\PIB2025\AVR128DB32_I2C_Test.X\mcc_generated_files\system\src\system.c.o
                0x0000000000001510                SYSTEM_Initialize

.text.TWI1_Initialize
                0x0000000000001546       0x2c
 .text.TWI1_Initialize
                0x0000000000001546       0x2c CMakeFiles\I2C_SLAVE_AVR28_V2_X_default_default_XC8_compile.dir\C_\Git_repositories\PIB2025\AVR128DB32_I2C_Test.X\mcc_generated_files\i2c_host\src\twi1.c.o
                0x0000000000001546                TWI1_Initialize

.text.Update_Cell_Drain
                0x0000000000001572       0x2a
 .text.Update_Cell_Drain
                0x0000000000001572       0x2a CMakeFiles\I2C_SLAVE_AVR28_V2_X_default_default_XC8_compile.dir\C_\Git_repositories\PIB2025\AVR128DB32_I2C_Test.X\Libraries\src\Timed_Functions.c.o
                0x0000000000001572                Update_Cell_Drain

.text.mV_to_CellVoltage
                0x000000000000159c       0x2a
 .text.mV_to_CellVoltage
                0x000000000000159c       0x2a CMakeFiles\I2C_SLAVE_AVR28_V2_X_default_default_XC8_compile.dir\C_\Git_repositories\PIB2025\AVR128DB32_I2C_Test.X\main.c.o
                0x000000000000159c                mV_to_CellVoltage

.text.libgcc.div
                0x00000000000015c6       0x28
 .text.libgcc.div
                0x00000000000015c6       0x28 c:/progra~1/microc~1/xc8/v3.10/avr/bin/../lib/gcc/avr/5.4.0/avrxmega4\libgcc.a(_udivmodhi4.o)
                0x00000000000015c6                __udivmodhi4

.text.TWI0_Initialize
                0x00000000000015ee       0x22
 .text.TWI0_Initialize
                0x00000000000015ee       0x22 CMakeFiles\I2C_SLAVE_AVR28_V2_X_default_default_XC8_compile.dir\C_\Git_repositories\PIB2025\AVR128DB32_I2C_Test.X\mcc_generated_files\i2c_client\src\twi0.c.o
                0x00000000000015ee                TWI0_Initialize

.text           0x0000000000001610       0x22
 .text          0x0000000000001610       0x22 c:/progra~1/microc~1/xc8/v3.10/avr/bin/../lib/gcc/avr/5.4.0/../../../../avr/lib/avrxmega4\libm.a(fp_round.o)
                0x0000000000001610                __fp_round

.text.SLPCTRL_Initialize
                0x0000000000001632       0x1c
 .text.SLPCTRL_Initialize
                0x0000000000001632       0x1c CMakeFiles\I2C_SLAVE_AVR28_V2_X_default_default_XC8_compile.dir\C_\Git_repositories\PIB2025\AVR128DB32_I2C_Test.X\mcc_generated_files\system\src\system.c.o
                0x0000000000001632                SLPCTRL_Initialize

.text.CPUINT_Initialize
                0x000000000000164e       0x1a
 .text.CPUINT_Initialize
                0x000000000000164e       0x1a CMakeFiles\I2C_SLAVE_AVR28_V2_X_default_default_XC8_compile.dir\C_\Git_repositories\PIB2025\AVR128DB32_I2C_Test.X\mcc_generated_files\system\src\interrupt.c.o
                0x000000000000164e                CPUINT_Initialize

.text.I2C_EVENT_RESET
                0x0000000000001668       0x18
 .text.I2C_EVENT_RESET
                0x0000000000001668       0x18 CMakeFiles\I2C_SLAVE_AVR28_V2_X_default_default_XC8_compile.dir\C_\Git_repositories\PIB2025\AVR128DB32_I2C_Test.X\mcc_generated_files\i2c_host\src\twi1.c.o

.text.libgcc    0x0000000000001680       0x18
 .text.libgcc   0x0000000000001680       0x18 c:/progra~1/microc~1/xc8/v3.10/avr/bin/../lib/gcc/avr/5.4.0/avrxmega4\libgcc.a(_adddi3_s8.o)
                0x0000000000001680                __adddi3_s8

.text.Enable_External_Balancer_ISR
                0x0000000000001698       0x16
 .text.Enable_External_Balancer_ISR
                0x0000000000001698       0x16 CMakeFiles\I2C_SLAVE_AVR28_V2_X_default_default_XC8_compile.dir\C_\Git_repositories\PIB2025\AVR128DB32_I2C_Test.X\main.c.o
                0x0000000000001698                Enable_External_Balancer_ISR

.text.NVM_Initialize
                0x00000000000016ae       0x16
 .text.NVM_Initialize
                0x00000000000016ae       0x16 CMakeFiles\I2C_SLAVE_AVR28_V2_X_default_default_XC8_compile.dir\C_\Git_repositories\PIB2025\AVR128DB32_I2C_Test.X\mcc_generated_files\nvm\src\nvm.c.o
                0x00000000000016ae                NVM_Initialize

.text.exit      0x00000000000016c4       0x16
 .text.exit     0x00000000000016c4       0x16 c:/progra~1/microc~1/xc8/v3.10/avr/bin/../lib/gcc/avr/5.4.0/../../../../avr/lib/avrxmega4\libc.a(exit.o)
                0x00000000000016c4                exit

.text.Charger_Connect_ISR
                0x00000000000016da       0x14
 .text.Charger_Connect_ISR
                0x00000000000016da       0x14 CMakeFiles\I2C_SLAVE_AVR28_V2_X_default_default_XC8_compile.dir\C_\Git_repositories\PIB2025\AVR128DB32_I2C_Test.X\main.c.o
                0x00000000000016da                Charger_Connect_ISR

.text.I2C_EVENT_SEND_RD_ADDR
                0x00000000000016ee       0x14
 .text.I2C_EVENT_SEND_RD_ADDR
                0x00000000000016ee       0x14 CMakeFiles\I2C_SLAVE_AVR28_V2_X_default_default_XC8_compile.dir\C_\Git_repositories\PIB2025\AVR128DB32_I2C_Test.X\mcc_generated_files\i2c_host\src\twi1.c.o

.text.I2C_EVENT_SEND_WR_ADDR
                0x0000000000001702       0x12
 .text.I2C_EVENT_SEND_WR_ADDR
                0x0000000000001702       0x12 CMakeFiles\I2C_SLAVE_AVR28_V2_X_default_default_XC8_compile.dir\C_\Git_repositories\PIB2025\AVR128DB32_I2C_Test.X\mcc_generated_files\i2c_host\src\twi1.c.o

.text.libgcc    0x0000000000001714       0x12
 .text.libgcc   0x0000000000001714       0x12 c:/progra~1/microc~1/xc8/v3.10/avr/bin/../lib/gcc/avr/5.4.0/avrxmega4\libgcc.a(_tablejump2.o)
                0x0000000000001714                __tablejump2__

.text.libgcc    0x0000000000001726       0x12
 .text.libgcc   0x0000000000001726       0x12 c:/progra~1/microc~1/xc8/v3.10/avr/bin/../lib/gcc/avr/5.4.0/avrxmega4\libgcc.a(_cmpdi2.o)
                0x0000000000001726                __cmpdi2

.text.Switch_State
                0x0000000000001738        0xe
 .text.Switch_State
                0x0000000000001738        0xe CMakeFiles\I2C_SLAVE_AVR28_V2_X_default_default_XC8_compile.dir\C_\Git_repositories\PIB2025\AVR128DB32_I2C_Test.X\main.c.o
                0x0000000000001738                Switch_State

.text.I2C_EVENT_IDLE
                0x0000000000001746        0xe
 .text.I2C_EVENT_IDLE
                0x0000000000001746        0xe CMakeFiles\I2C_SLAVE_AVR28_V2_X_default_default_XC8_compile.dir\C_\Git_repositories\PIB2025\AVR128DB32_I2C_Test.X\mcc_generated_files\i2c_host\src\twi1.c.o

.text.VREF_Initialize
                0x0000000000001754        0xe
 .text.VREF_Initialize
                0x0000000000001754        0xe CMakeFiles\I2C_SLAVE_AVR28_V2_X_default_default_XC8_compile.dir\C_\Git_repositories\PIB2025\AVR128DB32_I2C_Test.X\mcc_generated_files\vref\src\vref.c.o
                0x0000000000001754                VREF_Initialize

.text           0x0000000000001762        0xe
 .text          0x0000000000001762        0xe c:/progra~1/microc~1/xc8/v3.10/avr/bin/../lib/gcc/avr/5.4.0/../../../../avr/lib/avrxmega4\libm.a(addsf3.o)
                0x0000000000001762                __subsf3
                0x0000000000001764                __addsf3

.text           0x0000000000001770        0xe
 .text          0x0000000000001770        0xe c:/progra~1/microc~1/xc8/v3.10/avr/bin/../lib/gcc/avr/5.4.0/../../../../avr/lib/avrxmega4\libm.a(fp_pscA.o)
                0x0000000000001770                __fp_pscA

.text           0x000000000000177e        0xe
 .text          0x000000000000177e        0xe c:/progra~1/microc~1/xc8/v3.10/avr/bin/../lib/gcc/avr/5.4.0/../../../../avr/lib/avrxmega4\libm.a(fp_pscB.o)
                0x000000000000177e                __fp_pscB

.text           0x000000000000178c        0xe
 .text          0x000000000000178c        0xe c:/progra~1/microc~1/xc8/v3.10/avr/bin/../lib/gcc/avr/5.4.0/../../../../avr/lib/avrxmega4\libm.a(fp_zero.o)
                0x000000000000178c                __fp_zero
                0x000000000000178e                __fp_szero

.text.I2C_EVENT_ERROR
                0x000000000000179a        0xc
 .text.I2C_EVENT_ERROR
                0x000000000000179a        0xc CMakeFiles\I2C_SLAVE_AVR28_V2_X_default_default_XC8_compile.dir\C_\Git_repositories\PIB2025\AVR128DB32_I2C_Test.X\mcc_generated_files\i2c_host\src\twi1.c.o

.text.NVM_StatusClear
                0x00000000000017a6        0xc
 .text.NVM_StatusClear
                0x00000000000017a6        0xc CMakeFiles\I2C_SLAVE_AVR28_V2_X_default_default_XC8_compile.dir\C_\Git_repositories\PIB2025\AVR128DB32_I2C_Test.X\mcc_generated_files\nvm\src\nvm.c.o
                0x00000000000017a6                NVM_StatusClear

.text           0x00000000000017b2        0xc
 .text          0x00000000000017b2        0xc c:/progra~1/microc~1/xc8/v3.10/avr/bin/../lib/gcc/avr/5.4.0/../../../../avr/lib/avrxmega4\libm.a(fp_inf.o)
                0x00000000000017b2                __fp_inf

.text.protected_write_io
                0x00000000000017be        0xa
 .text.protected_write_io
                0x00000000000017be        0xa CMakeFiles\I2C_SLAVE_AVR28_V2_X_default_default_XC8_assemblePreprocess.dir\234880e3866bbcdd0bcd5253c76c3f99\mcc_generated_files\system\src\protected_io.S.o
                0x00000000000017be                protected_write_io

.text.Update_Timed_Functions
                0x00000000000017c8        0xa
 .text.Update_Timed_Functions
                0x00000000000017c8        0xa CMakeFiles\I2C_SLAVE_AVR28_V2_X_default_default_XC8_compile.dir\C_\Git_repositories\PIB2025\AVR128DB32_I2C_Test.X\Libraries\src\Timed_Functions.c.o
                0x00000000000017c8                Update_Timed_Functions

.text.Setup_Timed_Functions
                0x00000000000017d2        0xa
 .text.Setup_Timed_Functions
                0x00000000000017d2        0xa CMakeFiles\I2C_SLAVE_AVR28_V2_X_default_default_XC8_compile.dir\C_\Git_repositories\PIB2025\AVR128DB32_I2C_Test.X\Libraries\src\Timed_Functions.c.o
                0x00000000000017d2                Setup_Timed_Functions

.text.ADC0_ConversionDoneCallbackRegister
                0x00000000000017dc        0xa
 .text.ADC0_ConversionDoneCallbackRegister
                0x00000000000017dc        0xa CMakeFiles\I2C_SLAVE_AVR28_V2_X_default_default_XC8_compile.dir\C_\Git_repositories\PIB2025\AVR128DB32_I2C_Test.X\mcc_generated_files\adc\src\adc0.c.o
                0x00000000000017dc                ADC0_ConversionDoneCallbackRegister

.text.BFG_Alert_SetInterruptHandler
                0x00000000000017e6        0xa
 .text.BFG_Alert_SetInterruptHandler
                0x00000000000017e6        0xa CMakeFiles\I2C_SLAVE_AVR28_V2_X_default_default_XC8_compile.dir\C_\Git_repositories\PIB2025\AVR128DB32_I2C_Test.X\mcc_generated_files\system\src\pins.c.o
                0x00000000000017e6                BFG_Alert_SetInterruptHandler

.text.EN_EXT_Balance_SetInterruptHandler
                0x00000000000017f0        0xa
 .text.EN_EXT_Balance_SetInterruptHandler
                0x00000000000017f0        0xa CMakeFiles\I2C_SLAVE_AVR28_V2_X_default_default_XC8_compile.dir\C_\Git_repositories\PIB2025\AVR128DB32_I2C_Test.X\mcc_generated_files\system\src\pins.c.o
                0x00000000000017f0                EN_EXT_Balance_SetInterruptHandler

.text.Lader_Output_SetInterruptHandler
                0x00000000000017fa        0xa
 .text.Lader_Output_SetInterruptHandler
                0x00000000000017fa        0xa CMakeFiles\I2C_SLAVE_AVR28_V2_X_default_default_XC8_compile.dir\C_\Git_repositories\PIB2025\AVR128DB32_I2C_Test.X\mcc_generated_files\system\src\pins.c.o
                0x00000000000017fa                Lader_Output_SetInterruptHandler

.text.TCB0_CaptureCallbackRegister
                0x0000000000001804        0xa
 .text.TCB0_CaptureCallbackRegister
                0x0000000000001804        0xa CMakeFiles\I2C_SLAVE_AVR28_V2_X_default_default_XC8_compile.dir\C_\Git_repositories\PIB2025\AVR128DB32_I2C_Test.X\mcc_generated_files\timer\src\tcb0.c.o
                0x0000000000001804                TCB0_CaptureCallbackRegister

.text           0x000000000000180e        0x8
 .text          0x000000000000180e        0x8 c:/progra~1/microc~1/xc8/v3.10/avr/bin/../lib/gcc/avr/5.4.0/../../../../avr/lib/avrxmega4\libm.a(divsf3.o)
                0x000000000000180e                __divsf3

.text.ADC0_ChannelSelect
                0x0000000000001816        0x6
 .text.ADC0_ChannelSelect
                0x0000000000001816        0x6 CMakeFiles\I2C_SLAVE_AVR28_V2_X_default_default_XC8_compile.dir\C_\Git_repositories\PIB2025\AVR128DB32_I2C_Test.X\mcc_generated_files\adc\src\adc0.c.o
                0x0000000000001816                ADC0_ChannelSelect

.text.I2C_EVENT_NACK
                0x000000000000181c        0x6
 .text.I2C_EVENT_NACK
                0x000000000000181c        0x6 CMakeFiles\I2C_SLAVE_AVR28_V2_X_default_default_XC8_compile.dir\C_\Git_repositories\PIB2025\AVR128DB32_I2C_Test.X\mcc_generated_files\i2c_host\src\twi1.c.o

.text           0x0000000000001822        0x6
 .text          0x0000000000001822        0x6 c:/progra~1/microc~1/xc8/v3.10/avr/bin/../lib/gcc/avr/5.4.0/../../../../avr/lib/avrxmega4\libm.a(fp_nan.o)
                0x0000000000001822                __fp_nan

.text           0x0000000000001828        0x4
 .text          0x0000000000001828        0x4 C:/Users/Niels/.mchp_packs/Microchip/AVR-Dx_DFP/2.7.321/xc8/avr/lib/avrxmega4/crtavr128db32.o
                0x0000000000001828                __vector_38
                0x0000000000001828                __vector_22
                0x0000000000001828                __vector_28
                0x0000000000001828                __vector_1
                0x0000000000001828                __vector_32
                0x0000000000001828                __vector_34
                0x0000000000001828                __vector_12
                0x0000000000001828                __bad_interrupt
                0x0000000000001828                __vector_31
                0x0000000000001828                __vector_39
                0x0000000000001828                __vector_3
                0x0000000000001828                __vector_23
                0x0000000000001828                __vector_25
                0x0000000000001828                __vector_11
                0x0000000000001828                __vector_13
                0x0000000000001828                __vector_17
                0x0000000000001828                __vector_19
                0x0000000000001828                __vector_7
                0x0000000000001828                __vector_41
                0x0000000000001828                __vector_33
                0x0000000000001828                __vector_37
                0x0000000000001828                __vector_4
                0x0000000000001828                __vector_9
                0x0000000000001828                __vector_2
                0x0000000000001828                __vector_21
                0x0000000000001828                __vector_15
                0x0000000000001828                __vector_36
                0x0000000000001828                __vector_29
                0x0000000000001828                __vector_40
                0x0000000000001828                __vector_10
                0x0000000000001828                __vector_16
                0x0000000000001828                __vector_20
                0x0000000000001828                __vector_42

.text._Exit     0x000000000000182c        0x4
 .text._Exit    0x000000000000182c        0x4 c:/progra~1/microc~1/xc8/v3.10/avr/bin/../lib/gcc/avr/5.4.0/../../../../avr/lib/avrxmega4\libc.a(_Exit.o)
                0x000000000000182c                _Exit

.text.BFG_Alert_ISR
                0x0000000000001830        0x2
 .text.BFG_Alert_ISR
                0x0000000000001830        0x2 CMakeFiles\I2C_SLAVE_AVR28_V2_X_default_default_XC8_compile.dir\C_\Git_repositories\PIB2025\AVR128DB32_I2C_Test.X\main.c.o
                0x0000000000001830                BFG_Alert_ISR

.text.Lader_Input_DefaultInterruptHandler
                0x0000000000001832        0x2
 .text.Lader_Input_DefaultInterruptHandler
                0x0000000000001832        0x2 CMakeFiles\I2C_SLAVE_AVR28_V2_X_default_default_XC8_compile.dir\C_\Git_repositories\PIB2025\AVR128DB32_I2C_Test.X\mcc_generated_files\system\src\pins.c.o
                0x0000000000001832                Lader_Input_DefaultInterruptHandler

.text.IO_PF3_DefaultInterruptHandler
                0x0000000000001834        0x2
 .text.IO_PF3_DefaultInterruptHandler
                0x0000000000001834        0x2 CMakeFiles\I2C_SLAVE_AVR28_V2_X_default_default_XC8_compile.dir\C_\Git_repositories\PIB2025\AVR128DB32_I2C_Test.X\mcc_generated_files\system\src\pins.c.o
                0x0000000000001834                IO_PF3_DefaultInterruptHandler

.text.IO_PF2_DefaultInterruptHandler
                0x0000000000001836        0x2
 .text.IO_PF2_DefaultInterruptHandler
                0x0000000000001836        0x2 CMakeFiles\I2C_SLAVE_AVR28_V2_X_default_default_XC8_compile.dir\C_\Git_repositories\PIB2025\AVR128DB32_I2C_Test.X\mcc_generated_files\system\src\pins.c.o
                0x0000000000001836                IO_PF2_DefaultInterruptHandler

.text.IO_PC3_DefaultInterruptHandler
                0x0000000000001838        0x2
 .text.IO_PC3_DefaultInterruptHandler
                0x0000000000001838        0x2 CMakeFiles\I2C_SLAVE_AVR28_V2_X_default_default_XC8_compile.dir\C_\Git_repositories\PIB2025\AVR128DB32_I2C_Test.X\mcc_generated_files\system\src\pins.c.o
                0x0000000000001838                IO_PC3_DefaultInterruptHandler

.text.IO_PC2_DefaultInterruptHandler
                0x000000000000183a        0x2
 .text.IO_PC2_DefaultInterruptHandler
                0x000000000000183a        0x2 CMakeFiles\I2C_SLAVE_AVR28_V2_X_default_default_XC8_compile.dir\C_\Git_repositories\PIB2025\AVR128DB32_I2C_Test.X\mcc_generated_files\system\src\pins.c.o
                0x000000000000183a                IO_PC2_DefaultInterruptHandler

.text.IO_PD1_DefaultInterruptHandler
                0x000000000000183c        0x2
 .text.IO_PD1_DefaultInterruptHandler
                0x000000000000183c        0x2 CMakeFiles\I2C_SLAVE_AVR28_V2_X_default_default_XC8_compile.dir\C_\Git_repositories\PIB2025\AVR128DB32_I2C_Test.X\mcc_generated_files\system\src\pins.c.o
                0x000000000000183c                IO_PD1_DefaultInterruptHandler

.text.IO_PD2_DefaultInterruptHandler
                0x000000000000183e        0x2
 .text.IO_PD2_DefaultInterruptHandler
                0x000000000000183e        0x2 CMakeFiles\I2C_SLAVE_AVR28_V2_X_default_default_XC8_compile.dir\C_\Git_repositories\PIB2025\AVR128DB32_I2C_Test.X\mcc_generated_files\system\src\pins.c.o
                0x000000000000183e                IO_PD2_DefaultInterruptHandler

.text.IO_PD3_DefaultInterruptHandler
                0x0000000000001840        0x2
 .text.IO_PD3_DefaultInterruptHandler
                0x0000000000001840        0x2 CMakeFiles\I2C_SLAVE_AVR28_V2_X_default_default_XC8_compile.dir\C_\Git_repositories\PIB2025\AVR128DB32_I2C_Test.X\mcc_generated_files\system\src\pins.c.o
                0x0000000000001840                IO_PD3_DefaultInterruptHandler

.text.IO_PD4_DefaultInterruptHandler
                0x0000000000001842        0x2
 .text.IO_PD4_DefaultInterruptHandler
                0x0000000000001842        0x2 CMakeFiles\I2C_SLAVE_AVR28_V2_X_default_default_XC8_compile.dir\C_\Git_repositories\PIB2025\AVR128DB32_I2C_Test.X\mcc_generated_files\system\src\pins.c.o
                0x0000000000001842                IO_PD4_DefaultInterruptHandler

.text.IO_PD5_DefaultInterruptHandler
                0x0000000000001844        0x2