Archive member included to satisfy reference by file (symbol)

c:/progra~1/microc~1/xc8/v3.10/avr/bin/../lib/gcc/avr/5.4.0/avrxmega4\libgcc.a(_udivmodhi4.o)
                              CMakeFiles\I2C_SLAVE_AVR28_V2_X_default_default_XC8_compile.dir\C_\Git_repositories\PIB2025\AVR128DB32_I2C_Test.X\main.c.o (__udivmodhi4)
c:/progra~1/microc~1/xc8/v3.10/avr/bin/../lib/gcc/avr/5.4.0/avrxmega4\libgcc.a(_tablejump2.o)
                              CMakeFiles\I2C_SLAVE_AVR28_V2_X_default_default_XC8_compile.dir\C_\Git_repositories\PIB2025\AVR128DB32_I2C_Test.X\Libraries\src\I2C.c.o (__tablejump2__)
c:/progra~1/microc~1/xc8/v3.10/avr/bin/../lib/gcc/avr/5.4.0/avrxmega4\libgcc.a(_copy_data.o)
                              CMakeFiles\I2C_SLAVE_AVR28_V2_X_default_default_XC8_compile.dir\C_\Git_repositories\PIB2025\AVR128DB32_I2C_Test.X\Libraries\src\I2C.c.o (__do_copy_data)
c:/progra~1/microc~1/xc8/v3.10/avr/bin/../lib/gcc/avr/5.4.0/avrxmega4\libgcc.a(_adddi3_s8.o)
                              CMakeFiles\I2C_SLAVE_AVR28_V2_X_default_default_XC8_compile.dir\C_\Git_repositories\PIB2025\AVR128DB32_I2C_Test.X\Libraries\src\Timed_Functions.c.o (__adddi3_s8)
c:/progra~1/microc~1/xc8/v3.10/avr/bin/../lib/gcc/avr/5.4.0/avrxmega4\libgcc.a(_cmpdi2.o)
                              CMakeFiles\I2C_SLAVE_AVR28_V2_X_default_default_XC8_compile.dir\C_\Git_repositories\PIB2025\AVR128DB32_I2C_Test.X\Libraries\src\Timed_Functions.c.o (__cmpdi2)
c:/progra~1/microc~1/xc8/v3.10/avr/bin/../lib/gcc/avr/5.4.0/../../../../avr/lib/avrxmega4\libm.a(addsf3.o)
                              CMakeFiles\I2C_SLAVE_AVR28_V2_X_default_default_XC8_compile.dir\C_\Git_repositories\PIB2025\AVR128DB32_I2C_Test.X\main.c.o (__addsf3)
c:/progra~1/microc~1/xc8/v3.10/avr/bin/../lib/gcc/avr/5.4.0/../../../../avr/lib/avrxmega4\libm.a(addsf3x.o)
                              c:/progra~1/microc~1/xc8/v3.10/avr/bin/../lib/gcc/avr/5.4.0/../../../../avr/lib/avrxmega4\libm.a(addsf3.o) (__addsf3x)
c:/progra~1/microc~1/xc8/v3.10/avr/bin/../lib/gcc/avr/5.4.0/../../../../avr/lib/avrxmega4\libm.a(divsf3.o)
                              CMakeFiles\I2C_SLAVE_AVR28_V2_X_default_default_XC8_compile.dir\C_\Git_repositories\PIB2025\AVR128DB32_I2C_Test.X\main.c.o (__divsf3)
c:/progra~1/microc~1/xc8/v3.10/avr/bin/../lib/gcc/avr/5.4.0/../../../../avr/lib/avrxmega4\libm.a(divsf3x.o)
                              c:/progra~1/microc~1/xc8/v3.10/avr/bin/../lib/gcc/avr/5.4.0/../../../../avr/lib/avrxmega4\libm.a(divsf3.o) (__divsf3x)
c:/progra~1/microc~1/xc8/v3.10/avr/bin/../lib/gcc/avr/5.4.0/../../../../avr/lib/avrxmega4\libm.a(fixunssfsi.o)
                              CMakeFiles\I2C_SLAVE_AVR28_V2_X_default_default_XC8_compile.dir\C_\Git_repositories\PIB2025\AVR128DB32_I2C_Test.X\main.c.o (__fixunssfsi)
c:/progra~1/microc~1/xc8/v3.10/avr/bin/../lib/gcc/avr/5.4.0/../../../../avr/lib/avrxmega4\libm.a(floatsisf.o)
                              CMakeFiles\I2C_SLAVE_AVR28_V2_X_default_default_XC8_compile.dir\C_\Git_repositories\PIB2025\AVR128DB32_I2C_Test.X\main.c.o (__floatunsisf)
c:/progra~1/microc~1/xc8/v3.10/avr/bin/../lib/gcc/avr/5.4.0/../../../../avr/lib/avrxmega4\libm.a(fp_inf.o)
                              c:/progra~1/microc~1/xc8/v3.10/avr/bin/../lib/gcc/avr/5.4.0/../../../../avr/lib/avrxmega4\libm.a(addsf3x.o) (__fp_inf)
c:/progra~1/microc~1/xc8/v3.10/avr/bin/../lib/gcc/avr/5.4.0/../../../../avr/lib/avrxmega4\libm.a(fp_nan.o)
                              c:/progra~1/microc~1/xc8/v3.10/avr/bin/../lib/gcc/avr/5.4.0/../../../../avr/lib/avrxmega4\libm.a(addsf3x.o) (__fp_nan)
c:/progra~1/microc~1/xc8/v3.10/avr/bin/../lib/gcc/avr/5.4.0/../../../../avr/lib/avrxmega4\libm.a(fp_pscA.o)
                              c:/progra~1/microc~1/xc8/v3.10/avr/bin/../lib/gcc/avr/5.4.0/../../../../avr/lib/avrxmega4\libm.a(addsf3x.o) (__fp_pscA)
c:/progra~1/microc~1/xc8/v3.10/avr/bin/../lib/gcc/avr/5.4.0/../../../../avr/lib/avrxmega4\libm.a(fp_pscB.o)
                              c:/progra~1/microc~1/xc8/v3.10/avr/bin/../lib/gcc/avr/5.4.0/../../../../avr/lib/avrxmega4\libm.a(addsf3x.o) (__fp_pscB)
c:/progra~1/microc~1/xc8/v3.10/avr/bin/../lib/gcc/avr/5.4.0/../../../../avr/lib/avrxmega4\libm.a(fp_round.o)
                              c:/progra~1/microc~1/xc8/v3.10/avr/bin/../lib/gcc/avr/5.4.0/../../../../avr/lib/avrxmega4\libm.a(addsf3.o) (__fp_round)
c:/progra~1/microc~1/xc8/v3.10/avr/bin/../lib/gcc/avr/5.4.0/../../../../avr/lib/avrxmega4\libm.a(fp_split3.o)
                              c:/progra~1/microc~1/xc8/v3.10/avr/bin/../lib/gcc/avr/5.4.0/../../../../avr/lib/avrxmega4\libm.a(addsf3x.o) (__fp_split3)
c:/progra~1/microc~1/xc8/v3.10/avr/bin/../lib/gcc/avr/5.4.0/../../../../avr/lib/avrxmega4\libm.a(fp_zero.o)
                              c:/progra~1/microc~1/xc8/v3.10/avr/bin/../lib/gcc/avr/5.4.0/../../../../avr/lib/avrxmega4\libm.a(addsf3x.o) (__fp_zero)
c:/progra~1/microc~1/xc8/v3.10/avr/bin/../lib/gcc/avr/5.4.0/../../../../avr/lib/avrxmega4\libm.a(gesf2.o)
[...]
Memory Configuration

Name             Origin             Length             Attributes
text             0x0000000000000000 0x0000000000020000 xr
data             0x0000000000804000 0x0000000000004000 rw !x
eeprom           0x0000000000810000 0x0000000000000200 rw !x
fuse             0x0000000000820000 0x0000000000000010 rw !x
lock             0x0000000000830000 0x0000000000000400 rw !x
signature        0x0000000000840000 0x0000000000000400 rw !x
user_signatures  0x0000000000850000 0x0000000000000400 rw !x
bootrow          0x0000000000860000 0x0000000000000400 rw !x
*default*        0x0000000000000000 0xffffffffffffffff

Linker script and memory map

Address of section .data set to 0x804000
                0x0000000000008000                __RODATA_PM_OFFSET__ = 0x8000
LOAD C:/Users/Niels/.mchp_packs/Microchip/AVR-Dx_DFP/2.7.321/xc8/avr/lib/avrxmega4/crtavr128db32.o
                0x0000000000000001                __MPLAB_BUILD = 0x1
                0x0000000000000001                __MPLAB_DEBUG = 0x1
                0x0000000000000001                __DEBUG = 0x1
LOAD CMakeFiles\I2C_SLAVE_AVR28_V2_X_default_default_XC8_assemblePreprocess.dir\234880e3866bbcdd0bcd5253c76c3f99\mcc_generated_files\system\src\protected_io.S.o
LOAD CMakeFiles\I2C_SLAVE_AVR28_V2_X_default_default_XC8_compile.dir\C_\Git_repositories\PIB2025\AVR128DB32_I2C_Test.X\Libraries\src\I2C.c.o
LOAD CMakeFiles\I2C_SLAVE_AVR28_V2_X_default_default_XC8_compile.dir\C_\Git_repositories\PIB2025\AVR128DB32_I2C_Test.X\Libraries\src\Timed_Functions.c.o
LOAD CMakeFiles\I2C_SLAVE_AVR28_V2_X_default_default_XC8_compile.dir\C_\Git_repositories\PIB2025\AVR128DB32_I2C_Test.X\main.c.o
LOAD CMakeFiles\I2C_SLAVE_AVR28_V2_X_default_default_XC8_compile.dir\C_\Git_repositories\PIB2025\AVR128DB32_I2C_Test.X\mcc_generated_files\adc\src\adc0.c.o
LOAD CMakeFiles\I2C_SLAVE_AVR28_V2_X_default_default_XC8_compile.dir\C_\Git_repositories\PIB2025\AVR128DB32_I2C_Test.X\mcc_generated_files\evsys\src\evsys.c.o
LOAD CMakeFiles\I2C_SLAVE_AVR28_V2_X_default_default_XC8_compile.dir\C_\Git_repositories\PIB2025\AVR128DB32_I2C_Test.X\mcc_generated_files\i2c_client\src\twi0.c.o
LOAD CMakeFiles\I2C_SLAVE_AVR28_V2_X_default_default_XC8_compile.dir\C_\Git_repositories\PIB2025\AVR128DB32_I2C_Test.X\mcc_generated_files\i2c_host\src\twi1.c.o
LOAD CMakeFiles\I2C_SLAVE_AVR28_V2_X_default_default_XC8_compile.dir\C_\Git_repositories\PIB2025\AVR128DB32_I2C_Test.X\mcc_generated_files\nvm\src\nvm.c.o
LOAD CMakeFiles\I2C_SLAVE_AVR28_V2_X_default_default_XC8_compile.dir\C_\Git_repositories\PIB2025\AVR128DB32_I2C_Test.X\mcc_generated_files\power\src\power.c.o
LOAD CMakeFiles\I2C_SLAVE_AVR28_V2_X_default_default_XC8_compile.dir\C_\Git_repositories\PIB2025\AVR128DB32_I2C_Test.X\mcc_generated_files\reset\src\rstctrl.c.o
LOAD CMakeFiles\I2C_SLAVE_AVR28_V2_X_default_default_XC8_compile.dir\C_\Git_repositories\PIB2025\AVR128DB32_I2C_Test.X\mcc_generated_files\system\src\clock.c.o
LOAD CMakeFiles\I2C_SLAVE_AVR28_V2_X_default_default_XC8_compile.dir\C_\Git_repositories\PIB2025\AVR128DB32_I2C_Test.X\mcc_generated_files\system\src\config_bits.c.o
LOAD CMakeFiles\I2C_SLAVE_AVR28_V2_X_default_default_XC8_compile.dir\C_\Git_repositories\PIB2025\AVR128DB32_I2C_Test.X\mcc_generated_files\system\src\interrupt.c.o
LOAD CMakeFiles\I2C_SLAVE_AVR28_V2_X_default_default_XC8_compile.dir\C_\Git_repositories\PIB2025\AVR128DB32_I2C_Test.X\mcc_generated_files\system\src\pins.c.o
LOAD CMakeFiles\I2C_SLAVE_AVR28_V2_X_default_default_XC8_compile.dir\C_\Git_repositories\PIB2025\AVR128DB32_I2C_Test.X\mcc_generated_files\system\src\system.c.o
LOAD CMakeFiles\I2C_SLAVE_AVR28_V2_X_default_default_XC8_compile.dir\C_\Git_repositories\PIB2025\AVR128DB32_I2C_Test.X\mcc_generated_files\timer\src\delay.c.o
LOAD CMakeFiles\I2C_SLAVE_AVR28_V2_X_default_default_XC8_compile.dir\C_\Git_repositories\PIB2025\AVR128DB32_I2C_Test.X\mcc_generated_files\timer\src\rtc.c.o
LOAD CMakeFiles\I2C_SLAVE_AVR28_V2_X_default_default_XC8_compile.dir\C_\Git_repositories\PIB2025\AVR128DB32_I2C_Test.X\mcc_generated_files\timer\src\tca0.c.o
LOAD CMakeFiles\I2C_SLAVE_AVR28_V2_X_default_default_XC8_compile.dir\C_\Git_repositories\PIB2025\AVR128DB32_I2C_Test.X\mcc_generated_files\timer\src\tcb0.c.o
LOAD CMakeFiles\I2C_SLAVE_AVR28_V2_X_default_default_XC8_compile.dir\C_\Git_repositories\PIB2025\AVR128DB32_I2C_Test.X\mcc_generated_files\vref\src\vref.c.o
START GROUP
LOAD c:/progra~1/microc~1/xc8/v3.10/avr/bin/../lib/gcc/avr/5.4.0/avrxmega4\libgcc.a
LOAD c:/progra~1/microc~1/xc8/v3.10/avr/bin/../lib/gcc/avr/5.4.0/../../../../avr/lib/avrxmega4\libm.a
LOAD c:/progra~1/microc~1/xc8/v3.10/avr/bin/../lib/gcc/avr/5.4.0/../../../../avr/lib/avrxmega4\libc.a
LOAD C:/Users/Niels/.mchp_packs/Microchip/AVR-Dx_DFP/2.7.321/xc8/avr/lib/avrxmega4\libavr128db32.a
END GROUP
                [0x0000000000000000]                __TEXT_REGION_ORIGIN__ = DEFINED (__TEXT_REGION_ORIGIN__)?__TEXT_REGION_ORIGIN__:0x0
                [0x0000000000804000]                __DATA_REGION_ORIGIN__ = DEFINED (__DATA_REGION_ORIGIN__)?__DATA_REGION_ORIGIN__:0x802000
                [0x0000000000020000]                __TEXT_REGION_LENGTH__ = DEFINED (__TEXT_REGION_LENGTH__)?__TEXT_REGION_LENGTH__:0x100000
                [0x0000000000004000]                __DATA_REGION_LENGTH__ = DEFINED (__DATA_REGION_LENGTH__)?__DATA_REGION_LENGTH__:0xffa0
                [0x0000000000000200]                __EEPROM_REGION_LENGTH__ = DEFINED (__EEPROM_REGION_LENGTH__)?__EEPROM_REGION_LENGTH__:0x10000
                [0x0000000000000010]                __FUSE_REGION_LENGTH__ = DEFINED (__FUSE_REGION_LENGTH__)?__FUSE_REGION_LENGTH__:0x400
                0x0000000000000400                __LOCK_REGION_LENGTH__ = DEFINED (__LOCK_REGION_LENGTH__)?__LOCK_REGION_LENGTH__:0x400
                0x0000000000000400                __SIGNATURE_REGION_LENGTH__ = DEFINED (__SIGNATURE_REGION_LENGTH__)?__SIGNATURE_REGION_LENGTH__:0x400
                0x0000000000000400                __USER_SIGNATURE_REGION_LENGTH__ = DEFINED (__USER_SIGNATURE_REGION_LENGTH__)?__USER_SIGNATURE_REGION_LENGTH__:0x400
                0x0000000000000400                __BOOTROW_REGION_LENGTH__ = DEFINED (__BOOTROW_REGION_LENGTH__)?__BOOTROW_REGION_LENGTH__:0x400

.hash
 *(.hash)

.dynsym
 *(.dynsym)

.dynstr
 *(.dynstr)

.gnu.version
 *(.gnu.version)

.gnu.version_d
 *(.gnu.version_d)

.gnu.version_r
 *(.gnu.version_r)

.rel.init
 *(.rel.init)

.rela.init
 *(.rela.init)

.rel.text
 *(.rel.text)
 *(.rel.text.*)
 *(.rel.gnu.linkonce.t*)

.rela.text
 *(.rela.text)
 *(.rela.text.*)
 *(.rela.gnu.linkonce.t*)

.rel.fini
 *(.rel.fini)

.rela.fini
 *(.rela.fini)

.rel.rodata
 *(.rel.rodata)
 *(.rel.rodata.*)
 *(.rel.gnu.linkonce.r*)

.rela.rodata
 *(.rela.rodata)
 *(.rela.rodata.*)
 *(.rela.gnu.linkonce.r*)

.rel.data
 *(.rel.data)
 *(.rel.data.*)
 *(.rel.gnu.linkonce.d*)

.rela.data
 *(.rela.data)
 *(.rela.data.*)
 *(.rela.gnu.linkonce.d*)

.rel.ctors
 *(.rel.ctors)

.rela.ctors
 *(.rela.ctors)

.rel.dtors
 *(.rel.dtors)

.rela.dtors
 *(.rela.dtors)

.rel.got
 *(.rel.got)

.rela.got
 *(.rela.got)

.rel.bss
 *(.rel.bss)

.rela.bss
 *(.rela.bss)

.rel.plt
 *(.rel.plt)

.rela.plt
 *(.rela.plt)

.text           0x0000000000000000      0x1d8
 *(.vectors)
 .vectors       0x0000000000000000       0xb0 C:/Users/Niels/.mchp_packs/Microchip/AVR-Dx_DFP/2.7.321/xc8/avr/lib/avrxmega4/crtavr128db32.o
                0x0000000000000000                __vector_default
                0x0000000000000000                __vectors
 *(.vectors)
 *(.progmem.gcc*)
 .progmem.gcc_sw_table.Set_LTC2943_REG
                0x00000000000000b0       0x2e CMakeFiles\I2C_SLAVE_AVR28_V2_X_default_default_XC8_compile.dir\C_\Git_repositories\PIB2025\AVR128DB32_I2C_Test.X\Libraries\src\I2C.c.o
 .progmem.gcc_sw_table.Get_LTC2943_REG
                0x00000000000000de       0x30 CMakeFiles\I2C_SLAVE_AVR28_V2_X_default_default_XC8_compile.dir\C_\Git_repositories\PIB2025\AVR128DB32_I2C_Test.X\Libraries\src\I2C.c.o
 .progmem.gcc_sw_table.ADC0_Conversion_Done
                0x000000000000010e       0x12 CMakeFiles\I2C_SLAVE_AVR28_V2_X_default_default_XC8_compile.dir\C_\Git_repositories\PIB2025\AVR128DB32_I2C_Test.X\main.c.o
 .progmem.gcc_sw_table.ProblemEvents
                0x0000000000000120       0x18 CMakeFiles\I2C_SLAVE_AVR28_V2_X_default_default_XC8_compile.dir\C_\Git_repositories\PIB2025\AVR128DB32_I2C_Test.X\main.c.o
 *(.dinit)
 .dinit         0x0000000000000138       0x48 data_init
                0x0000000000000180                . = ALIGN (0x2)
 *fill*         0x0000000000000180        0x0 
                0x0000000000000180                __trampolines_start = .
 *(.trampolines)
 .trampolines   0x0000000000000180        0x0 linker stubs
 *(.trampolines*)
                0x0000000000000180                __trampolines_end = .
 *libprintf_flt.a:*(.progmem.data)
 *libc.a:*(.progmem.data)
                0x0000000000000180                . = ALIGN (0x2)
 *(.jumptables)
 *(.jumptables*)
 *(.lowtext)
 *(.lowtext*)
                0x0000000000000180                __ctors_start = .
 *(.ctors)
                0x0000000000000180                __ctors_end = .
                0x0000000000000180                __dtors_start = .
 *(.dtors)
                0x0000000000000180                __dtors_end = .
 SORT(*)(.ctors)
 SORT(*)(.dtors)
 *(.init0)
 .init0         0x0000000000000180        0x0 C:/Users/Niels/.mchp_packs/Microchip/AVR-Dx_DFP/2.7.321/xc8/avr/lib/avrxmega4/crtavr128db32.o
                0x0000000000000180                __init
 *(.init0)
 *(.init1)
 *(.init1)
 *(.init2)
 .init2         0x0000000000000180        0xc C:/Users/Niels/.mchp_packs/Microchip/AVR-Dx_DFP/2.7.321/xc8/avr/lib/avrxmega4/crtavr128db32.o
 *(.init2)
 *(.init3)
 *(.init3)
 *(.init4)
 .init4         0x000000000000018c       0x40 c:/progra~1/microc~1/xc8/v3.10/avr/bin/../lib/gcc/avr/5.4.0/avrxmega4\libgcc.a(_copy_data.o)
                0x000000000000018c                __do_copy_data
                0x00000000000001be                __do_clear_bss
 *(.init4)
 *(.init5)
 *(.init5)
 *(.init6)
 *(.init6)
 *(.init7)
 *(.init7)
 *(.init8)
 *(.init8)
 *(.init9)
 .init9         0x00000000000001cc        0x8 C:/Users/Niels/.mchp_packs/Microchip/AVR-Dx_DFP/2.7.321/xc8/avr/lib/avrxmega4/crtavr128db32.o
 *(.init9)
                0x00000000000001d4                . = ALIGN (0x2)
 *(.fini9)
 .fini9         0x00000000000001d4        0x0 c:/progra~1/microc~1/xc8/v3.10/avr/bin/../lib/gcc/avr/5.4.0/avrxmega4\libgcc.a(_exit.o)
                0x00000000000001d4                _exit
 *(.fini9)
 *(.fini8)
 *(.fini8)
 *(.fini7)
 *(.fini7)
 *(.fini6)
 *(.fini6)
 *(.fini5)
 *(.fini5)
 *(.fini4)
 *(.fini4)
 *(.fini3)
 *(.fini3)
 *(.fini2)
 *(.fini2)
 *(.fini1)
 *(.fini1)
 *(.fini0)
 .fini0         0x00000000000001d4        0x4 c:/progra~1/microc~1/xc8/v3.10/avr/bin/../lib/gcc/avr/5.4.0/avrxmega4\libgcc.a(_exit.o)
 *(.fini0)
                0x00000000000001d8                _etext = .

.data           0x0000000000804000        0x0 load address 0x00000000000001d8
                [!provide]                        PROVIDE (__data_start, .)
 *(.gnu.linkonce.d*)
 *(.gnu.linkonce.r*)
                0x0000000000804000                . = ALIGN (0x2)
                0x0000000000804000                _edata = .
                [!provide]                        PROVIDE (__data_end, .)

.bss            0x0000000000804000        0x0
                [!provide]                        PROVIDE (__bss_start, .)
 *(COMMON)
                [!provide]                        PROVIDE (__bss_end, .)
                0x00000000000001d8                __data_load_start = LOADADDR (.data)
                0x00000000000001d8                __data_load_end = (__data_load_start + SIZEOF (.data))

.noinit         0x0000000000804000        0x0
                [!provide]                        PROVIDE (__noinit_start, .)
 *(.noinit*)
                [!provide]                        PROVIDE (__noinit_end, .)
                0x0000000000804000                _end = .

.eeprom         0x0000000000810000        0x0
 *(.eeprom*)
                0x0000000000810000                __eeprom_end = .

.fuse           0x0000000000820000        0x9
 *(.fuse)
 .fuse          0x0000000000820000        0x9 CMakeFiles\I2C_SLAVE_AVR28_V2_X_default_default_XC8_compile.dir\C_\Git_repositories\PIB2025\AVR128DB32_I2C_Test.X\mcc_generated_files\system\src\config_bits.c.o
                0x0000000000820000                __fuse
 *(.lfuse)
 *(.hfuse)
 *(.efuse)

.lock
 *(.lock*)

.signature
 *(.signature*)

.user_signatures
 *(.user_signatures*)

.bootrow
 *(.bootrow*)

.stab
 *(.stab)

.stabstr
 *(.stabstr)

.stab.excl
 *(.stab.excl)

.stab.exclstr
 *(.stab.exclstr)

.stab.index
 *(.stab.index)

.stab.indexstr
 *(.stab.indexstr)

.comment        0x0000000000000000       0x5b
 *(.comment)
 .comment       0x0000000000000000       0x2f CMakeFiles\I2C_SLAVE_AVR28_V2_X_default_default_XC8_compile.dir\C_\Git_repositories\PIB2025\AVR128DB32_I2C_Test.X\Libraries\src\I2C.c.o
                                         0x30 (size before relaxing)
 .comment       0x000000000000002f       0x30 CMakeFiles\I2C_SLAVE_AVR28_V2_X_default_default_XC8_compile.dir\C_\Git_repositories\PIB2025\AVR128DB32_I2C_Test.X\Libraries\src\Timed_Functions.c.o
 .comment       0x000000000000002f       0x30 CMakeFiles\I2C_SLAVE_AVR28_V2_X_default_default_XC8_compile.dir\C_\Git_repositories\PIB2025\AVR128DB32_I2C_Test.X\main.c.o
 .comment       0x000000000000002f       0x30 CMakeFiles\I2C_SLAVE_AVR28_V2_X_default_default_XC8_compile.dir\C_\Git_repositories\PIB2025\AVR128DB32_I2C_Test.X\mcc_generated_files\adc\src\adc0.c.o
 .comment       0x000000000000002f       0x30 CMakeFiles\I2C_SLAVE_AVR28_V2_X_default_default_XC8_compile.dir\C_\Git_repositories\PIB2025\AVR128DB32_I2C_Test.X\mcc_generated_files\evsys\src\evsys.c.o
 .comment       0x000000000000002f       0x30 CMakeFiles\I2C_SLAVE_AVR28_V2_X_default_default_XC8_compile.dir\C_\Git_repositories\PIB2025\AVR128DB32_I2C_Test.X\mcc_generated_files\i2c_client\src\twi0.c.o
 .comment       0x000000000000002f       0x30 CMakeFiles\I2C_SLAVE_AVR28_V2_X_default_default_XC8_compile.dir\C_\Git_repositories\PIB2025\AVR128DB32_I2C_Test.X\mcc_generated_files\i2c_host\src\twi1.c.o
 .comment       0x000000000000002f       0x30 CMakeFiles\I2C_SLAVE_AVR28_V2_X_default_default_XC8_compile.dir\C_\Git_repositories\PIB2025\AVR128DB32_I2C_Test.X\mcc_generated_files\nvm\src\nvm.c.o
 .comment       0x000000000000002f       0x30 CMakeFiles\I2C_SLAVE_AVR28_V2_X_default_default_XC8_compile.dir\C_\Git_repositories\PIB2025\AVR128DB32_I2C_Test.X\mcc_generated_files\power\src\power.c.o
 .comment       0x000000000000002f       0x30 CMakeFiles\I2C_SLAVE_AVR28_V2_X_default_default_XC8_compile.dir\C_\Git_repositories\PIB2025\AVR128DB32_I2C_Test.X\mcc_generated_files\system\src\clock.c.o
 .comment       0x000000000000002f       0x30 CMakeFiles\I2C_SLAVE_AVR28_V2_X_default_default_XC8_compile.dir\C_\Git_repositories\PIB2025\AVR128DB32_I2C_Test.X\mcc_generated_files\system\src\config_bits.c.o
 .comment       0x000000000000002f       0x30 CMakeFiles\I2C_SLAVE_AVR28_V2_X_default_default_XC8_compile.dir\C_\Git_repositories\PIB2025\AVR128DB32_I2C_Test.X\mcc_generated_files\system\src\interrupt.c.o
 .comment       0x000000000000002f       0x30 CMakeFiles\I2C_SLAVE_AVR28_V2_X_default_default_XC8_compile.dir\C_\Git_repositories\PIB2025\AVR128DB32_I2C_Test.X\mcc_generated_files\system\src\pins.c.o
 .comment       0x000000000000002f       0x30 CMakeFiles\I2C_SLAVE_AVR28_V2_X_default_default_XC8_compile.dir\C_\Git_repositories\PIB2025\AVR128DB32_I2C_Test.X\mcc_generated_files\system\src\system.c.o
 .comment       0x000000000000002f       0x30 CMakeFiles\I2C_SLAVE_AVR28_V2_X_default_default_XC8_compile.dir\C_\Git_repositories\PIB2025\AVR128DB32_I2C_Test.X\mcc_generated_files\timer\src\rtc.c.o
 .comment       0x000000000000002f       0x30 CMakeFiles\I2C_SLAVE_AVR28_V2_X_default_default_XC8_compile.dir\C_\Git_repositories\PIB2025\AVR128DB32_I2C_Test.X\mcc_generated_files\timer\src\tca0.c.o
 .comment       0x000000000000002f       0x30 CMakeFiles\I2C_SLAVE_AVR28_V2_X_default_default_XC8_compile.dir\C_\Git_repositories\PIB2025\AVR128DB32_I2C_Test.X\mcc_generated_files\timer\src\tcb0.c.o
 .comment       0x000000000000002f       0x30 CMakeFiles\I2C_SLAVE_AVR28_V2_X_default_default_XC8_compile.dir\C_\Git_repositories\PIB2025\AVR128DB32_I2C_Test.X\mcc_generated_files\vref\src\vref.c.o
 .comment       0x000000000000002f       0x2c c:/progra~1/microc~1/xc8/v3.10/avr/bin/../lib/gcc/avr/5.4.0/../../../../avr/lib/avrxmega4\libc.a(exit.o)
                                         0x2d (size before relaxing)
 .comment       0x000000000000005b       0x2d c:/progra~1/microc~1/xc8/v3.10/avr/bin/../lib/gcc/avr/5.4.0/../../../../avr/lib/avrxmega4\libc.a(_Exit.o)

.stack.descriptors.hdr
                0x0000000000000000      0x150
 .stack.descriptors.hdr
                0x0000000000000000        0xe c:/progra~1/microc~1/xc8/v3.10/avr/bin/../lib/gcc/avr/5.4.0/avrxmega4\libgcc.a(_udivmodhi4.o)
 .stack.descriptors.hdr
                0x000000000000000e        0xe c:/progra~1/microc~1/xc8/v3.10/avr/bin/../lib/gcc/avr/5.4.0/avrxmega4\libgcc.a(_tablejump2.o)
 .stack.descriptors.hdr
                0x000000000000001c        0xe c:/progra~1/microc~1/xc8/v3.10/avr/bin/../lib/gcc/avr/5.4.0/avrxmega4\libgcc.a(_adddi3_s8.o)
 .stack.descriptors.hdr
                0x000000000000002a        0xe c:/progra~1/microc~1/xc8/v3.10/avr/bin/../lib/gcc/avr/5.4.0/avrxmega4\libgcc.a(_cmpdi2.o)
 .stack.descriptors.hdr
                0x0000000000000038        0xe c:/progra~1/microc~1/xc8/v3.10/avr/bin/../lib/gcc/avr/5.4.0/../../../../avr/lib/avrxmega4\libm.a(addsf3.o)
 .stack.descriptors.hdr
                0x0000000000000046        0xe c:/progra~1/microc~1/xc8/v3.10/avr/bin/../lib/gcc/avr/5.4.0/../../../../avr/lib/avrxmega4\libm.a(addsf3x.o)
 .stack.descriptors.hdr
                0x0000000000000054        0xe c:/progra~1/microc~1/xc8/v3.10/avr/bin/../lib/gcc/avr/5.4.0/../../../../avr/lib/avrxmega4\libm.a(divsf3.o)
 .stack.descriptors.hdr
                0x0000000000000062        0xe c:/progra~1/microc~1/xc8/v3.10/avr/bin/../lib/gcc/avr/5.4.0/../../../../avr/lib/avrxmega4\libm.a(divsf3x.o)
 .stack.descriptors.hdr
                0x0000000000000070        0xe c:/progra~1/microc~1/xc8/v3.10/avr/bin/../lib/gcc/avr/5.4.0/../../../../avr/lib/avrxmega4\libm.a(fixunssfsi.o)
 .stack.descriptors.hdr
                0x000000000000007e        0xe c:/progra~1/microc~1/xc8/v3.10/avr/bin/../lib/gcc/avr/5.4.0/../../../../avr/lib/avrxmega4\libm.a(floatsisf.o)
 .stack.descriptors.hdr
                0x000000000000008c        0xe c:/progra~1/microc~1/xc8/v3.10/avr/bin/../lib/gcc/avr/5.4.0/../../../../avr/lib/avrxmega4\libm.a(fp_inf.o)
 .stack.descriptors.hdr
                0x000000000000009a        0xe c:/progra~1/microc~1/xc8/v3.10/avr/bin/../lib/gcc/avr/5.4.0/../../../../avr/lib/avrxmega4\libm.a(fp_nan.o)
 .stack.descriptors.hdr
                0x00000000000000a8        0xe c:/progra~1/microc~1/xc8/v3.10/avr/bin/../lib/gcc/avr/5.4.0/../../../../avr/lib/avrxmega4\libm.a(fp_pscA.o)
 .stack.descriptors.hdr
                0x00000000000000b6        0xe c:/progra~1/microc~1/xc8/v3.10/avr/bin/../lib/gcc/avr/5.4.0/../../../../avr/lib/avrxmega4\libm.a(fp_pscB.o)
 .stack.descriptors.hdr
                0x00000000000000c4        0xe c:/progra~1/microc~1/xc8/v3.10/avr/bin/../lib/gcc/avr/5.4.0/../../../../avr/lib/avrxmega4\libm.a(fp_round.o)
 .stack.descriptors.hdr
                0x00000000000000d2        0xe c:/progra~1/microc~1/xc8/v3.10/avr/bin/../lib/gcc/avr/5.4.0/../../../../avr/lib/avrxmega4\libm.a(fp_split3.o)
 .stack.descriptors.hdr
                0x00000000000000e0        0xe c:/progra~1/microc~1/xc8/v3.10/avr/bin/../lib/gcc/avr/5.4.0/../../../../avr/lib/avrxmega4\libm.a(fp_zero.o)
 .stack.descriptors.hdr
                0x00000000000000ee        0xe c:/progra~1/microc~1/xc8/v3.10/avr/bin/../lib/gcc/avr/5.4.0/../../../../avr/lib/avrxmega4\libm.a(gesf2.o)
 .stack.descriptors.hdr
                0x00000000000000fc        0xe c:/progra~1/microc~1/xc8/v3.10/avr/bin/../lib/gcc/avr/5.4.0/../../../../avr/lib/avrxmega4\libm.a(mulsf3.o)
 .stack.descriptors.hdr
                0x000000000000010a        0xe c:/progra~1/microc~1/xc8/v3.10/avr/bin/../lib/gcc/avr/5.4.0/../../../../avr/lib/avrxmega4\libm.a(mulsf3x.o)
 .stack.descriptors.hdr
                0x0000000000000118        0xe c:/progra~1/microc~1/xc8/v3.10/avr/bin/../lib/gcc/avr/5.4.0/../../../../avr/lib/avrxmega4\libm.a(fp_cmp.o)
 .stack.descriptors.hdr
                0x0000000000000126        0xe c:/progra~1/microc~1/xc8/v3.10/avr/bin/../lib/gcc/avr/5.4.0/../../../../avr/lib/avrxmega4\libc.a(exit.o)
 .stack.descriptors.hdr
                0x0000000000000134        0xe c:/progra~1/microc~1/xc8/v3.10/avr/bin/../lib/gcc/avr/5.4.0/../../../../avr/lib/avrxmega4\libc.a(_Exit.o)
 .stack.descriptors.hdr
                0x0000000000000142        0xe c:/progra~1/microc~1/xc8/v3.10/avr/bin/../lib/gcc/avr/5.4.0/avrxmega4\libgcc.a(_exit.o)

.note.GNU-stack
                0x0000000000000000        0x0
 .note.GNU-stack
                0x0000000000000000        0x0 c:/progra~1/microc~1/xc8/v3.10/avr/bin/../lib/gcc/avr/5.4.0/../../../../avr/lib/avrxmega4\libm.a(addsf3.o)
 .note.GNU-stack
                0x0000000000000000        0x0 c:/progra~1/microc~1/xc8/v3.10/avr/bin/../lib/gcc/avr/5.4.0/../../../../avr/lib/avrxmega4\libm.a(addsf3x.o)
 .note.GNU-stack
                0x0000000000000000        0x0 c:/progra~1/microc~1/xc8/v3.10/avr/bin/../lib/gcc/avr/5.4.0/../../../../avr/lib/avrxmega4\libm.a(divsf3.o)
 .note.GNU-stack
                0x0000000000000000        0x0 c:/progra~1/microc~1/xc8/v3.10/avr/bin/../lib/gcc/avr/5.4.0/../../../../avr/lib/avrxmega4\libm.a(divsf3x.o)
 .note.GNU-stack
                0x0000000000000000        0x0 c:/progra~1/microc~1/xc8/v3.10/avr/bin/../lib/gcc/avr/5.4.0/../../../../avr/lib/avrxmega4\libm.a(fixunssfsi.o)
 .note.GNU-stack
                0x0000000000000000        0x0 c:/progra~1/microc~1/xc8/v3.10/avr/bin/../lib/gcc/avr/5.4.0/../../../../avr/lib/avrxmega4\libm.a(floatsisf.o)
 .note.GNU-stack
                0x0000000000000000        0x0 c:/progra~1/microc~1/xc8/v3.10/avr/bin/../lib/gcc/avr/5.4.0/../../../../avr/lib/avrxmega4\libm.a(fp_inf.o)
 .note.GNU-stack
                0x0000000000000000        0x0 c:/progra~1/microc~1/xc8/v3.10/avr/bin/../lib/gcc/avr/5.4.0/../../../../avr/lib/avrxmega4\libm.a(fp_nan.o)
 .note.GNU-stack
                0x0000000000000000        0x0 c:/progra~1/microc~1/xc8/v3.10/avr/bin/../lib/gcc/avr/5.4.0/../../../../avr/lib/avrxmega4\libm.a(fp_pscA.o)
 .note.GNU-stack
                0x0000000000000000        0x0 c:/progra~1/microc~1/xc8/v3.10/avr/bin/../lib/gcc/avr/5.4.0/../../../../avr/lib/avrxmega4\libm.a(fp_pscB.o)
 .note.GNU-stack
                0x0000000000000000        0x0 c:/progra~1/microc~1/xc8/v3.10/avr/bin/../lib/gcc/avr/5.4.0/../../../../avr/lib/avrxmega4\libm.a(fp_round.o)
 .note.GNU-stack
                0x0000000000000000        0x0 c:/progra~1/microc~1/xc8/v3.10/avr/bin/../lib/gcc/avr/5.4.0/../../../../avr/lib/avrxmega4\libm.a(fp_split3.o)
 .note.GNU-stack
                0x0000000000000000        0x0 c:/progra~1/microc~1/xc8/v3.10/avr/bin/../lib/gcc/avr/5.4.0/../../../../avr/lib/avrxmega4\libm.a(fp_zero.o)
 .note.GNU-stack
                0x0000000000000000        0x0 c:/progra~1/microc~1/xc8/v3.10/avr/bin/../lib/gcc/avr/5.4.0/../../../../avr/lib/avrxmega4\libm.a(gesf2.o)
 .note.GNU-stack
                0x0000000000000000        0x0 c:/progra~1/microc~1/xc8/v3.10/avr/bin/../lib/gcc/avr/5.4.0/../../../../avr/lib/avrxmega4\libm.a(mulsf3.o)
 .note.GNU-stack
                0x0000000000000000        0x0 c:/progra~1/microc~1/xc8/v3.10/avr/bin/../lib/gcc/avr/5.4.0/../../../../avr/lib/avrxmega4\libm.a(mulsf3x.o)
 .note.GNU-stack
                0x0000000000000000        0x0 c:/progra~1/microc~1/xc8/v3.10/avr/bin/../lib/gcc/avr/5.4.0/../../../../avr/lib/avrxmega4\libm.a(fp_cmp.o)
 .note.GNU-stack
                0x0000000000000000        0x0 c:/progra~1/microc~1/xc8/v3.10/avr/bin/../lib/gcc/avr/5.4.0/../../../../avr/lib/avrxmega4\libc.a(exit.o)
 .note.GNU-stack
                0x0000000000000000        0x0 c:/progra~1/microc~1/xc8/v3.10/avr/bin/../lib/gcc/avr/5.4.0/../../../../avr/lib/avrxmega4\libc.a(_Exit.o)

.note.gnu.build-id
 *(.note.gnu.build-id)

.debug
 *(.debug)

.line
 *(.line)

.debug_srcinfo
 *(.debug_srcinfo)

.debug_sfnames
 *(.debug_sfnames)

.debug_aranges  0x0000000000000000      0x9b8
 *(.debug_aranges)
 .debug_aranges
                0x0000000000000000       0x20 CMakeFiles\I2C_SLAVE_AVR28_V2_X_default_default_XC8_assemblePreprocess.dir\234880e3866bbcdd0bcd5253c76c3f99\mcc_generated_files\system\src\protected_io.S.o
 .debug_aranges
                0x0000000000000020       0x58 CMakeFiles\I2C_SLAVE_AVR28_V2_X_default_default_XC8_compile.dir\C_\Git_repositories\PIB2025\AVR128DB32_I2C_Test.X\Libraries\src\I2C.c.o
 .debug_aranges
                0x0000000000000078       0x48 CMakeFiles\I2C_SLAVE_AVR28_V2_X_default_default_XC8_compile.dir\C_\Git_repositories\PIB2025\AVR128DB32_I2C_Test.X\Libraries\src\Timed_Functions.c.o
 .debug_aranges
                0x00000000000000c0       0xf0 CMakeFiles\I2C_SLAVE_AVR28_V2_X_default_default_XC8_compile.dir\C_\Git_repositories\PIB2025\AVR128DB32_I2C_Test.X\main.c.o
 .debug_aranges
                0x00000000000001b0      0x120 CMakeFiles\I2C_SLAVE_AVR28_V2_X_default_default_XC8_compile.dir\C_\Git_repositories\PIB2025\AVR128DB32_I2C_Test.X\mcc_generated_files\adc\src\adc0.c.o
 .debug_aranges
                0x00000000000002d0       0x28 CMakeFiles\I2C_SLAVE_AVR28_V2_X_default_default_XC8_compile.dir\C_\Git_repositories\PIB2025\AVR128DB32_I2C_Test.X\mcc_generated_files\evsys\src\evsys.c.o
 .debug_aranges
                0x00000000000002f8       0x68 CMakeFiles\I2C_SLAVE_AVR28_V2_X_default_default_XC8_compile.dir\C_\Git_repositories\PIB2025\AVR128DB32_I2C_Test.X\mcc_generated_files\i2c_client\src\twi0.c.o
 .debug_aranges
                0x0000000000000360       0xa8 CMakeFiles\I2C_SLAVE_AVR28_V2_X_default_default_XC8_compile.dir\C_\Git_repositories\PIB2025\AVR128DB32_I2C_Test.X\mcc_generated_files\i2c_host\src\twi1.c.o
 .debug_aranges
                0x0000000000000408       0x88 CMakeFiles\I2C_SLAVE_AVR28_V2_X_default_default_XC8_compile.dir\C_\Git_repositories\PIB2025\AVR128DB32_I2C_Test.X\mcc_generated_files\nvm\src\nvm.c.o
 .debug_aranges
                0x0000000000000490       0x20 CMakeFiles\I2C_SLAVE_AVR28_V2_X_default_default_XC8_compile.dir\C_\Git_repositories\PIB2025\AVR128DB32_I2C_Test.X\mcc_generated_files\power\src\power.c.o
 .debug_aranges
                0x00000000000004b0       0x30 CMakeFiles\I2C_SLAVE_AVR28_V2_X_default_default_XC8_compile.dir\C_\Git_repositories\PIB2025\AVR128DB32_I2C_Test.X\mcc_generated_files\system\src\clock.c.o
 .debug_aranges
                0x00000000000004e0       0x18 CMakeFiles\I2C_SLAVE_AVR28_V2_X_default_default_XC8_compile.dir\C_\Git_repositories\PIB2025\AVR128DB32_I2C_Test.X\mcc_generated_files\system\src\config_bits.c.o
 .debug_aranges
                0x00000000000004f8       0x20 CMakeFiles\I2C_SLAVE_AVR28_V2_X_default_default_XC8_compile.dir\C_\Git_repositories\PIB2025\AVR128DB32_I2C_Test.X\mcc_generated_files\system\src\interrupt.c.o
 .debug_aranges
                0x0000000000000518      0x1d0 CMakeFiles\I2C_SLAVE_AVR28_V2_X_default_default_XC8_compile.dir\C_\Git_repositories\PIB2025\AVR128DB32_I2C_Test.X\mcc_generated_files\system\src\pins.c.o
 .debug_aranges
                0x00000000000006e8       0x28 CMakeFiles\I2C_SLAVE_AVR28_V2_X_default_default_XC8_compile.dir\C_\Git_repositories\PIB2025\AVR128DB32_I2C_Test.X\mcc_generated_files\system\src\system.c.o
 .debug_aranges
                0x0000000000000710       0xc8 CMakeFiles\I2C_SLAVE_AVR28_V2_X_default_default_XC8_compile.dir\C_\Git_repositories\PIB2025\AVR128DB32_I2C_Test.X\mcc_generated_files\timer\src\rtc.c.o
 .debug_aranges
                0x00000000000007d8      0x108 CMakeFiles\I2C_SLAVE_AVR28_V2_X_default_default_XC8_compile.dir\C_\Git_repositories\PIB2025\AVR128DB32_I2C_Test.X\mcc_generated_files\timer\src\tca0.c.o
 .debug_aranges
                0x00000000000008e0       0xb8 CMakeFiles\I2C_SLAVE_AVR28_V2_X_default_default_XC8_compile.dir\C_\Git_repositories\PIB2025\AVR128DB32_I2C_Test.X\mcc_generated_files\timer\src\tcb0.c.o
 .debug_aranges
                0x0000000000000998       0x20 CMakeFiles\I2C_SLAVE_AVR28_V2_X_default_default_XC8_compile.dir\C_\Git_repositories\PIB2025\AVR128DB32_I2C_Test.X\mcc_generated_files\vref\src\vref.c.o

.debug_pubnames
 *(.debug_pubnames)

.debug_info     0x0000000000000000    0x10054
 *(.debug_info .gnu.linkonce.wi.*)
 .debug_info    0x0000000000000000     0x2848 C:/Users/Niels/.mchp_packs/Microchip/AVR-Dx_DFP/2.7.321/xc8/avr/lib/avrxmega4/crtavr128db32.o
 .debug_info    0x0000000000002848       0xdc CMakeFiles\I2C_SLAVE_AVR28_V2_X_default_default_XC8_assemblePreprocess.dir\234880e3866bbcdd0bcd5253c76c3f99\mcc_generated_files\system\src\protected_io.S.o
 .debug_info    0x0000000000002924      0x81c CMakeFiles\I2C_SLAVE_AVR28_V2_X_default_default_XC8_compile.dir\C_\Git_repositories\PIB2025\AVR128DB32_I2C_Test.X\Libraries\src\I2C.c.o
 .debug_info    0x0000000000003140      0x647 CMakeFiles\I2C_SLAVE_AVR28_V2_X_default_default_XC8_compile.dir\C_\Git_repositories\PIB2025\AVR128DB32_I2C_Test.X\Libraries\src\Timed_Functions.c.o
 .debug_info    0x0000000000003787     0x189d CMakeFiles\I2C_SLAVE_AVR28_V2_X_default_default_XC8_compile.dir\C_\Git_repositories\PIB2025\AVR128DB32_I2C_Test.X\main.c.o
 .debug_info    0x0000000000005024     0x197d CMakeFiles\I2C_SLAVE_AVR28_V2_X_default_default_XC8_compile.dir\C_\Git_repositories\PIB2025\AVR128DB32_I2C_Test.X\mcc_generated_files\adc\src\adc0.c.o
 .debug_info    0x00000000000069a1      0x805 CMakeFiles\I2C_SLAVE_AVR28_V2_X_default_default_XC8_compile.dir\C_\Git_repositories\PIB2025\AVR128DB32_I2C_Test.X\mcc_generated_files\evsys\src\evsys.c.o
 .debug_info    0x00000000000071a6      0xb36 CMakeFiles\I2C_SLAVE_AVR28_V2_X_default_default_XC8_compile.dir\C_\Git_repositories\PIB2025\AVR128DB32_I2C_Test.X\mcc_generated_files\i2c_client\src\twi0.c.o
 .debug_info    0x0000000000007cdc      0xecd CMakeFiles\I2C_SLAVE_AVR28_V2_X_default_default_XC8_compile.dir\C_\Git_repositories\PIB2025\AVR128DB32_I2C_Test.X\mcc_generated_files\i2c_host\src\twi1.c.o
 .debug_info    0x0000000000008ba9      0xda9 CMakeFiles\I2C_SLAVE_AVR28_V2_X_default_default_XC8_compile.dir\C_\Git_repositories\PIB2025\AVR128DB32_I2C_Test.X\mcc_generated_files\nvm\src\nvm.c.o
 .debug_info    0x0000000000009952      0x371 CMakeFiles\I2C_SLAVE_AVR28_V2_X_default_default_XC8_compile.dir\C_\Git_repositories\PIB2025\AVR128DB32_I2C_Test.X\mcc_generated_files\power\src\power.c.o
 .debug_info    0x0000000000009cc3      0xed0 CMakeFiles\I2C_SLAVE_AVR28_V2_X_default_default_XC8_compile.dir\C_\Git_repositories\PIB2025\AVR128DB32_I2C_Test.X\mcc_generated_files\system\src\clock.c.o
 .debug_info    0x000000000000ab93      0x874 CMakeFiles\I2C_SLAVE_AVR28_V2_X_default_default_XC8_compile.dir\C_\Git_repositories\PIB2025\AVR128DB32_I2C_Test.X\mcc_generated_files\system\src\config_bits.c.o
 .debug_info    0x000000000000b407      0x3c8 CMakeFiles\I2C_SLAVE_AVR28_V2_X_default_default_XC8_compile.dir\C_\Git_repositories\PIB2025\AVR128DB32_I2C_Test.X\mcc_generated_files\system\src\interrupt.c.o
 .debug_info    0x000000000000b7cf     0x19e5 CMakeFiles\I2C_SLAVE_AVR28_V2_X_default_default_XC8_compile.dir\C_\Git_repositories\PIB2025\AVR128DB32_I2C_Test.X\mcc_generated_files\system\src\pins.c.o
 .debug_info    0x000000000000d1b4      0x52f CMakeFiles\I2C_SLAVE_AVR28_V2_X_default_default_XC8_compile.dir\C_\Git_repositories\PIB2025\AVR128DB32_I2C_Test.X\mcc_generated_files\system\src\system.c.o
 .debug_info    0x000000000000d6e3      0x90f CMakeFiles\I2C_SLAVE_AVR28_V2_X_default_default_XC8_compile.dir\C_\Git_repositories\PIB2025\AVR128DB32_I2C_Test.X\mcc_generated_files\timer\src\rtc.c.o
 .debug_info    0x000000000000dff2     0x13cc CMakeFiles\I2C_SLAVE_AVR28_V2_X_default_default_XC8_compile.dir\C_\Git_repositories\PIB2025\AVR128DB32_I2C_Test.X\mcc_generated_files\timer\src\tca0.c.o
 .debug_info    0x000000000000f3be      0x962 CMakeFiles\I2C_SLAVE_AVR28_V2_X_default_default_XC8_compile.dir\C_\Git_repositories\PIB2025\AVR128DB32_I2C_Test.X\mcc_generated_files\timer\src\tcb0.c.o
 .debug_info    0x000000000000fd20      0x334 CMakeFiles\I2C_SLAVE_AVR28_V2_X_default_default_XC8_compile.dir\C_\Git_repositories\PIB2025\AVR128DB32_I2C_Test.X\mcc_generated_files\vref\src\vref.c.o

.debug_abbrev   0x0000000000000000     0x41b0
 *(.debug_abbrev)
 .debug_abbrev  0x0000000000000000     0x2626 C:/Users/Niels/.mchp_packs/Microchip/AVR-Dx_DFP/2.7.321/xc8/avr/lib/avrxmega4/crtavr128db32.o
 .debug_abbrev  0x0000000000002626       0x14 CMakeFiles\I2C_SLAVE_AVR28_V2_X_default_default_XC8_assemblePreprocess.dir\234880e3866bbcdd0bcd5253c76c3f99\mcc_generated_files\system\src\protected_io.S.o
 .debug_abbrev  0x000000000000263a      0x14a CMakeFiles\I2C_SLAVE_AVR28_V2_X_default_default_XC8_compile.dir\C_\Git_repositories\PIB2025\AVR128DB32_I2C_Test.X\Libraries\src\I2C.c.o
 .debug_abbrev  0x0000000000002784      0x154 CMakeFiles\I2C_SLAVE_AVR28_V2_X_default_default_XC8_compile.dir\C_\Git_repositories\PIB2025\AVR128DB32_I2C_Test.X\Libraries\src\Timed_Functions.c.o
 .debug_abbrev  0x00000000000028d8      0x39d CMakeFiles\I2C_SLAVE_AVR28_V2_X_default_default_XC8_compile.dir\C_\Git_repositories\PIB2025\AVR128DB32_I2C_Test.X\main.c.o
 .debug_abbrev  0x0000000000002c75      0x1b8 CMakeFiles\I2C_SLAVE_AVR28_V2_X_default_default_XC8_compile.dir\C_\Git_repositories\PIB2025\AVR128DB32_I2C_Test.X\mcc_generated_files\adc\src\adc0.c.o
 .debug_abbrev  0x0000000000002e2d       0xb1 CMakeFiles\I2C_SLAVE_AVR28_V2_X_default_default_XC8_compile.dir\C_\Git_repositories\PIB2025\AVR128DB32_I2C_Test.X\mcc_generated_files\evsys\src\evsys.c.o
 .debug_abbrev  0x0000000000002ede      0x220 CMakeFiles\I2C_SLAVE_AVR28_V2_X_default_default_XC8_compile.dir\C_\Git_repositories\PIB2025\AVR128DB32_I2C_Test.X\mcc_generated_files\i2c_client\src\twi0.c.o
 .debug_abbrev  0x00000000000030fe      0x2ae CMakeFiles\I2C_SLAVE_AVR28_V2_X_default_default_XC8_compile.dir\C_\Git_repositories\PIB2025\AVR128DB32_I2C_Test.X\mcc_generated_files\i2c_host\src\twi1.c.o
 .debug_abbrev  0x00000000000033ac      0x249 CMakeFiles\I2C_SLAVE_AVR28_V2_X_default_default_XC8_compile.dir\C_\Git_repositories\PIB2025\AVR128DB32_I2C_Test.X\mcc_generated_files\nvm\src\nvm.c.o
 .debug_abbrev  0x00000000000035f5       0xb0 CMakeFiles\I2C_SLAVE_AVR28_V2_X_default_default_XC8_compile.dir\C_\Git_repositories\PIB2025\AVR128DB32_I2C_Test.X\mcc_generated_files\power\src\power.c.o
 .debug_abbrev  0x00000000000036a5      0x133 CMakeFiles\I2C_SLAVE_AVR28_V2_X_default_default_XC8_compile.dir\C_\Git_repositories\PIB2025\AVR128DB32_I2C_Test.X\mcc_generated_files\system\src\clock.c.o
 .debug_abbrev  0x00000000000037d8       0x95 CMakeFiles\I2C_SLAVE_AVR28_V2_X_default_default_XC8_compile.dir\C_\Git_repositories\PIB2025\AVR128DB32_I2C_Test.X\mcc_generated_files\system\src\config_bits.c.o
 .debug_abbrev  0x000000000000386d       0xf8 CMakeFiles\I2C_SLAVE_AVR28_V2_X_default_default_XC8_compile.dir\C_\Git_repositories\PIB2025\AVR128DB32_I2C_Test.X\mcc_generated_files\system\src\interrupt.c.o
 .debug_abbrev  0x0000000000003965      0x180 CMakeFiles\I2C_SLAVE_AVR28_V2_X_default_default_XC8_compile.dir\C_\Git_repositories\PIB2025\AVR128DB32_I2C_Test.X\mcc_generated_files\system\src\pins.c.o
 .debug_abbrev  0x0000000000003ae5      0x140 CMakeFiles\I2C_SLAVE_AVR28_V2_X_default_default_XC8_compile.dir\C_\Git_repositories\PIB2025\AVR128DB32_I2C_Test.X\mcc_generated_files\system\src\system.c.o
 .debug_abbrev  0x0000000000003c25      0x14a CMakeFiles\I2C_SLAVE_AVR28_V2_X_default_default_XC8_compile.dir\C_\Git_repositories\PIB2025\AVR128DB32_I2C_Test.X\mcc_generated_files\timer\src\rtc.c.o
 .debug_abbrev  0x0000000000003d6f      0x1d0 CMakeFiles\I2C_SLAVE_AVR28_V2_X_default_default_XC8_compile.dir\C_\Git_repositories\PIB2025\AVR128DB32_I2C_Test.X\mcc_generated_files\timer\src\tca0.c.o
 .debug_abbrev  0x0000000000003f3f      0x1e7 CMakeFiles\I2C_SLAVE_AVR28_V2_X_default_default_XC8_compile.dir\C_\Git_repositories\PIB2025\AVR128DB32_I2C_Test.X\mcc_generated_files\timer\src\tcb0.c.o
 .debug_abbrev  0x0000000000004126       0x8a CMakeFiles\I2C_SLAVE_AVR28_V2_X_default_default_XC8_compile.dir\C_\Git_repositories\PIB2025\AVR128DB32_I2C_Test.X\mcc_generated_files\vref\src\vref.c.o

.debug_line     0x0000000000000000     0x4b8f
 *(.debug_line .debug_line.* .debug_line_end)
 .debug_line    0x0000000000000000      0x19f C:/Users/Niels/.mchp_packs/Microchip/AVR-Dx_DFP/2.7.321/xc8/avr/lib/avrxmega4/crtavr128db32.o
 .debug_line    0x000000000000019f       0xa5 CMakeFiles\I2C_SLAVE_AVR28_V2_X_default_default_XC8_assemblePreprocess.dir\234880e3866bbcdd0bcd5253c76c3f99\mcc_generated_files\system\src\protected_io.S.o
 .debug_line    0x0000000000000244      0x348 CMakeFiles\I2C_SLAVE_AVR28_V2_X_default_default_XC8_compile.dir\C_\Git_repositories\PIB2025\AVR128DB32_I2C_Test.X\Libraries\src\I2C.c.o
 .debug_line    0x000000000000058c      0x2db CMakeFiles\I2C_SLAVE_AVR28_V2_X_default_default_XC8_compile.dir\C_\Git_repositories\PIB2025\AVR128DB32_I2C_Test.X\Libraries\src\Timed_Functions.c.o
 .debug_line    0x0000000000000867      0xb69 CMakeFiles\I2C_SLAVE_AVR28_V2_X_default_default_XC8_compile.dir\C_\Git_repositories\PIB2025\AVR128DB32_I2C_Test.X\main.c.o
 .debug_line    0x00000000000013d0      0x597 CMakeFiles\I2C_SLAVE_AVR28_V2_X_default_default_XC8_compile.dir\C_\Git_repositories\PIB2025\AVR128DB32_I2C_Test.X\mcc_generated_files\adc\src\adc0.c.o
 .debug_line    0x0000000000001967      0x23e CMakeFiles\I2C_SLAVE_AVR28_V2_X_default_default_XC8_compile.dir\C_\Git_repositories\PIB2025\AVR128DB32_I2C_Test.X\mcc_generated_files\evsys\src\evsys.c.o
 .debug_line    0x0000000000001ba5      0x3d9 CMakeFiles\I2C_SLAVE_AVR28_V2_X_default_default_XC8_compile.dir\C_\Git_repositories\PIB2025\AVR128DB32_I2C_Test.X\mcc_generated_files\i2c_client\src\twi0.c.o
 .debug_line    0x0000000000001f7e      0x61b CMakeFiles\I2C_SLAVE_AVR28_V2_X_default_default_XC8_compile.dir\C_\Git_repositories\PIB2025\AVR128DB32_I2C_Test.X\mcc_generated_files\i2c_host\src\twi1.c.o
 .debug_line    0x0000000000002599      0x3c5 CMakeFiles\I2C_SLAVE_AVR28_V2_X_default_default_XC8_compile.dir\C_\Git_repositories\PIB2025\AVR128DB32_I2C_Test.X\mcc_generated_files\nvm\src\nvm.c.o
 .debug_line    0x000000000000295e      0x1e8 CMakeFiles\I2C_SLAVE_AVR28_V2_X_default_default_XC8_compile.dir\C_\Git_repositories\PIB2025\AVR128DB32_I2C_Test.X\mcc_generated_files\power\src\power.c.o
 .debug_line    0x0000000000002b46      0x1e8 CMakeFiles\I2C_SLAVE_AVR28_V2_X_default_default_XC8_compile.dir\C_\Git_repositories\PIB2025\AVR128DB32_I2C_Test.X\mcc_generated_files\system\src\clock.c.o
 .debug_line    0x0000000000002d2e      0x11c CMakeFiles\I2C_SLAVE_AVR28_V2_X_default_default_XC8_compile.dir\C_\Git_repositories\PIB2025\AVR128DB32_I2C_Test.X\mcc_generated_files\system\src\config_bits.c.o
 .debug_line    0x0000000000002e4a      0x1b4 CMakeFiles\I2C_SLAVE_AVR28_V2_X_default_default_XC8_compile.dir\C_\Git_repositories\PIB2025\AVR128DB32_I2C_Test.X\mcc_generated_files\system\src\interrupt.c.o
 .debug_line    0x0000000000002ffe      0x87c CMakeFiles\I2C_SLAVE_AVR28_V2_X_default_default_XC8_compile.dir\C_\Git_repositories\PIB2025\AVR128DB32_I2C_Test.X\mcc_generated_files\system\src\pins.c.o
 .debug_line    0x000000000000387a      0x491 CMakeFiles\I2C_SLAVE_AVR28_V2_X_default_default_XC8_compile.dir\C_\Git_repositories\PIB2025\AVR128DB32_I2C_Test.X\mcc_generated_files\system\src\system.c.o
 .debug_line    0x0000000000003d0b      0x443 CMakeFiles\I2C_SLAVE_AVR28_V2_X_default_default_XC8_compile.dir\C_\Git_repositories\PIB2025\AVR128DB32_I2C_Test.X\mcc_generated_files\timer\src\rtc.c.o
 .debug_line    0x000000000000414e      0x577 CMakeFiles\I2C_SLAVE_AVR28_V2_X_default_default_XC8_compile.dir\C_\Git_repositories\PIB2025\AVR128DB32_I2C_Test.X\mcc_generated_files\timer\src\tca0.c.o
 .debug_line    0x00000000000046c5      0x38f CMakeFiles\I2C_SLAVE_AVR28_V2_X_default_default_XC8_compile.dir\C_\Git_repositories\PIB2025\AVR128DB32_I2C_Test.X\mcc_generated_files\timer\src\tcb0.c.o
 .debug_line    0x0000000000004a54      0x13b CMakeFiles\I2C_SLAVE_AVR28_V2_X_default_default_XC8_compile.dir\C_\Git_repositories\PIB2025\AVR128DB32_I2C_Test.X\mcc_generated_files\vref\src\vref.c.o

.debug_frame    0x0000000000000000     0x15fc
 *(.debug_frame)
 .debug_frame   0x0000000000000000       0xec CMakeFiles\I2C_SLAVE_AVR28_V2_X_default_default_XC8_compile.dir\C_\Git_repositories\PIB2025\AVR128DB32_I2C_Test.X\Libraries\src\I2C.c.o
 .debug_frame   0x00000000000000ec       0xa8 CMakeFiles\I2C_SLAVE_AVR28_V2_X_default_default_XC8_compile.dir\C_\Git_repositories\PIB2025\AVR128DB32_I2C_Test.X\Libraries\src\Timed_Functions.c.o
 .debug_frame   0x0000000000000194      0x1cc CMakeFiles\I2C_SLAVE_AVR28_V2_X_default_default_XC8_compile.dir\C_\Git_repositories\PIB2025\AVR128DB32_I2C_Test.X\main.c.o
 .debug_frame   0x0000000000000360      0x2b4 CMakeFiles\I2C_SLAVE_AVR28_V2_X_default_default_XC8_compile.dir\C_\Git_repositories\PIB2025\AVR128DB32_I2C_Test.X\mcc_generated_files\adc\src\adc0.c.o
 .debug_frame   0x0000000000000614       0x34 CMakeFiles\I2C_SLAVE_AVR28_V2_X_default_default_XC8_compile.dir\C_\Git_repositories\PIB2025\AVR128DB32_I2C_Test.X\mcc_generated_files\evsys\src\evsys.c.o
 .debug_frame   0x0000000000000648       0xfc CMakeFiles\I2C_SLAVE_AVR28_V2_X_default_default_XC8_compile.dir\C_\Git_repositories\PIB2025\AVR128DB32_I2C_Test.X\mcc_generated_files\i2c_client\src\twi0.c.o
 .debug_frame   0x0000000000000744      0x21c CMakeFiles\I2C_SLAVE_AVR28_V2_X_default_default_XC8_compile.dir\C_\Git_repositories\PIB2025\AVR128DB32_I2C_Test.X\mcc_generated_files\i2c_host\src\twi1.c.o
 .debug_frame   0x0000000000000960      0x174 CMakeFiles\I2C_SLAVE_AVR28_V2_X_default_default_XC8_compile.dir\C_\Git_repositories\PIB2025\AVR128DB32_I2C_Test.X\mcc_generated_files\nvm\src\nvm.c.o
 .debug_frame   0x0000000000000ad4       0x24 CMakeFiles\I2C_SLAVE_AVR28_V2_X_default_default_XC8_compile.dir\C_\Git_repositories\PIB2025\AVR128DB32_I2C_Test.X\mcc_generated_files\power\src\power.c.o
 .debug_frame   0x0000000000000af8       0x44 CMakeFiles\I2C_SLAVE_AVR28_V2_X_default_default_XC8_compile.dir\C_\Git_repositories\PIB2025\AVR128DB32_I2C_Test.X\mcc_generated_files\system\src\clock.c.o
 .debug_frame   0x0000000000000b3c       0x24 CMakeFiles\I2C_SLAVE_AVR28_V2_X_default_default_XC8_compile.dir\C_\Git_repositories\PIB2025\AVR128DB32_I2C_Test.X\mcc_generated_files\system\src\interrupt.c.o
 .debug_frame   0x0000000000000b60      0x4b0 CMakeFiles\I2C_SLAVE_AVR28_V2_X_default_default_XC8_compile.dir\C_\Git_repositories\PIB2025\AVR128DB32_I2C_Test.X\mcc_generated_files\system\src\pins.c.o
 .debug_frame   0x0000000000001010       0x34 CMakeFiles\I2C_SLAVE_AVR28_V2_X_default_default_XC8_compile.dir\C_\Git_repositories\PIB2025\AVR128DB32_I2C_Test.X\mcc_generated_files\system\src\system.c.o
 .debug_frame   0x0000000000001044      0x204 CMakeFiles\I2C_SLAVE_AVR28_V2_X_default_default_XC8_compile.dir\C_\Git_repositories\PIB2025\AVR128DB32_I2C_Test.X\mcc_generated_files\timer\src\rtc.c.o
 .debug_frame   0x0000000000001248      0x1f4 CMakeFiles\I2C_SLAVE_AVR28_V2_X_default_default_XC8_compile.dir\C_\Git_repositories\PIB2025\AVR128DB32_I2C_Test.X\mcc_generated_files\timer\src\tca0.c.o
 .debug_frame   0x000000000000143c      0x19c CMakeFiles\I2C_SLAVE_AVR28_V2_X_default_default_XC8_compile.dir\C_\Git_repositories\PIB2025\AVR128DB32_I2C_Test.X\mcc_generated_files\timer\src\tcb0.c.o
 .debug_frame   0x00000000000015d8       0x24 CMakeFiles\I2C_SLAVE_AVR28_V2_X_default_default_XC8_compile.dir\C_\Git_repositories\PIB2025\AVR128DB32_I2C_Test.X\mcc_generated_files\vref\src\vref.c.o

.debug_str      0x0000000000000000     0x152a
 *(.debug_str)
 .debug_str     0x0000000000000000     0x1189 C:/Users/Niels/.mchp_packs/Microchip/AVR-Dx_DFP/2.7.321/xc8/avr/lib/avrxmega4/crtavr128db32.o
 .debug_str     0x0000000000001189       0x2e CMakeFiles\I2C_SLAVE_AVR28_V2_X_default_default_XC8_compile.dir\C_\Git_repositories\PIB2025\AVR128DB32_I2C_Test.X\Libraries\src\I2C.c.o
 .debug_str     0x00000000000011b7       0x1d CMakeFiles\I2C_SLAVE_AVR28_V2_X_default_default_XC8_compile.dir\C_\Git_repositories\PIB2025\AVR128DB32_I2C_Test.X\Libraries\src\Timed_Functions.c.o
 .debug_str     0x00000000000011d4      0x133 CMakeFiles\I2C_SLAVE_AVR28_V2_X_default_default_XC8_compile.dir\C_\Git_repositories\PIB2025\AVR128DB32_I2C_Test.X\main.c.o
 .debug_str     0x0000000000001307        0x9 CMakeFiles\I2C_SLAVE_AVR28_V2_X_default_default_XC8_compile.dir\C_\Git_repositories\PIB2025\AVR128DB32_I2C_Test.X\mcc_generated_files\adc\src\adc0.c.o
 .debug_str     0x0000000000001310        0x0 CMakeFiles\I2C_SLAVE_AVR28_V2_X_default_default_XC8_compile.dir\C_\Git_repositories\PIB2025\AVR128DB32_I2C_Test.X\mcc_generated_files\evsys\src\evsys.c.o
 .debug_str     0x0000000000001310        0x0 CMakeFiles\I2C_SLAVE_AVR28_V2_X_default_default_XC8_compile.dir\C_\Git_repositories\PIB2025\AVR128DB32_I2C_Test.X\mcc_generated_files\i2c_client\src\twi0.c.o
 .debug_str     0x0000000000001310       0x42 CMakeFiles\I2C_SLAVE_AVR28_V2_X_default_default_XC8_compile.dir\C_\Git_repositories\PIB2025\AVR128DB32_I2C_Test.X\mcc_generated_files\i2c_host\src\twi1.c.o
 .debug_str     0x0000000000001352       0x1b CMakeFiles\I2C_SLAVE_AVR28_V2_X_default_default_XC8_compile.dir\C_\Git_repositories\PIB2025\AVR128DB32_I2C_Test.X\mcc_generated_files\nvm\src\nvm.c.o
 .debug_str     0x000000000000136d        0x0 CMakeFiles\I2C_SLAVE_AVR28_V2_X_default_default_XC8_compile.dir\C_\Git_repositories\PIB2025\AVR128DB32_I2C_Test.X\mcc_generated_files\power\src\power.c.o
 .debug_str     0x000000000000136d       0x13 CMakeFiles\I2C_SLAVE_AVR28_V2_X_default_default_XC8_compile.dir\C_\Git_repositories\PIB2025\AVR128DB32_I2C_Test.X\mcc_generated_files\system\src\clock.c.o
 .debug_str     0x0000000000001380        0x0 CMakeFiles\I2C_SLAVE_AVR28_V2_X_default_default_XC8_compile.dir\C_\Git_repositories\PIB2025\AVR128DB32_I2C_Test.X\mcc_generated_files\system\src\config_bits.c.o
 .debug_str     0x0000000000001380       0x13 CMakeFiles\I2C_SLAVE_AVR28_V2_X_default_default_XC8_compile.dir\C_\Git_repositories\PIB2025\AVR128DB32_I2C_Test.X\mcc_generated_files\system\src\interrupt.c.o
 .debug_str     0x0000000000001393       0x30 CMakeFiles\I2C_SLAVE_AVR28_V2_X_default_default_XC8_compile.dir\C_\Git_repositories\PIB2025\AVR128DB32_I2C_Test.X\mcc_generated_files\system\src\pins.c.o
 .debug_str     0x00000000000013c3       0xdc CMakeFiles\I2C_SLAVE_AVR28_V2_X_default_default_XC8_compile.dir\C_\Git_repositories\PIB2025\AVR128DB32_I2C_Test.X\mcc_generated_files\system\src\system.c.o
 .debug_str     0x000000000000149f        0x9 CMakeFiles\I2C_SLAVE_AVR28_V2_X_default_default_XC8_compile.dir\C_\Git_repositories\PIB2025\AVR128DB32_I2C_Test.X\mcc_generated_files\timer\src\rtc.c.o
 .debug_str     0x00000000000014a8       0x72 CMakeFiles\I2C_SLAVE_AVR28_V2_X_default_default_XC8_compile.dir\C_\Git_repositories\PIB2025\AVR128DB32_I2C_Test.X\mcc_generated_files\timer\src\tca0.c.o
 .debug_str     0x000000000000151a       0x10 CMakeFiles\I2C_SLAVE_AVR28_V2_X_default_default_XC8_compile.dir\C_\Git_repositories\PIB2025\AVR128DB32_I2C_Test.X\mcc_generated_files\timer\src\tcb0.c.o
 .debug_str     0x000000000000152a        0x0 CMakeFiles\I2C_SLAVE_AVR28_V2_X_default_default_XC8_compile.dir\C_\Git_repositories\PIB2025\AVR128DB32_I2C_Test.X\mcc_generated_files\vref\src\vref.c.o

.debug_loc      0x0000000000000000     0x11dc
 *(.debug_loc)
 .debug_loc     0x0000000000000000      0x1cc CMakeFiles\I2C_SLAVE_AVR28_V2_X_default_default_XC8_compile.dir\C_\Git_repositories\PIB2025\AVR128DB32_I2C_Test.X\Libraries\src\I2C.c.o
 .debug_loc     0x00000000000001cc       0x53 CMakeFiles\I2C_SLAVE_AVR28_V2_X_default_default_XC8_compile.dir\C_\Git_repositories\PIB2025\AVR128DB32_I2C_Test.X\Libraries\src\Timed_Functions.c.o
 .debug_loc     0x000000000000021f      0x45a CMakeFiles\I2C_SLAVE_AVR28_V2_X_default_default_XC8_compile.dir\C_\Git_repositories\PIB2025\AVR128DB32_I2C_Test.X\main.c.o
 .debug_loc     0x0000000000000679       0x6f CMakeFiles\I2C_SLAVE_AVR28_V2_X_default_default_XC8_compile.dir\C_\Git_repositories\PIB2025\AVR128DB32_I2C_Test.X\mcc_generated_files\adc\src\adc0.c.o
 .debug_loc     0x00000000000006e8      0x35b CMakeFiles\I2C_SLAVE_AVR28_V2_X_default_default_XC8_compile.dir\C_\Git_repositories\PIB2025\AVR128DB32_I2C_Test.X\mcc_generated_files\i2c_host\src\twi1.c.o
 .debug_loc     0x0000000000000a43      0x3db CMakeFiles\I2C_SLAVE_AVR28_V2_X_default_default_XC8_compile.dir\C_\Git_repositories\PIB2025\AVR128DB32_I2C_Test.X\mcc_generated_files\nvm\src\nvm.c.o
 .debug_loc     0x0000000000000e1e       0xd3 CMakeFiles\I2C_SLAVE_AVR28_V2_X_default_default_XC8_compile.dir\C_\Git_repositories\PIB2025\AVR128DB32_I2C_Test.X\mcc_generated_files\power\src\power.c.o
 .debug_loc     0x0000000000000ef1      0x23b CMakeFiles\I2C_SLAVE_AVR28_V2_X_default_default_XC8_compile.dir\C_\Git_repositories\PIB2025\AVR128DB32_I2C_Test.X\mcc_generated_files\system\src\clock.c.o
 .debug_loc     0x000000000000112c       0x2a CMakeFiles\I2C_SLAVE_AVR28_V2_X_default_default_XC8_compile.dir\C_\Git_repositories\PIB2025\AVR128DB32_I2C_Test.X\mcc_generated_files\system\src\interrupt.c.o
 .debug_loc     0x0000000000001156       0x52 CMakeFiles\I2C_SLAVE_AVR28_V2_X_default_default_XC8_compile.dir\C_\Git_repositories\PIB2025\AVR128DB32_I2C_Test.X\mcc_generated_files\system\src\system.c.o
 .debug_loc     0x00000000000011a8       0x34 CMakeFiles\I2C_SLAVE_AVR28_V2_X_default_default_XC8_compile.dir\C_\Git_repositories\PIB2025\AVR128DB32_I2C_Test.X\mcc_generated_files\timer\src\tca0.c.o

.debug_macinfo
 *(.debug_macinfo)

.debug_weaknames
 *(.debug_weaknames)

.debug_funcnames
 *(.debug_funcnames)

.debug_typenames
 *(.debug_typenames)

.debug_varnames
 *(.debug_varnames)

.debug_pubtypes
 *(.debug_pubtypes)

.debug_ranges   0x0000000000000000      0x8b8
 *(.debug_ranges)
 .debug_ranges  0x0000000000000000       0x48 CMakeFiles\I2C_SLAVE_AVR28_V2_X_default_default_XC8_compile.dir\C_\Git_repositories\PIB2025\AVR128DB32_I2C_Test.X\Libraries\src\I2C.c.o
 .debug_ranges  0x0000000000000048       0x38 CMakeFiles\I2C_SLAVE_AVR28_V2_X_default_default_XC8_compile.dir\C_\Git_repositories\PIB2025\AVR128DB32_I2C_Test.X\Libraries\src\Timed_Functions.c.o
 .debug_ranges  0x0000000000000080      0x128 CMakeFiles\I2C_SLAVE_AVR28_V2_X_default_default_XC8_compile.dir\C_\Git_repositories\PIB2025\AVR128DB32_I2C_Test.X\main.c.o
 .debug_ranges  0x00000000000001a8      0x110 CMakeFiles\I2C_SLAVE_AVR28_V2_X_default_default_XC8_compile.dir\C_\Git_repositories\PIB2025\AVR128DB32_I2C_Test.X\mcc_generated_files\adc\src\adc0.c.o
 .debug_ranges  0x00000000000002b8       0x18 CMakeFiles\I2C_SLAVE_AVR28_V2_X_default_default_XC8_compile.dir\C_\Git_repositories\PIB2025\AVR128DB32_I2C_Test.X\mcc_generated_files\evsys\src\evsys.c.o
 .debug_ranges  0x00000000000002d0       0x58 CMakeFiles\I2C_SLAVE_AVR28_V2_X_default_default_XC8_compile.dir\C_\Git_repositories\PIB2025\AVR128DB32_I2C_Test.X\mcc_generated_files\i2c_client\src\twi0.c.o
 .debug_ranges  0x0000000000000328       0x98 CMakeFiles\I2C_SLAVE_AVR28_V2_X_default_default_XC8_compile.dir\C_\Git_repositories\PIB2025\AVR128DB32_I2C_Test.X\mcc_generated_files\i2c_host\src\twi1.c.o
 .debug_ranges  0x00000000000003c0       0x78 CMakeFiles\I2C_SLAVE_AVR28_V2_X_default_default_XC8_compile.dir\C_\Git_repositories\PIB2025\AVR128DB32_I2C_Test.X\mcc_generated_files\nvm\src\nvm.c.o
 .debug_ranges  0x0000000000000438       0x10 CMakeFiles\I2C_SLAVE_AVR28_V2_X_default_default_XC8_compile.dir\C_\Git_repositories\PIB2025\AVR128DB32_I2C_Test.X\mcc_generated_files\power\src\power.c.o
 .debug_ranges  0x0000000000000448       0x20 CMakeFiles\I2C_SLAVE_AVR28_V2_X_default_default_XC8_compile.dir\C_\Git_repositories\PIB2025\AVR128DB32_I2C_Test.X\mcc_generated_files\system\src\clock.c.o
 .debug_ranges  0x0000000000000468       0x10 CMakeFiles\I2C_SLAVE_AVR28_V2_X_default_default_XC8_compile.dir\C_\Git_repositories\PIB2025\AVR128DB32_I2C_Test.X\mcc_generated_files\system\src\interrupt.c.o
 .debug_ranges  0x0000000000000478      0x1c0 CMakeFiles\I2C_SLAVE_AVR28_V2_X_default_default_XC8_compile.dir\C_\Git_repositories\PIB2025\AVR128DB32_I2C_Test.X\mcc_generated_files\system\src\pins.c.o
 .debug_ranges  0x0000000000000638       0x18 CMakeFiles\I2C_SLAVE_AVR28_V2_X_default_default_XC8_compile.dir\C_\Git_repositories\PIB2025\AVR128DB32_I2C_Test.X\mcc_generated_files\system\src\system.c.o
 .debug_ranges  0x0000000000000650       0xb8 CMakeFiles\I2C_SLAVE_AVR28_V2_X_default_default_XC8_compile.dir\C_\Git_repositories\PIB2025\AVR128DB32_I2C_Test.X\mcc_generated_files\timer\src\rtc.c.o
 .debug_ranges  0x0000000000000708       0xf8 CMakeFiles\I2C_SLAVE_AVR28_V2_X_default_default_XC8_compile.dir\C_\Git_repositories\PIB2025\AVR128DB32_I2C_Test.X\mcc_generated_files\timer\src\tca0.c.o
 .debug_ranges  0x0000000000000800       0xa8 CMakeFiles\I2C_SLAVE_AVR28_V2_X_default_default_XC8_compile.dir\C_\Git_repositories\PIB2025\AVR128DB32_I2C_Test.X\mcc_generated_files\timer\src\tcb0.c.o
 .debug_ranges  0x00000000000008a8       0x10 CMakeFiles\I2C_SLAVE_AVR28_V2_X_default_default_XC8_compile.dir\C_\Git_repositories\PIB2025\AVR128DB32_I2C_Test.X\mcc_generated_files\vref\src\vref.c.o

.debug_macro
 *(.debug_macro)
OUTPUT(C:\Git_repositories\PIB2025\AVR128DB32_I2C_Test.X\out\I2C_SLAVE_AVR28_V2.X\default.elf elf32-avr)
LOAD linker stubs
LOAD data_init

.note.gnu.avr.deviceinfo
                0x0000000000000000       0x40
 .note.gnu.avr.deviceinfo
                0x0000000000000000       0x40 C:/Users/Niels/.mchp_packs/Microchip/AVR-Dx_DFP/2.7.321/xc8/avr/lib/avrxmega4/crtavr128db32.o

.bss.LTC2943_Error_Status_Array
                0x000000000080403c        0x7
 .bss.LTC2943_Error_Status_Array
                0x000000000080403c        0x7 CMakeFiles\I2C_SLAVE_AVR28_V2_X_default_default_XC8_compile.dir\C_\Git_repositories\PIB2025\AVR128DB32_I2C_Test.X\Libraries\src\I2C.c.o
                0x000000000080403c                LTC2943_Error_Status_Array

.bss.LTC2943_Shutdown
                0x00000000008040a2        0x1
 .bss.LTC2943_Shutdown
                0x00000000008040a2        0x1 CMakeFiles\I2C_SLAVE_AVR28_V2_X_default_default_XC8_compile.dir\C_\Git_repositories\PIB2025\AVR128DB32_I2C_Test.X\Libraries\src\I2C.c.o
                0x00000000008040a2                LTC2943_Shutdown

.bss.Current_LTC2943_ALCC_Pin_Mode
                0x00000000008040a3        0x1
 .bss.Current_LTC2943_ALCC_Pin_Mode
                0x00000000008040a3        0x1 CMakeFiles\I2C_SLAVE_AVR28_V2_X_default_default_XC8_compile.dir\C_\Git_repositories\PIB2025\AVR128DB32_I2C_Test.X\Libraries\src\I2C.c.o
                0x00000000008040a3                Current_LTC2943_ALCC_Pin_Mode

.bss.Drain_Counter.4807
                0x0000000000804043        0x2
 .bss.Drain_Counter.4807
                0x0000000000804043        0x2 CMakeFiles\I2C_SLAVE_AVR28_V2_X_default_default_XC8_compile.dir\C_\Git_repositories\PIB2025\AVR128DB32_I2C_Test.X\Libraries\src\Timed_Functions.c.o

.bss.LED_Step_Counter
                0x000000000080402c        0x8
 .bss.LED_Step_Counter
                0x000000000080402c        0x8 CMakeFiles\I2C_SLAVE_AVR28_V2_X_default_default_XC8_compile.dir\C_\Git_repositories\PIB2025\AVR128DB32_I2C_Test.X\Libraries\src\Timed_Functions.c.o
                0x000000000080402c                LED_Step_Counter

.bss.LED_Step_Index
                0x00000000008040a6        0x1
 .bss.LED_Step_Index
                0x00000000008040a6        0x1 CMakeFiles\I2C_SLAVE_AVR28_V2_X_default_default_XC8_compile.dir\C_\Git_repositories\PIB2025\AVR128DB32_I2C_Test.X\Libraries\src\Timed_Functions.c.o
                0x00000000008040a6                LED_Step_Index

.bss.Global_Timer
                0x0000000000804034        0x8
 .bss.Global_Timer
                0x0000000000804034        0x8 CMakeFiles\I2C_SLAVE_AVR28_V2_X_default_default_XC8_compile.dir\C_\Git_repositories\PIB2025\AVR128DB32_I2C_Test.X\Libraries\src\Timed_Functions.c.o
                0x0000000000804034                Global_Timer

.bss.problemflow
                0x00000000008040a7        0x1
 .bss.problemflow
                0x00000000008040a7        0x1 CMakeFiles\I2C_SLAVE_AVR28_V2_X_default_default_XC8_compile.dir\C_\Git_repositories\PIB2025\AVR128DB32_I2C_Test.X\main.c.o
                0x00000000008040a7                problemflow

.bss.flow       0x00000000008040a8        0x1
 .bss.flow      0x00000000008040a8        0x1 CMakeFiles\I2C_SLAVE_AVR28_V2_X_default_default_XC8_compile.dir\C_\Git_repositories\PIB2025\AVR128DB32_I2C_Test.X\main.c.o
                0x00000000008040a8                flow

.bss.ProblemEvent
                0x00000000008040a9        0x1
 .bss.ProblemEvent
                0x00000000008040a9        0x1 CMakeFiles\I2C_SLAVE_AVR28_V2_X_default_default_XC8_compile.dir\C_\Git_repositories\PIB2025\AVR128DB32_I2C_Test.X\main.c.o
                0x00000000008040a9                ProblemEvent

.bss.NextProblemState
                0x00000000008040aa        0x1
 .bss.NextProblemState
                0x00000000008040aa        0x1 CMakeFiles\I2C_SLAVE_AVR28_V2_X_default_default_XC8_compile.dir\C_\Git_repositories\PIB2025\AVR128DB32_I2C_Test.X\main.c.o
                0x00000000008040aa                NextProblemState

.bss.CurrentProblemState
                0x00000000008040ab        0x1
 .bss.CurrentProblemState
                0x00000000008040ab        0x1 CMakeFiles\I2C_SLAVE_AVR28_V2_X_default_default_XC8_compile.dir\C_\Git_repositories\PIB2025\AVR128DB32_I2C_Test.X\main.c.o
                0x00000000008040ab                CurrentProblemState

.bss.CurrentEvent
                0x00000000008040ac        0x1
 .bss.CurrentEvent
                0x00000000008040ac        0x1 CMakeFiles\I2C_SLAVE_AVR28_V2_X_default_default_XC8_compile.dir\C_\Git_repositories\PIB2025\AVR128DB32_I2C_Test.X\main.c.o
                0x00000000008040ac                CurrentEvent

.bss.Accumulated_Charge
                0x0000000000804047        0x2
 .bss.Accumulated_Charge
                0x0000000000804047        0x2 CMakeFiles\I2C_SLAVE_AVR28_V2_X_default_default_XC8_compile.dir\C_\Git_repositories\PIB2025\AVR128DB32_I2C_Test.X\main.c.o
                0x0000000000804047                Accumulated_Charge

.bss.Overtemp_Count
                0x00000000008040af        0x1
 .bss.Overtemp_Count
                0x00000000008040af        0x1 CMakeFiles\I2C_SLAVE_AVR28_V2_X_default_default_XC8_compile.dir\C_\Git_repositories\PIB2025\AVR128DB32_I2C_Test.X\main.c.o
                0x00000000008040af                Overtemp_Count

.bss.ADC0_Filled_All_Values
                0x00000000008040b0        0x1
 .bss.ADC0_Filled_All_Values
                0x00000000008040b0        0x1 CMakeFiles\I2C_SLAVE_AVR28_V2_X_default_default_XC8_compile.dir\C_\Git_repositories\PIB2025\AVR128DB32_I2C_Test.X\main.c.o
                0x00000000008040b0                ADC0_Filled_All_Values

.bss.Cell_Voltage_4_Result
                0x0000000000804049        0x2
 .bss.Cell_Voltage_4_Result
                0x0000000000804049        0x2 CMakeFiles\I2C_SLAVE_AVR28_V2_X_default_default_XC8_compile.dir\C_\Git_repositories\PIB2025\AVR128DB32_I2C_Test.X\main.c.o
                0x0000000000804049                Cell_Voltage_4_Result

.bss.Cell_Voltage_3_Result
                0x000000000080404b        0x2
 .bss.Cell_Voltage_3_Result
                0x000000000080404b        0x2 CMakeFiles\I2C_SLAVE_AVR28_V2_X_default_default_XC8_compile.dir\C_\Git_repositories\PIB2025\AVR128DB32_I2C_Test.X\main.c.o
                0x000000000080404b                Cell_Voltage_3_Result

.bss.Cell_Voltage_2_Result
                0x000000000080404d        0x2
 .bss.Cell_Voltage_2_Result
                0x000000000080404d        0x2 CMakeFiles\I2C_SLAVE_AVR28_V2_X_default_default_XC8_compile.dir\C_\Git_repositories\PIB2025\AVR128DB32_I2C_Test.X\main.c.o
                0x000000000080404d                Cell_Voltage_2_Result

.bss.Cell_Voltage_1_Result
                0x000000000080404f        0x2
 .bss.Cell_Voltage_1_Result
                0x000000000080404f        0x2 CMakeFiles\I2C_SLAVE_AVR28_V2_X_default_default_XC8_compile.dir\C_\Git_repositories\PIB2025\AVR128DB32_I2C_Test.X\main.c.o
                0x000000000080404f                Cell_Voltage_1_Result

.bss.Check_3v3_Result
                0x0000000000804051        0x2
 .bss.Check_3v3_Result
                0x0000000000804051        0x2 CMakeFiles\I2C_SLAVE_AVR28_V2_X_default_default_XC8_compile.dir\C_\Git_repositories\PIB2025\AVR128DB32_I2C_Test.X\main.c.o
                0x0000000000804051                Check_3v3_Result

.bss.Temp_Cell_4_Result
                0x0000000000804053        0x2
 .bss.Temp_Cell_4_Result
                0x0000000000804053        0x2 CMakeFiles\I2C_SLAVE_AVR28_V2_X_default_default_XC8_compile.dir\C_\Git_repositories\PIB2025\AVR128DB32_I2C_Test.X\main.c.o
                0x0000000000804053                Temp_Cell_4_Result

.bss.Temp_Cell_3_Result
                0x0000000000804055        0x2
 .bss.Temp_Cell_3_Result
                0x0000000000804055        0x2 CMakeFiles\I2C_SLAVE_AVR28_V2_X_default_default_XC8_compile.dir\C_\Git_repositories\PIB2025\AVR128DB32_I2C_Test.X\main.c.o
                0x0000000000804055                Temp_Cell_3_Result

.bss.Temp_Cell_2_Result
                0x0000000000804057        0x2
 .bss.Temp_Cell_2_Result
                0x0000000000804057        0x2 CMakeFiles\I2C_SLAVE_AVR28_V2_X_default_default_XC8_compile.dir\C_\Git_repositories\PIB2025\AVR128DB32_I2C_Test.X\main.c.o
                0x0000000000804057                Temp_Cell_2_Result

.bss.Temp_Cell_1_Result
                0x0000000000804059        0x2
 .bss.Temp_Cell_1_Result
                0x0000000000804059        0x2 CMakeFiles\I2C_SLAVE_AVR28_V2_X_default_default_XC8_compile.dir\C_\Git_repositories\PIB2025\AVR128DB32_I2C_Test.X\main.c.o
                0x0000000000804059                Temp_Cell_1_Result

.bss.ADC0_ThresholdCallback
                0x000000000080405b        0x2
 .bss.ADC0_ThresholdCallback
                0x000000000080405b        0x2 CMakeFiles\I2C_SLAVE_AVR28_V2_X_default_default_XC8_compile.dir\C_\Git_repositories\PIB2025\AVR128DB32_I2C_Test.X\mcc_generated_files\adc\src\adc0.c.o

.bss.ADC0_ConversionDoneCallback
                0x000000000080405d        0x2
 .bss.ADC0_ConversionDoneCallback
                0x000000000080405d        0x2 CMakeFiles\I2C_SLAVE_AVR28_V2_X_default_default_XC8_compile.dir\C_\Git_repositories\PIB2025\AVR128DB32_I2C_Test.X\mcc_generated_files\adc\src\adc0.c.o

.bss.isAddressByte.4034
                0x00000000008040b1        0x1
 .bss.isAddressByte.4034
                0x00000000008040b1        0x1 CMakeFiles\I2C_SLAVE_AVR28_V2_X_default_default_XC8_compile.dir\C_\Git_repositories\PIB2025\AVR128DB32_I2C_Test.X\mcc_generated_files\i2c_client\src\twi0.c.o

.bss.TWI0_InterruptHandler
                0x000000000080405f        0x2
 .bss.TWI0_InterruptHandler
                0x000000000080405f        0x2 CMakeFiles\I2C_SLAVE_AVR28_V2_X_default_default_XC8_compile.dir\C_\Git_repositories\PIB2025\AVR128DB32_I2C_Test.X\mcc_generated_files\i2c_client\src\twi0.c.o

.bss.twi0ErrorState
                0x00000000008040b2        0x1
 .bss.twi0ErrorState
                0x00000000008040b2        0x1 CMakeFiles\I2C_SLAVE_AVR28_V2_X_default_default_XC8_compile.dir\C_\Git_repositories\PIB2025\AVR128DB32_I2C_Test.X\mcc_generated_files\i2c_client\src\twi0.c.o

.bss.twi0matchedAddress
                0x0000000000804061        0x2
 .bss.twi0matchedAddress
                0x0000000000804061        0x2 CMakeFiles\I2C_SLAVE_AVR28_V2_X_default_default_XC8_compile.dir\C_\Git_repositories\PIB2025\AVR128DB32_I2C_Test.X\mcc_generated_files\i2c_client\src\twi0.c.o

.bss.twi1_Status
                0x0000000000804012        0xe
 .bss.twi1_Status
                0x0000000000804012        0xe CMakeFiles\I2C_SLAVE_AVR28_V2_X_default_default_XC8_compile.dir\C_\Git_repositories\PIB2025\AVR128DB32_I2C_Test.X\mcc_generated_files\i2c_host\src\twi1.c.o
                0x0000000000804012                twi1_Status

.bss.TWI1_Callback
                0x0000000000804063        0x2
 .bss.TWI1_Callback
                0x0000000000804063        0x2 CMakeFiles\I2C_SLAVE_AVR28_V2_X_default_default_XC8_compile.dir\C_\Git_repositories\PIB2025\AVR128DB32_I2C_Test.X\mcc_generated_files\i2c_host\src\twi1.c.o

.bss.LED_InterruptHandler
                0x0000000000804065        0x2
 .bss.LED_InterruptHandler
                0x0000000000804065        0x2 CMakeFiles\I2C_SLAVE_AVR28_V2_X_default_default_XC8_compile.dir\C_\Git_repositories\PIB2025\AVR128DB32_I2C_Test.X\mcc_generated_files\system\src\pins.c.o

.bss.Lader_Output_InterruptHandler
                0x0000000000804067        0x2
 .bss.Lader_Output_InterruptHandler
                0x0000000000804067        0x2 CMakeFiles\I2C_SLAVE_AVR28_V2_X_default_default_XC8_compile.dir\C_\Git_repositories\PIB2025\AVR128DB32_I2C_Test.X\mcc_generated_files\system\src\pins.c.o

.bss.EN_Batt_InterruptHandler
                0x0000000000804069        0x2
 .bss.EN_Batt_InterruptHandler
                0x0000000000804069        0x2 CMakeFiles\I2C_SLAVE_AVR28_V2_X_default_default_XC8_compile.dir\C_\Git_repositories\PIB2025\AVR128DB32_I2C_Test.X\mcc_generated_files\system\src\pins.c.o

.bss.EN_Lader_InterruptHandler
                0x000000000080406b        0x2
 .bss.EN_Lader_InterruptHandler
                0x000000000080406b        0x2 CMakeFiles\I2C_SLAVE_AVR28_V2_X_default_default_XC8_compile.dir\C_\Git_repositories\PIB2025\AVR128DB32_I2C_Test.X\mcc_generated_files\system\src\pins.c.o

.bss.EN_Int_Net_InterruptHandler
                0x000000000080406d        0x2
 .bss.EN_Int_Net_InterruptHandler
                0x000000000080406d        0x2 CMakeFiles\I2C_SLAVE_AVR28_V2_X_default_default_XC8_compile.dir\C_\Git_repositories\PIB2025\AVR128DB32_I2C_Test.X\mcc_generated_files\system\src\pins.c.o

.bss.Drain_Cell_4_InterruptHandler
                0x000000000080406f        0x2
 .bss.Drain_Cell_4_InterruptHandler
                0x000000000080406f        0x2 CMakeFiles\I2C_SLAVE_AVR28_V2_X_default_default_XC8_compile.dir\C_\Git_repositories\PIB2025\AVR128DB32_I2C_Test.X\mcc_generated_files\system\src\pins.c.o

.bss.Drain_Cell_3_InterruptHandler
                0x0000000000804071        0x2
 .bss.Drain_Cell_3_InterruptHandler
                0x0000000000804071        0x2 CMakeFiles\I2C_SLAVE_AVR28_V2_X_default_default_XC8_compile.dir\C_\Git_repositories\PIB2025\AVR128DB32_I2C_Test.X\mcc_generated_files\system\src\pins.c.o

.bss.Drain_Cell_2_InterruptHandler
                0x0000000000804073        0x2
 .bss.Drain_Cell_2_InterruptHandler
                0x0000000000804073        0x2 CMakeFiles\I2C_SLAVE_AVR28_V2_X_default_default_XC8_compile.dir\C_\Git_repositories\PIB2025\AVR128DB32_I2C_Test.X\mcc_generated_files\system\src\pins.c.o

.bss.Drain_Cell_1_InterruptHandler
                0x0000000000804075        0x2
 .bss.Drain_Cell_1_InterruptHandler
                0x0000000000804075        0x2 CMakeFiles\I2C_SLAVE_AVR28_V2_X_default_default_XC8_compile.dir\C_\Git_repositories\PIB2025\AVR128DB32_I2C_Test.X\mcc_generated_files\system\src\pins.c.o

.bss.EN_EXT_Balance_InterruptHandler
                0x0000000000804077        0x2
 .bss.EN_EXT_Balance_InterruptHandler
                0x0000000000804077        0x2 CMakeFiles\I2C_SLAVE_AVR28_V2_X_default_default_XC8_compile.dir\C_\Git_repositories\PIB2025\AVR128DB32_I2C_Test.X\mcc_generated_files\system\src\pins.c.o

.bss.BFG_Alert_InterruptHandler
                0x0000000000804079        0x2
 .bss.BFG_Alert_InterruptHandler
                0x0000000000804079        0x2 CMakeFiles\I2C_SLAVE_AVR28_V2_X_default_default_XC8_compile.dir\C_\Git_repositories\PIB2025\AVR128DB32_I2C_Test.X\mcc_generated_files\system\src\pins.c.o

.bss.IO_PF1_InterruptHandler
                0x000000000080407b        0x2
 .bss.IO_PF1_InterruptHandler
                0x000000000080407b        0x2 CMakeFiles\I2C_SLAVE_AVR28_V2_X_default_default_XC8_compile.dir\C_\Git_repositories\PIB2025\AVR128DB32_I2C_Test.X\mcc_generated_files\system\src\pins.c.o

.bss.IO_PF0_InterruptHandler
                0x000000000080407d        0x2
 .bss.IO_PF0_InterruptHandler
                0x000000000080407d        0x2 CMakeFiles\I2C_SLAVE_AVR28_V2_X_default_default_XC8_compile.dir\C_\Git_repositories\PIB2025\AVR128DB32_I2C_Test.X\mcc_generated_files\system\src\pins.c.o

.bss.IO_PD7_InterruptHandler
                0x000000000080407f        0x2
 .bss.IO_PD7_InterruptHandler
                0x000000000080407f        0x2 CMakeFiles\I2C_SLAVE_AVR28_V2_X_default_default_XC8_compile.dir\C_\Git_repositories\PIB2025\AVR128DB32_I2C_Test.X\mcc_generated_files\system\src\pins.c.o

.bss.IO_PD6_InterruptHandler
                0x0000000000804081        0x2
 .bss.IO_PD6_InterruptHandler
                0x0000000000804081        0x2 CMakeFiles\I2C_SLAVE_AVR28_V2_X_default_default_XC8_compile.dir\C_\Git_repositories\PIB2025\AVR128DB32_I2C_Test.X\mcc_generated_files\system\src\pins.c.o

.bss.IO_PD5_InterruptHandler
                0x0000000000804083        0x2
 .bss.IO_PD5_InterruptHandler
                0x0000000000804083        0x2 CMakeFiles\I2C_SLAVE_AVR28_V2_X_default_default_XC8_compile.dir\C_\Git_repositories\PIB2025\AVR128DB32_I2C_Test.X\mcc_generated_files\system\src\pins.c.o

.bss.IO_PD4_InterruptHandler
                0x0000000000804085        0x2
 .bss.IO_PD4_InterruptHandler
                0x0000000000804085        0x2 CMakeFiles\I2C_SLAVE_AVR28_V2_X_default_default_XC8_compile.dir\C_\Git_repositories\PIB2025\AVR128DB32_I2C_Test.X\mcc_generated_files\system\src\pins.c.o

.bss.IO_PD3_InterruptHandler
                0x0000000000804087        0x2
 .bss.IO_PD3_InterruptHandler
                0x0000000000804087        0x2 CMakeFiles\I2C_SLAVE_AVR28_V2_X_default_default_XC8_compile.dir\C_\Git_repositories\PIB2025\AVR128DB32_I2C_Test.X\mcc_generated_files\system\src\pins.c.o

.bss.IO_PD2_InterruptHandler
                0x0000000000804089        0x2
 .bss.IO_PD2_InterruptHandler
                0x0000000000804089        0x2 CMakeFiles\I2C_SLAVE_AVR28_V2_X_default_default_XC8_compile.dir\C_\Git_repositories\PIB2025\AVR128DB32_I2C_Test.X\mcc_generated_files\system\src\pins.c.o

.bss.IO_PD1_InterruptHandler
                0x000000000080408b        0x2
 .bss.IO_PD1_InterruptHandler
                0x000000000080408b        0x2 CMakeFiles\I2C_SLAVE_AVR28_V2_X_default_default_XC8_compile.dir\C_\Git_repositories\PIB2025\AVR128DB32_I2C_Test.X\mcc_generated_files\system\src\pins.c.o

.bss.IO_PC2_InterruptHandler
                0x000000000080408d        0x2
 .bss.IO_PC2_InterruptHandler
                0x000000000080408d        0x2 CMakeFiles\I2C_SLAVE_AVR28_V2_X_default_default_XC8_compile.dir\C_\Git_repositories\PIB2025\AVR128DB32_I2C_Test.X\mcc_generated_files\system\src\pins.c.o

.bss.IO_PC3_InterruptHandler
                0x000000000080408f        0x2
 .bss.IO_PC3_InterruptHandler
                0x000000000080408f        0x2 CMakeFiles\I2C_SLAVE_AVR28_V2_X_default_default_XC8_compile.dir\C_\Git_repositories\PIB2025\AVR128DB32_I2C_Test.X\mcc_generated_files\system\src\pins.c.o

.bss.IO_PF2_InterruptHandler
                0x0000000000804091        0x2
 .bss.IO_PF2_InterruptHandler
                0x0000000000804091        0x2 CMakeFiles\I2C_SLAVE_AVR28_V2_X_default_default_XC8_compile.dir\C_\Git_repositories\PIB2025\AVR128DB32_I2C_Test.X\mcc_generated_files\system\src\pins.c.o

.bss.IO_PF3_InterruptHandler
                0x0000000000804093        0x2
 .bss.IO_PF3_InterruptHandler
                0x0000000000804093        0x2 CMakeFiles\I2C_SLAVE_AVR28_V2_X_default_default_XC8_compile.dir\C_\Git_repositories\PIB2025\AVR128DB32_I2C_Test.X\mcc_generated_files\system\src\pins.c.o

.bss.Lader_Input_InterruptHandler
                0x0000000000804095        0x2
 .bss.Lader_Input_InterruptHandler
                0x0000000000804095        0x2 CMakeFiles\I2C_SLAVE_AVR28_V2_X_default_default_XC8_compile.dir\C_\Git_repositories\PIB2025\AVR128DB32_I2C_Test.X\mcc_generated_files\system\src\pins.c.o

.bss.RTC_PIT_isr_cb
                0x0000000000804097        0x2
 .bss.RTC_PIT_isr_cb
                0x0000000000804097        0x2 CMakeFiles\I2C_SLAVE_AVR28_V2_X_default_default_XC8_compile.dir\C_\Git_repositories\PIB2025\AVR128DB32_I2C_Test.X\mcc_generated_files\timer\src\rtc.c.o
                0x0000000000804097                RTC_PIT_isr_cb

.bss.RTC_CMP_isr_cb
                0x0000000000804099        0x2
 .bss.RTC_CMP_isr_cb
                0x0000000000804099        0x2 CMakeFiles\I2C_SLAVE_AVR28_V2_X_default_default_XC8_compile.dir\C_\Git_repositories\PIB2025\AVR128DB32_I2C_Test.X\mcc_generated_files\timer\src\rtc.c.o
                0x0000000000804099                RTC_CMP_isr_cb

.bss.RTC_OVF_isr_cb
                0x000000000080409b        0x2
 .bss.RTC_OVF_isr_cb
                0x000000000080409b        0x2 CMakeFiles\I2C_SLAVE_AVR28_V2_X_default_default_XC8_compile.dir\C_\Git_repositories\PIB2025\AVR128DB32_I2C_Test.X\mcc_generated_files\timer\src\rtc.c.o
                0x000000000080409b                RTC_OVF_isr_cb

.bss.TCB0_CAPT_isr_cb
                0x000000000080409d        0x2
 .bss.TCB0_CAPT_isr_cb
                0x000000000080409d        0x2 CMakeFiles\I2C_SLAVE_AVR28_V2_X_default_default_XC8_compile.dir\C_\Git_repositories\PIB2025\AVR128DB32_I2C_Test.X\mcc_generated_files\timer\src\tcb0.c.o

.bss.TCB0_OVF_isr_cb
                0x000000000080409f        0x2
 .bss.TCB0_OVF_isr_cb
                0x000000000080409f        0x2 CMakeFiles\I2C_SLAVE_AVR28_V2_X_default_default_XC8_compile.dir\C_\Git_repositories\PIB2025\AVR128DB32_I2C_Test.X\mcc_generated_files\timer\src\tcb0.c.o

.text.main      0x00000000000001d8      0x22c
 .text.main     0x00000000000001d8      0x22c CMakeFiles\I2C_SLAVE_AVR28_V2_X_default_default_XC8_compile.dir\C_\Git_repositories\PIB2025\AVR128DB32_I2C_Test.X\main.c.o
                0x00000000000001d8                main

.text.PIN_MANAGER_Initialize
                0x0000000000000404      0x1e4
 .text.PIN_MANAGER_Initialize
                0x0000000000000404      0x1e4 CMakeFiles\I2C_SLAVE_AVR28_V2_X_default_default_XC8_compile.dir\C_\Git_repositories\PIB2025\AVR128DB32_I2C_Test.X\mcc_generated_files\system\src\pins.c.o
                0x0000000000000404                PIN_MANAGER_Initialize

.text.ADC0_Conversion_Done
                0x00000000000005e8      0x1b0
 .text.ADC0_Conversion_Done
                0x00000000000005e8      0x1b0 CMakeFiles\I2C_SLAVE_AVR28_V2_X_default_default_XC8_compile.dir\C_\Git_repositories\PIB2025\AVR128DB32_I2C_Test.X\main.c.o
                0x00000000000005e8                ADC0_Conversion_Done

.text.__vector_18
                0x0000000000000798      0x186
 .text.__vector_18
                0x0000000000000798      0x186 CMakeFiles\I2C_SLAVE_AVR28_V2_X_default_default_XC8_compile.dir\C_\Git_repositories\PIB2025\AVR128DB32_I2C_Test.X\mcc_generated_files\i2c_client\src\twi0.c.o
                0x0000000000000798                __vector_18

.text.Update_LED_Sequencer
                0x000000000000091e      0x12c
 .text.Update_LED_Sequencer
                0x000000000000091e      0x12c CMakeFiles\I2C_SLAVE_AVR28_V2_X_default_default_XC8_compile.dir\C_\Git_repositories\PIB2025\AVR128DB32_I2C_Test.X\Libraries\src\Timed_Functions.c.o
                0x000000000000091e                Update_LED_Sequencer

.text.__vector_43
                0x0000000000000a4a      0x10e
 .text.__vector_43
                0x0000000000000a4a      0x10e CMakeFiles\I2C_SLAVE_AVR28_V2_X_default_default_XC8_compile.dir\C_\Git_repositories\PIB2025\AVR128DB32_I2C_Test.X\mcc_generated_files\i2c_host\src\twi1.c.o
                0x0000000000000a4a                __vector_43

.text           0x0000000000000b58       0xde
 .text          0x0000000000000b58       0xde c:/progra~1/microc~1/xc8/v3.10/avr/bin/../lib/gcc/avr/5.4.0/../../../../avr/lib/avrxmega4\libm.a(divsf3x.o)
                0x0000000000000b58                __divsf3x
                0x0000000000000b80                __divsf3_pse

.text           0x0000000000000c36       0xd4
 .text          0x0000000000000c36       0xd4 c:/progra~1/microc~1/xc8/v3.10/avr/bin/../lib/gcc/avr/5.4.0/../../../../avr/lib/avrxmega4\libm.a(mulsf3x.o)
                0x0000000000000c36                __mulsf3x
                0x0000000000000c5c                __mulsf3_pse

.text.Write_Control_REG
                0x0000000000000d0a       0xd0
 .text.Write_Control_REG
                0x0000000000000d0a       0xd0 CMakeFiles\I2C_SLAVE_AVR28_V2_X_default_default_XC8_compile.dir\C_\Git_repositories\PIB2025\AVR128DB32_I2C_Test.X\Libraries\src\I2C.c.o
                0x0000000000000d0a                Write_Control_REG

.text           0x0000000000000dda       0xce
 .text          0x0000000000000dda       0xce c:/progra~1/microc~1/xc8/v3.10/avr/bin/../lib/gcc/avr/5.4.0/../../../../avr/lib/avrxmega4\libm.a(addsf3x.o)
                0x0000000000000dda                __addsf3x

.text.__vector_8
                0x0000000000000ea8       0xc0
 .text.__vector_8
                0x0000000000000ea8       0xc0 CMakeFiles\I2C_SLAVE_AVR28_V2_X_default_default_XC8_compile.dir\C_\Git_repositories\PIB2025\AVR128DB32_I2C_Test.X\mcc_generated_files\system\src\pins.c.o
                0x0000000000000ea8                __vector_8

.text.ProblemEvents
                0x0000000000000f68       0xbe
 .text.ProblemEvents
                0x0000000000000f68       0xbe CMakeFiles\I2C_SLAVE_AVR28_V2_X_default_default_XC8_compile.dir\C_\Git_repositories\PIB2025\AVR128DB32_I2C_Test.X\main.c.o
                0x0000000000000f68                ProblemEvents

.text.__vector_24
                0x0000000000001026       0xb2
 .text.__vector_24
                0x0000000000001026       0xb2 CMakeFiles\I2C_SLAVE_AVR28_V2_X_default_default_XC8_compile.dir\C_\Git_repositories\PIB2025\AVR128DB32_I2C_Test.X\mcc_generated_files\system\src\pins.c.o
                0x0000000000001026                __vector_24

.text.DischargeCell
                0x00000000000010d8       0xaa
 .text.DischargeCell
                0x00000000000010d8       0xaa CMakeFiles\I2C_SLAVE_AVR28_V2_X_default_default_XC8_compile.dir\C_\Git_repositories\PIB2025\AVR128DB32_I2C_Test.X\main.c.o
                0x00000000000010d8                DischargeCell

.text.__vector_35
                0x0000000000001182       0xa4
 .text.__vector_35
                0x0000000000001182       0xa4 CMakeFiles\I2C_SLAVE_AVR28_V2_X_default_default_XC8_compile.dir\C_\Git_repositories\PIB2025\AVR128DB32_I2C_Test.X\mcc_generated_files\system\src\pins.c.o
                0x0000000000001182                __vector_35

.text.I2C_EVENT_RX
                0x0000000000001226       0x9a
 .text.I2C_EVENT_RX
                0x0000000000001226       0x9a CMakeFiles\I2C_SLAVE_AVR28_V2_X_default_default_XC8_compile.dir\C_\Git_repositories\PIB2025\AVR128DB32_I2C_Test.X\mcc_generated_files\i2c_host\src\twi1.c.o

.text.TempCheck
                0x00000000000012c0       0x98
 .text.TempCheck
                0x00000000000012c0       0x98 CMakeFiles\I2C_SLAVE_AVR28_V2_X_default_default_XC8_compile.dir\C_\Git_repositories\PIB2025\AVR128DB32_I2C_Test.X\main.c.o
                0x00000000000012c0                TempCheck

.text.Set_Error_Pattern
                0x0000000000001358       0x96
 .text.Set_Error_Pattern
                0x0000000000001358       0x96 CMakeFiles\I2C_SLAVE_AVR28_V2_X_default_default_XC8_compile.dir\C_\Git_repositories\PIB2025\AVR128DB32_I2C_Test.X\Libraries\src\Timed_Functions.c.o
                0x0000000000001358                Set_Error_Pattern

.text.BFG_Check
                0x00000000000013ee       0x90
 .text.BFG_Check
                0x00000000000013ee       0x90 CMakeFiles\I2C_SLAVE_AVR28_V2_X_default_default_XC8_compile.dir\C_\Git_repositories\PIB2025\AVR128DB32_I2C_Test.X\main.c.o
                0x00000000000013ee                BFG_Check

.text.CLOCK_Initialize
                0x000000000000147e       0x90
 .text.CLOCK_Initialize
                0x000000000000147e       0x90 CMakeFiles\I2C_SLAVE_AVR28_V2_X_default_default_XC8_compile.dir\C_\Git_repositories\PIB2025\AVR128DB32_I2C_Test.X\mcc_generated_files\system\src\clock.c.o
                0x000000000000147e                CLOCK_Initialize

.text.__vector_5
                0x000000000000150e       0x8e
 .text.__vector_5
                0x000000000000150e       0x8e CMakeFiles\I2C_SLAVE_AVR28_V2_X_default_default_XC8_compile.dir\C_\Git_repositories\PIB2025\AVR128DB32_I2C_Test.X\mcc_generated_files\timer\src\rtc.c.o
                0x000000000000150e                __vector_5

.text.__vector_30
                0x000000000000159c       0x88
 .text.__vector_30
                0x000000000000159c       0x88 CMakeFiles\I2C_SLAVE_AVR28_V2_X_default_default_XC8_compile.dir\C_\Git_repositories\PIB2025\AVR128DB32_I2C_Test.X\mcc_generated_files\system\src\pins.c.o
                0x000000000000159c                __vector_30

.text.__vector_14
                0x0000000000001624       0x84
 .text.__vector_14
                0x0000000000001624       0x84 CMakeFiles\I2C_SLAVE_AVR28_V2_X_default_default_XC8_compile.dir\C_\Git_repositories\PIB2025\AVR128DB32_I2C_Test.X\mcc_generated_files\timer\src\tcb0.c.o
                0x0000000000001624                __vector_14

.text.EVSYS_Initialize
                0x00000000000016a8       0x7c
 .text.EVSYS_Initialize
                0x00000000000016a8       0x7c CMakeFiles\I2C_SLAVE_AVR28_V2_X_default_default_XC8_compile.dir\C_\Git_repositories\PIB2025\AVR128DB32_I2C_Test.X\mcc_generated_files\evsys\src\evsys.c.o
                0x00000000000016a8                EVSYS_Initialize

.text           0x0000000000001724       0x7a
 .text          0x0000000000001724       0x7a c:/progra~1/microc~1/xc8/v3.10/avr/bin/../lib/gcc/avr/5.4.0/../../../../avr/lib/avrxmega4\libm.a(floatsisf.o)
                0x0000000000001724                __floatunsisf
                0x0000000000001728                __floatsisf

.text.TWI1_WriteRead
                0x000000000000179e       0x6e
 .text.TWI1_WriteRead
                0x000000000000179e       0x6e CMakeFiles\I2C_SLAVE_AVR28_V2_X_default_default_XC8_compile.dir\C_\Git_repositories\PIB2025\AVR128DB32_I2C_Test.X\mcc_generated_files\i2c_host\src\twi1.c.o
                0x000000000000179e                TWI1_WriteRead

.text.__vector_26
                0x000000000000180c       0x60
 .text.__vector_26
                0x000000000000180c       0x60 CMakeFiles\I2C_SLAVE_AVR28_V2_X_default_default_XC8_compile.dir\C_\Git_repositories\PIB2025\AVR128DB32_I2C_Test.X\mcc_generated_files\adc\src\adc0.c.o
                0x000000000000180c                __vector_26

.text.__vector_27
                0x000000000000186c       0x60
 .text.__vector_27
                0x000000000000186c       0x60 CMakeFiles\I2C_SLAVE_AVR28_V2_X_default_default_XC8_compile.dir\C_\Git_repositories\PIB2025\AVR128DB32_I2C_Test.X\mcc_generated_files\adc\src\adc0.c.o
                0x000000000000186c                __vector_27

.text.__vector_6
                0x00000000000018cc       0x60
 .text.__vector_6
                0x00000000000018cc       0x60 CMakeFiles\I2C_SLAVE_AVR28_V2_X_default_default_XC8_compile.dir\C_\Git_repositories\PIB2025\AVR128DB32_I2C_Test.X\mcc_generated_files\timer\src\rtc.c.o
                0x00000000000018cc                __vector_6

.text           0x000000000000192c       0x5e
 .text          0x000000000000192c       0x5e c:/progra~1/microc~1/xc8/v3.10/avr/bin/../lib/gcc/avr/5.4.0/../../../../avr/lib/avrxmega4\libm.a(fixunssfsi.o)
                0x000000000000192c                __fixunssfsi

.text.TWI1_Write
                0x000000000000198a       0x5c
 .text.TWI1_Write
                0x000000000000198a       0x5c CMakeFiles\I2C_SLAVE_AVR28_V2_X_default_default_XC8_compile.dir\C_\Git_repositories\PIB2025\AVR128DB32_I2C_Test.X\mcc_generated_files\i2c_host\src\twi1.c.o
                0x000000000000198a                TWI1_Write

.text.Get_LTC2943_REG_16
                0x00000000000019e6       0x5a
 .text.Get_LTC2943_REG_16
                0x00000000000019e6       0x5a CMakeFiles\I2C_SLAVE_AVR28_V2_X_default_default_XC8_compile.dir\C_\Git_repositories\PIB2025\AVR128DB32_I2C_Test.X\Libraries\src\I2C.c.o
                0x00000000000019e6                Get_LTC2943_REG_16

.text.ADC0_Initialize
                0x0000000000001a40       0x54
 .text.ADC0_Initialize
                0x0000000000001a40       0x54 CMakeFiles\I2C_SLAVE_AVR28_V2_X_default_default_XC8_compile.dir\C_\Git_repositories\PIB2025\AVR128DB32_I2C_Test.X\mcc_generated_files\adc\src\adc0.c.o
                0x0000000000001a40                ADC0_Initialize

.text.TCB0_Interrupt
                0x0000000000001a94       0x4c
 .text.TCB0_Interrupt
                0x0000000000001a94       0x4c CMakeFiles\I2C_SLAVE_AVR28_V2_X_default_default_XC8_compile.dir\C_\Git_repositories\PIB2025\AVR128DB32_I2C_Test.X\Libraries\src\Timed_Functions.c.o
                0x0000000000001a94                TCB0_Interrupt

.text.Get_LTC2943_REG_8
                0x0000000000001ae0       0x4a
 .text.Get_LTC2943_REG_8
                0x0000000000001ae0       0x4a CMakeFiles\I2C_SLAVE_AVR28_V2_X_default_default_XC8_compile.dir\C_\Git_repositories\PIB2025\AVR128DB32_I2C_Test.X\Libraries\src\I2C.c.o
                0x0000000000001ae0                Get_LTC2943_REG_8

.text.I2C_EVENT_TX
                0x0000000000001b2a       0x48
 .text.I2C_EVENT_TX
                0x0000000000001b2a       0x48 CMakeFiles\I2C_SLAVE_AVR28_V2_X_default_default_XC8_compile.dir\C_\Git_repositories\PIB2025\AVR128DB32_I2C_Test.X\mcc_generated_files\i2c_host\src\twi1.c.o

.text.POWER_LowPowerModeEnter
                0x0000000000001b72       0x48
 .text.POWER_LowPowerModeEnter
                0x0000000000001b72       0x48 CMakeFiles\I2C_SLAVE_AVR28_V2_X_default_default_XC8_compile.dir\C_\Git_repositories\PIB2025\AVR128DB32_I2C_Test.X\mcc_generated_files\power\src\power.c.o
                0x0000000000001b72                POWER_LowPowerModeEnter

.text           0x0000000000001bba       0x48
 .text          0x0000000000001bba       0x48 c:/progra~1/microc~1/xc8/v3.10/avr/bin/../lib/gcc/avr/5.4.0/../../../../avr/lib/avrxmega4\libm.a(fp_cmp.o)
                0x0000000000001bba                __fp_cmp

.text           0x0000000000001c02       0x44
 .text          0x0000000000001c02       0x44 c:/progra~1/microc~1/xc8/v3.10/avr/bin/../lib/gcc/avr/5.4.0/../../../../avr/lib/avrxmega4\libm.a(fp_split3.o)
                0x0000000000001c02                __fp_split3
                0x0000000000001c12                __fp_splitA

.text.Get_Active_Alerts
                0x0000000000001c46       0x40
 .text.Get_Active_Alerts
                0x0000000000001c46       0x40 CMakeFiles\I2C_SLAVE_AVR28_V2_X_default_default_XC8_compile.dir\C_\Git_repositories\PIB2025\AVR128DB32_I2C_Test.X\Libraries\src\I2C.c.o
                0x0000000000001c46                Get_Active_Alerts

.text.SelfCheck
                0x0000000000001c86       0x40
 .text.SelfCheck
                0x0000000000001c86       0x40 CMakeFiles\I2C_SLAVE_AVR28_V2_X_default_default_XC8_compile.dir\C_\Git_repositories\PIB2025\AVR128DB32_I2C_Test.X\main.c.o
                0x0000000000001c86                SelfCheck

.text.TCB0_Initialize
                0x0000000000001cc6       0x40
 .text.TCB0_Initialize
                0x0000000000001cc6       0x40 CMakeFiles\I2C_SLAVE_AVR28_V2_X_default_default_XC8_compile.dir\C_\Git_repositories\PIB2025\AVR128DB32_I2C_Test.X\mcc_generated_files\timer\src\tcb0.c.o
                0x0000000000001cc6                TCB0_Initialize

.text.Set_LTC2943_REG_16
                0x0000000000001d06       0x3c
 .text.Set_LTC2943_REG_16
                0x0000000000001d06       0x3c CMakeFiles\I2C_SLAVE_AVR28_V2_X_default_default_XC8_compile.dir\C_\Git_repositories\PIB2025\AVR128DB32_I2C_Test.X\Libraries\src\I2C.c.o
                0x0000000000001d06                Set_LTC2943_REG_16

.text.I2C_EVENT_STOP
                0x0000000000001d42       0x3c
 .text.I2C_EVENT_STOP
                0x0000000000001d42       0x3c CMakeFiles\I2C_SLAVE_AVR28_V2_X_default_default_XC8_compile.dir\C_\Git_repositories\PIB2025\AVR128DB32_I2C_Test.X\mcc_generated_files\i2c_host\src\twi1.c.o

.text.RTC_Initialize
                0x0000000000001d7e       0x3c
 .text.RTC_Initialize
                0x0000000000001d7e       0x3c CMakeFiles\I2C_SLAVE_AVR28_V2_X_default_default_XC8_compile.dir\C_\Git_repositories\PIB2025\AVR128DB32_I2C_Test.X\mcc_generated_files\timer\src\rtc.c.o
                0x0000000000001d7e                RTC_Initialize

.text.TCA0_Initialize
                0x0000000000001dba       0x3a
 .text.TCA0_Initialize
                0x0000000000001dba       0x3a CMakeFiles\I2C_SLAVE_AVR28_V2_X_default_default_XC8_compile.dir\C_\Git_repositories\PIB2025\AVR128DB32_I2C_Test.X\mcc_generated_files\timer\src\tca0.c.o
                0x0000000000001dba                TCA0_Initialize

.text.Set_LTC2943_REG_8
                0x0000000000001df4       0x36
 .text.Set_LTC2943_REG_8
                0x0000000000001df4       0x36 CMakeFiles\I2C_SLAVE_AVR28_V2_X_default_default_XC8_compile.dir\C_\Git_repositories\PIB2025\AVR128DB32_I2C_Test.X\Libraries\src\I2C.c.o
                0x0000000000001df4                Set_LTC2943_REG_8

.text.Overtemp  0x0000000000001e2a       0x36
 .text.Overtemp
                0x0000000000001e2a       0x36 CMakeFiles\I2C_SLAVE_AVR28_V2_X_default_default_XC8_compile.dir\C_\Git_repositories\PIB2025\AVR128DB32_I2C_Test.X\main.c.o
                0x0000000000001e2a                Overtemp

.text.SYSTEM_Initialize
                0x0000000000001e60       0x36
 .text.SYSTEM_Initialize
                0x0000000000001e60       0x36 CMakeFiles\I2C_SLAVE_AVR28_V2_X_default_default_XC8_compile.dir\C_\Git_repositories\PIB2025\AVR128DB32_I2C_Test.X\mcc_generated_files\system\src\system.c.o
                0x0000000000001e60                SYSTEM_Initialize

.text.Get_LTC2943_REG
                0x0000000000001e96       0x2e
 .text.Get_LTC2943_REG
                0x0000000000001e96       0x2e CMakeFiles\I2C_SLAVE_AVR28_V2_X_default_default_XC8_compile.dir\C_\Git_repositories\PIB2025\AVR128DB32_I2C_Test.X\Libraries\src\I2C.c.o
                0x0000000000001e96                Get_LTC2943_REG

.text.FixCountFail
                0x0000000000001ec4       0x2c
 .text.FixCountFail
                0x0000000000001ec4       0x2c CMakeFiles\I2C_SLAVE_AVR28_V2_X_default_default_XC8_compile.dir\C_\Git_repositories\PIB2025\AVR128DB32_I2C_Test.X\main.c.o
                0x0000000000001ec4                FixCountFail

.text.TWI1_Initialize
                0x0000000000001ef0       0x2c
 .text.TWI1_Initialize
                0x0000000000001ef0       0x2c CMakeFiles\I2C_SLAVE_AVR28_V2_X_default_default_XC8_compile.dir\C_\Git_repositories\PIB2025\AVR128DB32_I2C_Test.X\mcc_generated_files\i2c_host\src\twi1.c.o
                0x0000000000001ef0                TWI1_Initialize

.text.Set_LTC2943_REG
                0x0000000000001f1c       0x2a
 .text.Set_LTC2943_REG
                0x0000000000001f1c       0x2a CMakeFiles\I2C_SLAVE_AVR28_V2_X_default_default_XC8_compile.dir\C_\Git_repositories\PIB2025\AVR128DB32_I2C_Test.X\Libraries\src\I2C.c.o
                0x0000000000001f1c                Set_LTC2943_REG

.text.Update_Cell_Drain
                0x0000000000001f46       0x2a
 .text.Update_Cell_Drain
                0x0000000000001f46       0x2a CMakeFiles\I2C_SLAVE_AVR28_V2_X_default_default_XC8_compile.dir\C_\Git_repositories\PIB2025\AVR128DB32_I2C_Test.X\Libraries\src\Timed_Functions.c.o
                0x0000000000001f46                Update_Cell_Drain

.text.mV_to_CellVoltage
                0x0000000000001f70       0x2a
 .text.mV_to_CellVoltage
                0x0000000000001f70       0x2a CMakeFiles\I2C_SLAVE_AVR28_V2_X_default_default_XC8_compile.dir\C_\Git_repositories\PIB2025\AVR128DB32_I2C_Test.X\main.c.o
                0x0000000000001f70                mV_to_CellVoltage

.text.BFG_Result_to_Voltage
                0x0000000000001f9a       0x2a
 .text.BFG_Result_to_Voltage
                0x0000000000001f9a       0x2a CMakeFiles\I2C_SLAVE_AVR28_V2_X_default_default_XC8_compile.dir\C_\Git_repositories\PIB2025\AVR128DB32_I2C_Test.X\main.c.o
                0x0000000000001f9a                BFG_Result_to_Voltage

.text.ProblemEntry
                0x0000000000001fc4       0x2a
 .text.ProblemEntry
                0x0000000000001fc4       0x2a CMakeFiles\I2C_SLAVE_AVR28_V2_X_default_default_XC8_compile.dir\C_\Git_repositories\PIB2025\AVR128DB32_I2C_Test.X\main.c.o
                0x0000000000001fc4                ProblemEntry

.text.libgcc.div
                0x0000000000001fee       0x28
 .text.libgcc.div
                0x0000000000001fee       0x28 c:/progra~1/microc~1/xc8/v3.10/avr/bin/../lib/gcc/avr/5.4.0/avrxmega4\libgcc.a(_udivmodhi4.o)
                0x0000000000001fee                __udivmodhi4

.text.TWI0_Initialize
                0x0000000000002016       0x22
 .text.TWI0_Initialize
                0x0000000000002016       0x22 CMakeFiles\I2C_SLAVE_AVR28_V2_X_default_default_XC8_compile.dir\C_\Git_repositories\PIB2025\AVR128DB32_I2C_Test.X\mcc_generated_files\i2c_client\src\twi0.c.o
                0x0000000000002016                TWI0_Initialize

.text           0x0000000000002038       0x22
 .text          0x0000000000002038       0x22 c:/progra~1/microc~1/xc8/v3.10/avr/bin/../lib/gcc/avr/5.4.0/../../../../avr/lib/avrxmega4\libm.a(fp_round.o)
                0x0000000000002038                __fp_round

.text.TWI1_IsBusy
                0x000000000000205a       0x1e
 .text.TWI1_IsBusy
                0x000000000000205a       0x1e CMakeFiles\I2C_SLAVE_AVR28_V2_X_default_default_XC8_compile.dir\C_\Git_repositories\PIB2025\AVR128DB32_I2C_Test.X\mcc_generated_files\i2c_host\src\twi1.c.o
                0x000000000000205a                TWI1_IsBusy

.text.SLPCTRL_Initialize
                0x0000000000002078       0x1c
 .text.SLPCTRL_Initialize
                0x0000000000002078       0x1c CMakeFiles\I2C_SLAVE_AVR28_V2_X_default_default_XC8_compile.dir\C_\Git_repositories\PIB2025\AVR128DB32_I2C_Test.X\mcc_generated_files\system\src\system.c.o
                0x0000000000002078                SLPCTRL_Initialize

.text.CPUINT_Initialize
                0x0000000000002094       0x1a